
 Working directory              : /tmp/asmola/molpro.AarK6rKtza/
 Global scratch directory       : /tmp/asmola/molpro.AarK6rKtza/
 Wavefunction directory         : /home/asmola/wfu/
 Main file repository           : /tmp/asmola/molpro.AarK6rKtza/

 id        : uclcc

 Nodes                        nprocs
 vincent.theory.phys.ucl.ac.uk    1
 GA implementation: MPI file
 GA implementation (serial work in mppx): MPI file

 Using customized tuning parameters: mindgm=1; mindgv=20; mindgc=4; mindgr=1; noblas=0; minvec=7
 default implementation of scratch files=df  


 Variables initialized (1015), CPU time= 0.00 sec
 ***,Calculation of HOCl === MRCI
 memory,500,m;
 gprint,orbitals
 gthresh,energy=1.d-10,zero=1.d-14,thrint=1.d-14,oneint=1.d-14,twoint=1.d-14,prefac=1.d-20
 
 geometry={angstrom
 o
 h , 1, roh
 cl , 1, rocl, 2, alpha
 }
 
 roh = 1.00
 rocl = 1.0
 alpha = 170
 
 basis=aug-cc-pCVTZ-f12
 
 {multi;
 occ,11,3;                                                                     ! Defines the active space: 4 A' and 1 A'' orbitals.
 closed,5,1;                                                                     ! Defines the core orbitals to be frozen.
 wf,26,1,0;state,2;                                                              ! wf,nelect,irrep,spin2s
 wf,26,2,0;state,2;                                                              ! wf,nelect,irrep,spin2s
 natorb,2140.2;
 noextra}
 
 {MRCI-F12;
 occ,11,3;
 core,1,0;
 closed,5,1;
 wf,26,1,0;state,2;
 orbital,2140.2;
 maxiter,500,500}
 optg
 Commands initialized (818), CPU time= 0.01 sec, 672 directives.
 Default parameters read. Elapsed time= 0.05 sec

 Checking input...
 Passed
1


                                         ***  PROGRAM SYSTEM MOLPRO  ***
                                       Copyright, TTI GmbH Stuttgart, 2015
                                    Version 2022.1 linked Mar  3 2022 23:20:00


 **********************************************************************************************************************************
 LABEL *   Calculation of HOCl ==- MRCI                                                  
  (8 PROC) 64 bit serial version                                                         DATE: 12-Nov-25          TIME: 15:40:48  
 **********************************************************************************************************************************

 SHA1:             31073afc4d8441e10870424e0d77336a33bc4286
 **********************************************************************************************************************************

 Memory per process:       500 MW
 Total memory per node:    500 MW

 GA preallocation disabled
 GA check disabled

 Variable memory set to 500.0 MW



 THRESHOLDS:

 ZERO    =  1.00D-14  ONEINT  =  1.00D-14  TWOINT  =  1.00D-14  PREFAC  =  1.00D-20  XXXXXX  =  1.00D-09  EORDER  =  1.00D-04
 ENERGY  =  1.00D-10  ETEST   =  0.00D+00  EDENS   =  0.00D+00  THRDEDEF=  1.00D-06  GRADIENT=  1.00D-05  STEP    =  1.00D-03
 ORBITAL =  1.00D-05  CIVEC   =  1.00D-05  COEFF   =  1.00D-04  PRINTCI =  5.00D-02  PUNCHCI =  9.90D+01  OPTGRAD =  3.00D-04
 OPTENERG=  1.00D-06  OPTSTEP =  3.00D-04  THRGRAD =  1.00D-10  COMPRESS=  1.00D-11  VARMIN  =  1.00D-07  VARMAX  =  1.00D-03
 THRDOUB =  0.00D+00  THRDIV  =  1.00D-05  THRRED  =  1.00D-07  THRPSP  =  1.00D+00  THRDC   =  1.00D-10  THRCS   =  1.00D-10
 THRNRM  =  1.00D-08  THREQ   =  0.00D+00  THRDE   =  1.00D+00  THRREF  =  1.00D-05  SPARFAC =  1.00D+00  THRDLP  =  1.00D-07
 THRDIA  =  1.00D-10  THRDLS  =  1.00D-07  THRGPS  =  0.00D+00  THRKEX  =  0.00D+00  THRDIS  =  2.00D-01  THRVAR  =  1.00D-10
 THRLOC  =  1.00D-06  THRGAP  =  1.00D-06  THRLOCT = -1.00D+00  THRGAPT = -1.00D+00  THRORB  =  1.00D-06  THRMLTP =  0.00D+00
 THRCPQCI=  1.00D-10  KEXTA   =  0.00D+00  THRCOARS=  0.00D+00  SYMTOL  =  1.00D-06  GRADTOL =  1.00D-06  THROVL  =  1.00D-08
 THRORTH =  1.00D-08  THRDLOVL= -1.00D+00  GRID    =  1.00D-06  GRIDMAX =  1.00D-03  DTMAX   =  0.00D+00  THROCCDE=  1.00D-01
 THROCCDE=  1.00D-01  THRPRINT=  2.50D-01

 SETTING ROH            =         1.00000000                                  
 SETTING ROCL           =         1.00000000                                  
 SETTING ALPHA          =       170.00000000                                  
 SETTING BASIS          =    AUG-CC-PCVTZ-F12


 Recomputing integrals since basis changed


 Using spherical harmonics

 Library entry O      S cc-pCVTZ-F12         selected for orbital group  1
 Library entry O      P cc-pCVTZ-F12         selected for orbital group  1
 Library entry O      D cc-pCVTZ-F12         selected for orbital group  1
 Library entry O      D vtz-f12-diff         selected for orbital group  1
 Library entry O      F cc-pCVTZ-F12         selected for orbital group  1
 Library entry O      F vtz-f12-diff         selected for orbital group  1
 Library entry H      S cc-pVTZ-F12          selected for orbital group  2
 Library entry H      P cc-pVTZ-F12          selected for orbital group  2
 Library entry H      P vtz-f12-diff         selected for orbital group  2
 Library entry H      D cc-pVTZ-F12          selected for orbital group  2
 Library entry H      D vtz-f12-diff         selected for orbital group  2
 Library entry CL     S cc-pCVTZ-F12         selected for orbital group  3
 Library entry CL     P cc-pCVTZ-F12         selected for orbital group  3
 Library entry CL     D cc-pCVTZ-F12         selected for orbital group  3
 Library entry CL     D vtz-f12-diff         selected for orbital group  3
 Library entry CL     F cc-pCVTZ-F12         selected for orbital group  3
 Library entry CL     F vtz-f12-diff         selected for orbital group  3


 PROGRAM * SEWARD (Integral evaluation for generally contracted gaussian basis sets)     Author: Roland Lindh, 1990

 Geometry written to block  1 of record 700

 Orientation using atomic masses  
 Molecule type: Asymmetric top
 Symmetry elements: X
 Rotational constants:      36.5584080     36.6214929  21222.5520233 GHz  (calculated with average atomic masses)

 Point group  Cs  



 ATOMIC COORDINATES

 NR  ATOM    CHARGE       X              Y              Z

   1  O       8.00    0.000000000   -0.032200348    1.240929697
   2  H       1.00    0.000000000    0.257050829    3.108387483
   3  CL     17.00    0.000000000    0.007223491   -0.648385149

 Bond lengths in Bohr (Angstrom)

 1-2  1.889726125  1-3  1.889726125
     ( 1.000000000)     ( 1.000000000)

 Bond angles

  2-1-3  170.00000000

 NUCLEAR CHARGE:                   26
 NUMBER OF PRIMITIVE AOS:         264
 NUMBER OF SYMMETRY AOS:          230
 NUMBER OF CONTRACTIONS:          190   (  124A'  +   66A"  )
 NUMBER OF INNER CORE ORBITALS:     1   (    1A'  +    0A"  )
 NUMBER OF OUTER CORE ORBITALS:     5   (    4A'  +    1A"  )
 NUMBER OF VALENCE ORBITALS:        9   (    7A'  +    2A"  )


 NUCLEAR REPULSION ENERGY   80.71670632


 Eigenvalues of metric

         1 0.188E-04 0.200E-04 0.231E-04 0.353E-04 0.471E-04 0.656E-04 0.918E-04 0.114E-03
         2 0.200E-04 0.934E-04 0.383E-03 0.102E-02 0.271E-02 0.476E-02 0.671E-02 0.694E-02


 Contracted 2-electron integrals neglected if value below      1.0D-14
 AO integral compression algorithm  1   Integral accuracy      1.0D-14

     661.389 MB (compressed) written to integral file ( 73.2%)


 NUMBER OF SORTED TWO-ELECTRON INTEGRALS:   83886241.     BUFFER LENGTH:  32768
 NUMBER OF SEGMENTS:   6  SEGMENT LENGTH:   15998319      RECORD LENGTH: 524288

 Memory used in sort:      16.56 MW

 SORT1 READ   112955087. AND WROTE    77995198. INTEGRALS IN    225 RECORDS. CPU TIME:     0.86 SEC, REAL TIME:     1.21 SEC
 SORT2 READ    77995198. AND WROTE    83886241. INTEGRALS IN   2523 RECORDS. CPU TIME:     0.95 SEC, REAL TIME:     1.22 SEC

 FILE SIZES:   FILE 1:   692.4 MBYTE,  FILE 4:   943.8 MBYTE,   TOTAL:   1636.1 MBYTE

 OPERATOR DM      FOR CENTER  0  COORDINATES:    0.000000    0.000000    0.000000


 **********************************************************************************************************************************
 DATASETS  * FILE   NREC   LENGTH (MB)   RECORD NAMES
              1      19      505.60       500      610      700      900      950      970     1000      129      960     1100   
                                          VAR    BASINP    GEOM    SYMINP    ZMAT    AOBASIS   BASIS     P2S    ABASIS      S 
                                         1400     1410     1200     1210     1080     1600     1650     1300     1700   
                                           T        V       H0       H01     AOSYM     SMH    MOLCAS    ERIS     OPER   

 PROGRAMS   *        TOTAL       INT
 CPU TIMES  *        39.43     39.31
 REAL TIME  *        10.23 SEC
 DISK USED  *         1.52 GB
 **********************************************************************************************************************************

 PROGRAM * MULTI (Direct Multiconfiguration SCF)       Authors: P.J. Knowles, H.-J. Werner (1984)
                                                                D.A. Kreplin, P.J. Knowles, H.-J. Werner (2019)

 Number of closed-shell orbitals:   6 (    5    1)
 Number of active  orbitals:        8 (    6    2)
 Number of external orbitals:     176 (  113   63)

 State symmetry 1

 Number of active electrons:  14    Spin symmetry=Singlet   Space symmetry=1
 Number of states:             2
 Number of CSFs:              24   (40 determinants, 64 intermediate states)

 State symmetry 2

 Number of active electrons:  14    Spin symmetry=Singlet   Space symmetry=2
 Number of states:             2
 Number of CSFs:              12   (24 determinants, 64 intermediate states)

 Orbital guess generated from atomic densities. Full valence occupancy:   12   3

 Wavefunction dump at record             2140.2

 Convergence thresholds  0.10E-04 (gradient)  0.10E-09 (energy)

 Weight factors for state symmetry  1:    0.25000   0.25000
 Weight factors for state symmetry  2:    0.25000   0.25000
 
 Number of orbital rotations:  1464  ( 32 closed/active, 628 closed/virtual, 0 active/active, 804 active/virtual )
 Total number of variables:    1592
 
 Second-order MCSCF: L-BFGS accelerated
 
 ITER  MIC  NCI  NEG     ENERGY(VAR)    ENERGY(PROJ) ENERGY CHANGE       GRAD(0)  GRAD(ORB)   GRAD(CI)      STEP      TIME
   1   60   32    0   -533.79209864    -533.85458384   -0.06248520    0.41956426 0.00053227 0.00000000  0.39E+00      2.03
   2   14   16    0   -533.83383463    -533.84333278   -0.00949815    0.27248683 0.00005408 0.00000000  0.83E-01      3.45
   3   13   14    0   -533.84350563    -533.84352009   -0.00001447    0.00512725 0.00000413 0.00000000  0.83E-02      4.87
   4   22   18    0   -533.84352015    -533.84352015   -0.00000000    0.00002253 0.00000000 0.00000000  0.79E-04      6.38
   5    9   10    0   -533.84352015    -533.84352015   -0.00000000    0.00000000 0.00000000 0.00000000  0.55E-08      7.76
   6    2    4    0   -533.84352015    -533.84352015   -0.00000000    0.00000000 0.00000000 0.00000000  0.44E-11      9.02

 CONVERGENCE REACHED!  Final gradient:    0.00000000 ( 0.10E-10)
                       Final energy:   -533.84352015
 
 Results for state 1.1
 =====================
 !MCSCF STATE 1.1 Energy                      -533.946571256497
 Nuclear energy                                 80.71670632
 Kinetic energy                                540.57995665
 One electron energy                          -899.24077250
 Two electron energy                           284.57749493
 Virial ratio                                    1.98772913
 
 !MCSCF STATE 1.1 Dipole moment                  0.00000000     0.17183565     2.70303819
 Dipole moment /Debye                            0.00000000     0.43676266     6.87043779
 
 Results for state 2.1
 =====================
 !MCSCF STATE 2.1 Energy                      -533.898775737664
 Nuclear energy                                 80.71670632
 Kinetic energy                                539.06271593
 One electron energy                          -893.34181181
 Two electron energy                           278.72632976
 Virial ratio                                    1.99042052
 
 !MCSCF STATE 2.1 Dipole moment                  0.00000000    -0.29581396    -0.61402372
 Dipole moment /Debye                            0.00000000    -0.75188409    -1.56069261
 
 Results for state 1.2
 =====================
 !MCSCF STATE 1.2 Energy                      -533.901371522980
 Nuclear energy                                 80.71670632
 Kinetic energy                                539.05786553
 One electron energy                          -893.26884857
 Two electron energy                           278.65077073
 Virial ratio                                    1.99043425
 
 !MCSCF STATE 1.2 Dipole moment                  0.00000000    -0.25938291    -0.70356453
 Dipole moment /Debye                            0.00000000    -0.65928560    -1.78828266
 
 Results for state 2.2
 =====================
 !MCSCF STATE 2.2 Energy                      -533.627362098098
 Nuclear energy                                 80.71670632
 Kinetic energy                                537.29669549
 One electron energy                          -886.72096282
 Two electron energy                           272.37689440
 Virial ratio                                    1.99317075
 
 !MCSCF STATE 2.2 Dipole moment                  0.00000000    -0.66457505    -4.09002888
 Dipole moment /Debye                            0.00000000    -1.68918128   -10.39581649
 
 State-averaged charge density matrix saved on record 2140.2 (density set 1)
 
 Expectation values: (only non-zero values are shown)
 
 !MCSCF expec                       <1.1|DMY|1.1>     0.171835649945 au =     0.436762657216 Debye
 !MCSCF expec                       <2.1|DMY|2.1>    -0.295813961561 au =    -0.751884093520 Debye
 !MCSCF expec                       <1.2|DMY|1.2>    -0.259382910820 au =    -0.659285598783 Debye
 !MCSCF expec                       <2.2|DMY|2.2>    -0.664575047691 au =    -1.689181283642 Debye
 
 !MCSCF expec                       <1.1|DMZ|1.1>     2.703038190862 au =     6.870437788532 Debye
 !MCSCF expec                       <2.1|DMZ|2.1>    -0.614023715180 au =    -1.560692612517 Debye
 !MCSCF expec                       <1.2|DMZ|1.2>    -0.703564530656 au =    -1.788282664458 Debye
 !MCSCF expec                       <2.2|DMZ|2.2>    -4.090028883802 au =   -10.395816490667 Debye
 
 Transition values: (only non-zero values with the ground state are shown)
 
 !MCSCF trans                       <1.1|DMX|1.2>    -0.211907679981 au =    -0.538615598235 Debye
 !MCSCF trans                       <1.1|DMX|2.2>    -0.017615969553 au =    -0.044775328483 Debye
 
 !MCSCF trans                       <1.1|DMY|2.1>    -0.161336749890 au =    -0.410077115031 Debye
 
 !MCSCF trans                       <1.1|DMZ|2.1>     0.523741358850 au =     1.331217751724 Debye
 
  NATURAL ORBITALS (STATE AVERAGED)
  =================================

  Orbital  Occupation    Energy    Cen Mu Typ  Coefficients
    1.1     2.00000  -104.99361     3  1  s    0.99986
    2.1     2.00000   -20.75987     1  1  s    1.00176
    3.1     2.00000   -10.74598     3  2  s    0.99566
    4.1     2.00000    -8.22569     3  1  pz   1.01189
    5.1     2.00000    -8.19968     3  1  py   1.00100
    6.1     1.99999    -1.84264     1  2  s    0.51190    1  1  pz  -0.48894    3  3  s    0.77845    3  5  s   -0.29621
                                    3  2  pz   0.47755    3  4  pz  -0.28981
    7.1     1.99983    -1.22491     1  2  s    0.72412    2  1  s    0.27903    3  3  s   -0.51789    3  2  pz   0.72621
    8.1     1.99890    -1.03712     1  1  pz  -0.73372    2  1  s   -0.56800    2  3  s    0.37386    3  5  s   -0.25167
                                    3  2  pz   0.80896    3  4  pz  -0.28693
    9.1     1.99820    -1.04832     1  1  py   0.78382    3  2  py   0.61760
   10.1     1.50173    -0.31556     1  1  py  -0.51931    3  2  py   0.80010
   11.1     1.00141    -0.04968     1  2  s   -0.30721    1  5  s   -0.84630    1  6  s   -1.94055    1  5  pz   0.71792
                                    1  6  pz   0.81448    2  3  s   -0.27017    2  4  s   -0.30453    3  6  s    1.35828
                                    3  7  s    2.39275    3  4  pz   0.36077    3  5  pz   0.75569    3  6  pz   0.36745
    1.2     2.00000    -8.20161     3  1  px   1.00440
    2.2     1.99822    -1.04465     1  1  px   0.79152    3  2  px   0.62104
    3.2     1.50172    -0.31425     1  1  px  -0.52250    3  2  px   0.79678
 
 Natural orbital dump (state averaged) at molpro section 2140.2 (Orbital set 2)


 **********************************************************************************************************************************
 DATASETS  * FILE   NREC   LENGTH (MB)   RECORD NAMES
              1      20      528.41       500      610      700      900      950      970     1000      129      960     1100   
                                          VAR    BASINP    GEOM    SYMINP    ZMAT    AOBASIS   BASIS     P2S    ABASIS      S 
                                         1400     1410     1200     1210     1080     1600     1650     1300     1700     1380   
                                           T        V       H0       H01     AOSYM     SMH    MOLCAS    ERIS     OPER     JKOP   

              2       4        0.93       700     1000      520     2140   
                                         GEOM     BASIS   MCVARS    MCSCF   

 PROGRAMS   *        TOTAL     MULTI       INT
 CPU TIMES  *        98.76     59.34     39.31
 REAL TIME  *        21.07 SEC
 DISK USED  *         1.52 GB
 **********************************************************************************************************************************


 PROGRAM * MRCI-F12     (Explicitly correlated MRCI)                      Authors: T. Shiozaki, H.-J. Werner,  2010
   using * CI           (Multireference internally contracted CI)         Authors: H.-J. Werner, P.J. Knowles, 1987

 Basis set VTZ-F12/JKFIT generated.      Number of basis functions:   296 
 Basis set CC-PCVTZ-F12/OPTRI generated. Number of basis functions:   253 
 Basis set AUG-CC-PCVTZ-F12/MP2FIT generated. Number of basis functions:   383 

 Deleting transformed integrals

 Convergence thresholds:  THRVAR = 1.00D-14  THRDEN = 1.00D-10

 Number of optimized states: 2  Roots:    1   2
 Number of reference states: 2  Roots:    1   2

 Reference symmetry:                   1   Singlet 
 Number of electrons:                 26
 Maximum number of shells:             4
 Maximum number of spin couplings:     5

 Reference space:       24 conf       24 CSFs
 N elec internal:       91 conf       91 CSFs
 N-1 el internal:      412 conf      688 CSFs
 N-2 el internal:     1186 conf     3834 CSFs

 Number of electrons in valence space:                     24
 Maximum number of open shell orbitals in reference space:  2
 Maximum number of open shell orbitals in internal spaces:  6


 Number of core orbitals:           1 (   1   0 )
 Number of closed-shell orbitals:   5 (   4   1 )
 Number of active  orbitals:        8 (   6   2 )
 Number of external orbitals:     176 ( 113  63 )

 Molecular orbitals read from record     2140.2  Type=MCSCF/NATURAL (state averaged)
 Geminal basis:    OPTFULL  GEM_TYPE=SLATER  BETA=1.0  NGEM=6

 Optimizing Gaussian exponents for each gem_beta

 Geminal optimization for beta= 1.0000
 Weight function:   m=0, omega= 1.4646

 Augmented Hessian optimization of geminal fit. Trust ratio= 0.40000
 Convergence reached after   2 iterations. Final gradient= 8.66D-16, Step= 4.23D-06, Delta= 1.28D-09

 Alpha:                 0.19532     0.81920     2.85917     9.50073    35.69989   197.79328
 Coeff:                 0.27070     0.30552     0.18297     0.10986     0.06810     0.04224

 Basis F12-ABS           EwMin=  1.70E-04  EwMax=  6.42E+00  EwRatio=  2.65E-05
 Basis F12-CABS          EwMin=  4.96E-08  EwMax=  1.00E+00  EwRatio=  1.70E-04

 Symmetry-adapted CABS vectors are used:157 96

 Integral transformation finished. Total CPU:   5.60 sec, npass=  1  Memory used:   1.95 MW

 Number of p-space configurations:   4

 Reference wavefunction optimized for reference space (refopt=1)

 State     Reference Energy 
     1      -533.94657126
     2      -533.89877574

 Weight factors for SA-density in H0:    0.500000  0.500000

 FIMAX=  0.37D+00  FXMAX=  0.63D-01  DIAG=  F  F  NOREF=1  NOINT=0  IHPPD=0

 Nuclear energy:                      80.71670632
 Core energy:                       -287.45420728
 Zeroth-order valence energy:       -123.27733992   -123.06072717
 Zeroth-order total energy:         -330.01484088   -329.79822814
 First-order energy:                -203.93173038   -204.10054760

 Performing an extended multi-state calculation

 Feff
              1             2
    1  -123.2773399    -0.0212913
    2    -0.0212913  -123.0607272

 Rotated reference energies:

 E0(1) =   -330.01691381     Eref(1) =   -533.94612245     Eigenvector: -0.9953 -0.0969
 E0(2) =   -329.79615521     Eref(2) =   -533.89922454     Eigenvector:  0.0969 -0.9953

 CPU time for CABS construction                             0.00 seconds

 AO(A)-basis ORBITAL           loaded. Number of functions:     190
 RI(R)-basis CC-PCVTZ-F12/OPTRIloaded. Number of functions:     253
 DF-basis VTZ-F12/JKFIT        loaded. Number of functions:     296

 Screening thresholds:   THRAO=  1.00D-10  THRMO=  1.00D-10  THRPROD=  1.00D-10
                         THRSW=  1.00D-07  THROV=  1.00D-12  THRAOF12= 1.00D-08

 CPU time for Fock matrix formation                         2.24 seconds
 CPU time for orbital space definition                      0.08 seconds

 AO(A)-basis ORBITAL           loaded. Number of functions:     190
 RI(R)-basis CC-PCVTZ-F12/OPTRIloaded. Number of functions:     253
 DF-basis AUG-CC-PCVTZ-F12/MP2Floaded. Number of functions:     383

 Screening thresholds:   THRAO=  1.00D-10  THRMO=  1.00D-10  THRPROD=  1.00D-10
                         THRSW=  1.00D-07  THROV=  1.00D-12  THRAOF12= 1.00D-08

 CPU time for F12 integral evaluation                      23.57 seconds

 CPU time for 2-ext Coulomb integrals J_XX        1.16 sec, Elapsed time=      0.29 sec
 CPU time for 2-ext Coulomb integrals J_XX(AO)    1.07 sec, Elapsed time=      0.29 sec
 CPU time for 2-ext Coulomb integrals J_XX(AO)    0.84 sec, Elapsed time=      0.21 sec
 CPU time for 2-ext Coulomb integrals J_XX(AO)    1.03 sec, Elapsed time=      0.28 sec

 CPU time for 2-ext Coulomb integrals J_Xo        0.87 sec, Elapsed time=      0.25 sec
 CPU time for 2-ext Coulomb integrals J_Xo(AO)    0.64 sec, Elapsed time=      0.18 sec

 CPU time for F12 integral evaluation (CABS singles)        7.24 seconds
 CPU time for F12 integral contraction                      0.67 seconds
   1 1       -0.4616011448
   1 2       -0.0024064829
   2 1       -0.0024064829
   2 2       -0.3997749467
 CPU time for K(F) computation                             16.47 seconds

  Semi-internal contributions
  ================================

 CPU time for F12 semi-internal treatment                   0.42 seconds
 CPU time for C matrix preparation                          0.22 seconds
 Number of N-2 electron functions:     337
 Number of N-1 electron functions:     688

 Number of internal configurations:                   61
 Number of singly external configurations:         63144
 Number of doubly external configurations:       2672553
 Total number of contracted configurations:      2735758
 Total number of uncontracted configurations:   30065555

 Diagonal Coupling coefficients finished.               Storage:  558067 words, CPU-Time:      0.77 seconds.
 Energy denominators for pairs finished in 1 passes.    Storage: 1532868 words, CPU-time:      0.33 seconds.

  ITER. STATE  ROOT     SQ.NORM     CORR.ENERGY   TOTAL ENERGY   ENERGY CHANGE       DEN1      VAR(S)    VAR(P)      TIME
    1     1     1     1.00000000     0.00000000  -533.94612245     0.00000000    -0.86891779  0.59D-01  0.97D-01    61.21
    1     2     2     1.00000000     0.00000000  -533.89922454     0.00000000    -0.82504553  0.42D-01  0.91D-01    61.21
    2     1     1     1.09992598    -0.83168212  -534.77780457    -0.83168212    -0.03338335  0.11D-01  0.20D-02   134.97
    2     2     2     1.09108597    -0.81050099  -534.70972553    -0.81050099    -0.02085467  0.64D-02  0.16D-02   134.97
    3     1     1     1.08887100    -0.86291176  -534.80903421    -0.03122964    -0.00103815  0.14D-03  0.14D-03   210.10
    3     2     2     1.08216629    -0.83071600  -534.72994054    -0.02021501    -0.00069591  0.10D-03  0.10D-03   210.10
    4     1     1     1.08789413    -0.86406467  -534.81018713    -0.00115291    -0.00006901  0.53D-05  0.11D-04   284.43
    4     2     2     1.08126998    -0.83152759  -534.73075213    -0.00081159    -0.00006076  0.10D-04  0.86D-05   284.43
    5     1     1     1.08842443    -0.86414471  -534.81026717    -0.00008004    -0.00000599  0.47D-06  0.96D-06   360.96
    5     2     2     1.08161971    -0.83159939  -534.73082393    -0.00007180    -0.00000525  0.52D-06  0.82D-06   360.96
    6     1     1     1.08851699    -0.86415166  -534.81027412    -0.00000695    -0.00000068  0.61D-07  0.11D-06   439.78
    6     2     2     1.08159282    -0.83160538  -534.73082992    -0.00000599    -0.00000058  0.49D-07  0.97D-07   439.78
    7     1     1     1.08852950    -0.86415244  -534.81027490    -0.00000078    -0.00000009  0.61D-08  0.15D-07   514.77
    7     2     2     1.08157855    -0.83160605  -534.73083059    -0.00000067    -0.00000008  0.93D-08  0.13D-07   514.77
    8     1     1     1.08853609    -0.86415254  -534.81027500    -0.00000010    -0.00000001  0.11D-08  0.21D-08   588.93
    8     2     2     1.08158233    -0.83160614  -534.73083068    -0.00000009    -0.00000001  0.13D-08  0.21D-08   588.93
    9     1     1     1.08853947    -0.86415256  -534.81027501    -0.00000001    -0.00000000  0.21D-09  0.32D-09   667.59
    9     2     2     1.08158354    -0.83160616  -534.73083070    -0.00000001    -0.00000000  0.20D-09  0.36D-09   667.59
   10     1     1     1.08854002    -0.86415256  -534.81027501    -0.00000000    -0.00000000  0.29D-10  0.59D-10   744.76
   10     2     2     1.08158385    -0.83160616  -534.73083070    -0.00000000    -0.00000000  0.42D-10  0.67D-10   744.76
   11     1     1     1.08854013    -0.86415256  -534.81027501    -0.00000000    -0.00000000  0.56D-11  0.11D-10   818.27
   11     2     2     1.08158404    -0.83160616  -534.73083070    -0.00000000    -0.00000000  0.84D-11  0.13D-10   818.27
   12     1     1     1.08854033    -0.86415256  -534.81027501    -0.00000000    -0.00000000  0.12D-11  0.20D-11   892.67
   12     2     2     1.08158413    -0.83160616  -534.73083070    -0.00000000    -0.00000000  0.15D-11  0.26D-11   892.67
   13     1     1     1.08854036    -0.86415256  -534.81027501    -0.00000000    -0.00000000  0.21D-12  0.38D-12   965.94
   13     2     2     1.08158415    -0.83160616  -534.73083070    -0.00000000    -0.00000000  0.33D-12  0.54D-12   965.94
   14     1     1     1.08854036    -0.86415256  -534.81027501    -0.00000000    -0.00000000  0.41D-13  0.75D-13  1041.03
   14     2     2     1.08158416    -0.83160616  -534.73083070    -0.00000000    -0.00000000  0.71D-13  0.11D-12  1041.03
   15     1     1     1.08854037    -0.86415256  -534.81027501    -0.00000000    -0.00000000  0.80D-14  0.15D-13  1115.03
   15     2     2     1.08158416    -0.83160616  -534.73083070    -0.00000000    -0.00000000  0.14D-13  0.23D-13  1115.03
   16     1     1     1.08854038    -0.86415256  -534.81027501    -0.00000000    -0.00000000  0.15D-14  0.29D-14  1192.03
   16     2     2     1.08158417    -0.83160616  -534.73083070    -0.00000000    -0.00000000  0.29D-14  0.50D-14  1192.03


 =====================================
 Analysis of CPU times by interactions
 =====================================

       I      S      P
 I   0.0%
 S   0.0%   0.6%
 P   0.2%   5.5%  80.7%

 F12 init:         4.1%
 Other:            8.9%

 Total CPU:     1247.5 seconds
 =====================================



 Reference coefficients greater than 0.0500000
 =============================================
 22222222/\222          -0.0662129  -0.9569300
 2222222220222           0.9538553  -0.0658772

 Coefficients of fixed reference functions:
 ==========================================

 State      Coefficients
 1          -0.955824    0.048253
 2           0.048019    0.959057

 Coefficients of rotated reference functions:
 ============================================

 State      Coefficients
 1           0.957041    0.000198
 2           0.000198    0.960258


 RESULTS FOR STATE 1.1
 =====================

 Coefficient of reference function:   C(0) = 0.95577338 (fixed)   0.95581489 (relaxed)   0.95577338 (rotated)

 Energy contributions of configuration classes

 CLASS          SQ.NORM        ECORR1        ECORR2
 +++++++++++++++++++++++++++++++++++++++++++++++++++
 Internals    0.00564707   -0.86415256   -0.86415256
 Singles      0.01364486    0.00000000    0.00000000
 Pairs        0.07539551    0.00000000    0.00000000
 Total        1.09468744   -0.86415256   -0.86415256
 +++++++++++++++++++++++++++++++++++++++++++++++++++


 Reference energy                    -533.94646655
 Nuclear energy                        80.71670632
 Kinetic energy                       540.39312304
 One electron energy                 -897.45925747
 Two electron energy                  281.93227614
 Virial quotient                       -0.98966891
 Correlation energy                    -0.86380846
 !CI-F12 STATE 1.1 Energy            -534.810275013757

 Properties without orbital relaxation:

 !CI-F12 STATE 1.1 Dipole moment        0.00000000     0.12590524     2.49376392
 Dipole moment /Debye                   0.00000000     0.32001919     6.33851565

 Cluster corrected energies          -534.89206683 (Davidson, fixed reference)
 Cluster corrected energies          -534.89198471 (Davidson, relaxed reference)
 Cluster corrected energies          -534.89206683 (Davidson, rotated reference)

 Cluster corrected energies          -534.89160810 (Pople, fixed reference)
 Cluster corrected energies          -534.89151960 (Pople, relaxed reference)
 Cluster corrected energies          -534.89160810 (Pople, rotated reference)



 RESULTS FOR STATE 2.1
 =====================

 Coefficient of reference function:   C(0) = 0.95908502 (fixed)   0.95909751 (relaxed)   0.95908502 (rotated)

 Energy contributions of configuration classes

 CLASS          SQ.NORM        ECORR1        ECORR2
 +++++++++++++++++++++++++++++++++++++++++++++++++++
 Internals    0.00513747   -0.83160616   -0.83160616
 Singles      0.01317054    0.00000000    0.00000000
 Pairs        0.06883276    0.00000000    0.00000000
 Total        1.08714078   -0.83160616   -0.83160616
 +++++++++++++++++++++++++++++++++++++++++++++++++++


 Reference energy                    -533.89888044
 Nuclear energy                        80.71670632
 Kinetic energy                       539.74278414
 One electron energy                 -893.00877701
 Two electron energy                  277.56124000
 Virial quotient                       -0.99071418
 Correlation energy                    -0.83195026
 !CI-F12 STATE 2.1 Energy            -534.730830698599

 Properties without orbital relaxation:

 !CI-F12 STATE 2.1 Dipole moment        0.00000000    -0.28855464    -0.77080387
 Dipole moment /Debye                   0.00000000    -0.73343274    -1.95918803

 Cluster corrected energies          -534.80332749 (Davidson, fixed reference)
 Cluster corrected energies          -534.80330393 (Davidson, relaxed reference)
 Cluster corrected energies          -534.80332749 (Davidson, rotated reference)

 Cluster corrected energies          -534.80244152 (Pople, fixed reference)
 Cluster corrected energies          -534.80241646 (Pople, relaxed reference)
 Cluster corrected energies          -534.80244152 (Pople, rotated reference)


 !MRCI overlap           <2.1||1.1>     0.000019315635

 !MRCI trans          <2.1|DMY|1.1>     0.140468535425 au =     0.357035404512 Debye
 !MRCI trans          <2.1|DMZ|1.1>    -0.348925565081 au =    -0.886880324451 Debye

 Reference wavefunction optimized for reference space (refopt=1)

 State     Reference Energy 
     1      -533.94646655
     2      -533.89888044

 Singles Correction for State  1
 ===============================
  ITER   STATE        ENERGY          VARIANCE       TIME
    1      1      -533.94646655      0.00040193      0.00
    2      1      -533.95311355      0.00000755      0.29
    3      1      -533.95317372      0.00000424      0.57
    4      1      -533.95318771      0.00000306      0.85
    5      1      -533.95319068      0.00000080      1.12
    6      1      -533.95319187      0.00000014      1.40
    7      1      -533.95319223      0.00000016      1.68
    8      1      -533.95319241      0.00000003      1.97
    9      1      -533.95319246      0.00000001      2.25
   10      1      -533.95319249      0.00000000      2.53
   11      1      -533.95319250      0.00000000      2.82
   12      1      -533.95319250      0.00000000      3.10
   13      1      -533.95319250      0.00000000      3.39
   14      1      -533.95319251      0.00000000      3.67
   15      1      -533.95319251      0.00000000      3.95
   16      1      -533.95319251      0.00000000      4.23
   17      1      -533.95319251      0.00000000      4.52
   18      1      -533.95319251      0.00000000      4.80
   19      1      -533.95319251      0.00000000      5.08
   20      1      -533.95319251      0.00000000      5.37
   21      1      -533.95319251      0.00000000      5.66
   22      1      -533.95319251      0.00000000      5.95
   23      1      -533.95319251      0.00000000      6.23
   24      1      -533.95319251      0.00000000      6.51

 Singles corrected total energy for state  1     -534.8170009658
   - singles correction         for state  1       -0.0067259521

 Singles Correction for State  2
 ===============================
  ITER   STATE        ENERGY          VARIANCE       TIME
    1      1      -533.89888044      0.00038186      0.00
    2      1      -533.90546712      0.00001223      0.29
    3      1      -533.90555871      0.00000720      0.56
    4      1      -533.90557876      0.00000724      0.83
    5      1      -533.90558456      0.00000161      1.11
    6      1      -533.90558741      0.00000071      1.39
    7      1      -533.90558836      0.00000044      1.67
    8      1      -533.90558879      0.00000017      1.94
    9      1      -533.90558893      0.00000002      2.21
   10      1      -533.90558899      0.00000001      2.49
   11      1      -533.90558900      0.00000001      2.77
   12      1      -533.90558901      0.00000000      3.06
   13      1      -533.90558901      0.00000000      3.34
   14      1      -533.90558901      0.00000000      3.63
   15      1      -533.90558901      0.00000000      3.90
   16      1      -533.90558901      0.00000000      4.18
   17      1      -533.90558901      0.00000000      4.46
   18      1      -533.90558901      0.00000000      4.75
   19      1      -533.90558901      0.00000000      5.04
   20      1      -533.90558901      0.00000000      5.32
   21      1      -533.90558901      0.00000000      5.63
   22      1      -533.90558901      0.00000000      5.92
   23      1      -533.90558901      0.00000000      6.21
   24      1      -533.90558901      0.00000000      6.50
   25      1      -533.90558901      0.00000000      6.80
   26      1      -533.90558901      0.00000000      7.10

 Singles corrected total energy for state  2     -534.7375392698
   - singles correction         for state  2       -0.0067085712


 **********************************************************************************************************************************
 DATASETS  * FILE   NREC   LENGTH (MB)   RECORD NAMES
              1      21      525.36       500      610      700      900      950      970     1000      129      960     1100   
                                          VAR    BASINP    GEOM    SYMINP    ZMAT    AOBASIS   BASIS     P2S    ABASIS      S 
                                         1400     1410     1200     1210     1080     1600     1650     1300     1700     1380   
                                           T        V       H0       H01     AOSYM     SMH    MOLCAS    ERIS     OPER     JKOP   
                                         7010   

              2       4        0.93       700     1000      520     2140   
                                         GEOM     BASIS   MCVARS    MCSCF   

 PROGRAMS   *        TOTAL  MRCI-F12     MULTI       INT
 CPU TIMES  *      1309.43   1210.65     59.34     39.31
 REAL TIME  *       205.28 SEC
 DISK USED  *         1.85 GB
 **********************************************************************************************************************************


 PROGRAM * OPT (Geometry optimization)     Authors: F. Eckert and H.-J. Werner


 BFGS update of hessian

 *** Long output written to logfile /scratch/vol1/asmola/HOCl/MOLPRO/MRCI/HOCl-MRCI-optg.log ***


 Geometry optimization using default procedure for command MRCI-F12

 Geometry written to block  1 of record 700

 Making model hessian for Z-matrix coordinates

 Entering Rational Function Geometry Optimization

 ITER.   ENERGY(OLD)    ENERGY(NEW)      DE          GRADMAX     GRADNORM    GRADRMS     STEPMAX     STEPLEN     STEPRMS   CPU-time
   1  -534.81027501  -535.38104845    -0.57077344  2.85331842  2.85447390  1.64803127  0.29967435  0.30000000  0.10000000   8973.62
   2  -535.38104845  -535.56596872    -0.18492027  1.18264768  1.18536553  0.68437111  0.20349679  0.22459204  0.07486401  17536.16
   3  -535.56596872  -535.66518313    -0.09921440  0.63013590  0.63156663  0.36463516  0.22102953  0.22938470  0.07646157  25598.08
   4  -535.66518313  -535.70108831    -0.03590518  0.28284146  0.28609519  0.16517713  0.17944314  0.18312890  0.06104297  33199.12
   5  -535.70108831  -535.71277300    -0.01168469  0.11170651  0.12377975  0.07146427  0.13512941  0.14055218  0.04685073  40823.91
   6  -535.71277300  -535.71642861    -0.00365561  0.06673382  0.07525480  0.04344838  0.12883236  0.13375287  0.04458429  48527.95
   7  -535.71642861  -535.71719175    -0.00076314  0.08052952  0.08179095  0.04722203  0.08797143  0.09464437  0.03154812  56320.30
   8  -535.71719175  -535.71555975     0.00163200  0.09037770  0.09687312  0.05592972  0.11595622  0.12118820  0.04039607  64070.35
   9  -535.71555975  -535.71709405    -0.00153430  0.10103047  0.11262230  0.06502252  0.04171131  0.05477684  0.01825895  71617.21
  10  -535.71709405  -535.71471508     0.00237896  0.10439618  0.11597692  0.06695931  0.11764407  0.12271699  0.04090566  79248.04
  11  -535.71471508  -535.72119920    -0.00648412  0.10914208  0.12133560  0.07005314  0.09911977  0.12911453  0.04303818  86784.47
  12  -535.72119920  -535.72969783    -0.00849863  0.10328402  0.12837145  0.07411529  0.12278288  0.12777471  0.04259157  94327.92
  13  -535.72969783  -535.73285548    -0.00315765  0.09617703  0.11811564  0.06819410  0.03490659  0.04445035  0.01481678 101945.19
  14  -535.73285548  -535.73604075    -0.00318528  0.09661489  0.11501573  0.06640436  0.03490659  0.04355168  0.01451723 109533.44
  15  -535.73604075  -535.73918350    -0.00314274  0.09619211  0.11121750  0.06421145  0.03490659  0.03773261  0.01257754 117204.32
  16  -535.73918350  -535.74416986    -0.00498636  0.09471157  0.10837798  0.06257206  0.04006559  0.05789463  0.01929821 125032.50
  17  -535.74416986  -535.74719535    -0.00302549  0.09191621  0.09805448  0.05661178  0.03490659  0.04081087  0.01360362 132808.18
  18  -535.74719535  -535.74814221    -0.00094686  0.08955147  0.09518724  0.05495638  0.05836365  0.06968052  0.02322684 140630.76
  19  -535.74814221  -535.75293416    -0.00479195  0.08792889  0.09640790  0.05566113  0.04880849  0.06311003  0.02103668 148379.55
  20  -535.75293416  -535.75695382    -0.00401967  0.08337989  0.08927553  0.05154325  0.04385254  0.05689517  0.01896506 156077.11
  21  -535.75695382  -535.76027265    -0.00331882  0.07855991  0.08238886  0.04756723  0.03490659  0.04746269  0.01582090 163849.55
  22  -535.76027265  -535.76266476    -0.00239211  0.07382368  0.07569944  0.04370509  0.03490659  0.03812154  0.01270718 171446.12
  23  -535.76266476  -535.76499527    -0.00233051  0.06984221  0.07212785  0.04164303  0.03490659  0.03501823  0.01167274 178856.34
  24  -535.76499527  -535.76727046    -0.00227519  0.06548961  0.06771249  0.03909383  0.03490659  0.03650305  0.01216768 186115.97
  25  -535.76727046  -535.76911539    -0.00184493  0.06071179  0.06238215  0.03601635  0.03490659  0.03773951  0.01257984 193367.64
  26  -535.76911539  -535.77067121    -0.00155582  0.05617723  0.05847755  0.03376203  0.03490659  0.03954821  0.01318274 200638.55
  27  -535.77067121  -535.77137370    -0.00070249  0.05164753  0.05509040  0.03180646  0.04703678  0.05970449  0.01990150 207890.35
  28  -535.77137370  -535.77374779    -0.00237409  0.04786408  0.05449146  0.03146066  0.03743303  0.05200113  0.01733371 215170.65
  29  -535.77374779  -535.77565703    -0.00190924  0.04111066  0.04504404  0.02600619  0.05134577  0.06208995  0.02069665 222423.19
  30  -535.77565703  -535.77663740    -0.00098037  0.03321711  0.03380674  0.01951833  0.03490659  0.03864903  0.01288301 229718.43
  31  -535.77663740  -535.77752686    -0.00088946  0.02784540  0.02878240  0.01661753  0.03490659  0.03577339  0.01192446 236982.52
  32  -535.77752686  -535.77813493    -0.00060807  0.02126655  0.02179458  0.01258310  0.03490659  0.03553538  0.01184513 244274.18
  33  -535.77813493  -535.77855279    -0.00041786  0.01512741  0.01585117  0.00915168  0.03490659  0.03509691  0.01169897 251591.50
  34  -535.77855279  -535.77872888    -0.00017609  0.00846561  0.00872541  0.00503762  0.03490659  0.03499762  0.01166587 258823.97
  35  -535.77872888  -535.77873641    -0.00000753  0.00171184  0.00182258  0.00105226  0.00875349  0.00877321  0.00292440 266121.64
  36  -535.77873641  -535.77873642    -0.00000001  0.00013441  0.00013638  0.00007874  0.00018783  0.00021640  0.00007213 273410.00

 END OF GEOMETRY OPTIMIZATION.

 Optimized variables
 ROH=                 0.95055176 ANGSTROM
 ROCL=                1.68718491 ANGSTROM
 ALPHA=             103.25954282 DEGREE

 **********************************************************************************************************************************

 Geometry written to block  1 of record 700

 Recomputing wavefunction for reoriented structure

 Current geometry (xyz format, in Angstrom)

    3
 MRCI-F12/AUG-CC-PCVTZ-F12  ENERGY=-535.77873642
 O          0.0000000000       -0.0619098443        1.1344714394
 H          0.0000000000        0.8541298444        1.3882822840
 Cl         0.0000000000        0.0036557901       -0.5514390205

 **********************************************************************************************************************************


 **********************************************************************************************************************************
 DATASETS  * FILE   NREC   LENGTH (MB)   RECORD NAMES
              1      21      503.28       500      610      700      900      950      970     1000      129      960     1100   
                                          VAR    BASINP    GEOM    SYMINP    ZMAT    AOBASIS   BASIS     P2S    ABASIS      S 
                                         1400     1410     1200     1210     1080     1600     1650     1300     1700     1380   
                                           T        V       H0       H01     AOSYM     SMH    MOLCAS    ERIS     OPER     JKOP   
                                         7010   

              2       5        1.54       700     1000      520     2140     5600   
                                         GEOM     BASIS   MCVARS    MCSCF    GINFO   

 PROGRAMS   *        TOTAL      OPTG  MRCI-F12     MULTI       INT
 CPU TIMES  *    275675.08 274365.64   1210.65     59.34     39.31
 REAL TIME  *     43293.63 SEC
 DISK USED  *         1.85 GB
 **********************************************************************************************************************************

 MRCI-F12/aug-cc-pCVTZ-F12//MRCI-F12/aug-cc-pCVTZ-F12 energy=   -535.572439567279

  OPTG(MRCI-F12)        MRCI-F12           MULTI
   -535.77873642   -534.73083070   -533.62736210
 **********************************************************************************************************************************
 Molpro calculation terminated
