New model:
f      0    0    0  0.950551760000
f      0    0    0  1.687184910000
f      0    0    0  103.259542820000
f      0    0    0  1.000000000000
f      0    0    0  1.900000000000
f      0    0    0  0.320867608108
f      0    1    0  228.630763229515
f      0    2    0  26609.873957501419
f      0    3    0  -1508.965462839739
f      0    4    0  -514.521220346088
f      0    5    0  -1602.434179131311
f      0    6    0  714.484420383031
f      0    7    0  -4627.856112331162
f      0    8    0  -896.977142440716

Grid of energies:
  0.96446195   1.68388476 103.00000000  0.000000000000 -0.040332314617 0.040332314617 
  0.96446195   1.68341709 103.00000000  0.116768822074 0.076179451271 0.040589370802 
  0.96446195   1.68888476 103.00000000  1.393922463059 1.357369502785 0.036552960275 
  0.96446195   1.68969849 103.00000000  2.072240218520 2.036522145011 0.035718073509 
  0.96446195   1.67888476 103.00000000  3.482292979956 3.440852098922 0.041440881034 
  0.96446195   1.67713568 103.00000000  5.878936886787 5.837844878552 0.041092008236 
  0.96446195   1.69388476 103.00000000  7.519205391407 7.488951990822 0.030253400585 
  0.96446195   1.69597990 103.00000000  11.458544433117 11.431594322137 0.026950110980 
  0.96446195   1.67388476 103.00000000  11.988909706473 11.949359785377 0.039549921096 
  0.96446195   1.69888476 103.00000000  18.234556689858 18.212755797123 0.021800892736 
  0.96446195   1.67085427 103.00000000  19.654321193695 19.617381462690 0.036939731005 
  0.96446195   1.66888476 103.00000000  25.671740025282 25.637148581764 0.034591443518 
  0.96446195   1.70226131 103.00000000  27.997460946441 27.982415734310 0.015045212131 
  0.96446195   1.70388476 103.00000000  33.401915863156 33.390386092280 0.011529770876 
  0.96446195   1.66457286 103.00000000  41.747400894761 41.719494490373 0.027906404388 
  0.96446195   1.66388476 103.00000000  44.686367765069 44.659790992488 0.026576772581 
  0.96446195   1.70854271 103.00000000  51.418716177344 51.418009884742 0.000706292603 
  0.96446195   1.70888476 103.00000000  52.886431738734 52.886634083517 -0.000202344783 
  0.96446195   1.65888476 103.00000000  69.192141309381 69.176573217118 0.015568092262 
  0.96446195   1.65829146 103.00000000  72.472090557218 72.457986081133 0.014104476084 
  0.96446195   1.71388476 103.00000000  76.556491136551 76.569401390501 -0.012910253950 
  0.96446195   1.71482412 103.00000000  81.459951743484 81.475326540717 -0.015374797233 
  0.96446195   1.65388476 103.00000000  99.352325528860 99.350600016647 0.001725512213 
  0.96446195   1.71888476 103.00000000  104.283439293504 104.309626994178 -0.026187700674 
  0.96446195   1.65201005 103.00000000  112.152135431767 112.156287935950 -0.004152504184 
  0.96446195   1.72110553 103.00000000  117.866601109505 117.898787041892 -0.032185932388 
  0.96446195   1.64888476 103.00000000  135.334217548370 135.348906198362 -0.014688649991 
  0.96446195   1.72388476 103.00000000  135.941583752632 135.981216511145 -0.039632758513 
  0.96446195   1.72738693 103.00000000  160.391145050526 160.440129625856 -0.048984575331 
  0.96446195   1.64572864 103.00000000  161.121302261949 161.147517480513 -0.026215218564 
  0.96446195   1.72888476 103.00000000  171.407930493355 171.460973582543 -0.053043089189 
  0.96446195   1.64388476 103.00000000  177.309286937118 177.342575608163 -0.033288671045 
  0.96446195   1.73366834 103.00000000  208.793484151363 208.858445435073 -0.064961283710 
  0.96446195   1.73388476 103.00000000  210.562938064337 210.628533198416 -0.065595134079 
  0.96446195   1.63944724 103.00000000  219.723818555474 219.774937090839 -0.051118535365 
  0.96446195   1.63888476 103.00000000  225.453404068947 225.506868640439 -0.053464571492 
  0.96446195   1.73888476 103.00000000  253.289164900780 253.366296806176 -0.077131905396 
  0.96446195   1.73994975 103.00000000  262.840147286654 262.919566139912 -0.079418853259 
  0.96446195   1.63388476 103.00000000  279.946710601449 280.021359411062 -0.074648809613 
  0.96446195   1.63316583 103.00000000  288.315060049295 288.392714893191 -0.077654843896 
  0.96446195   1.74388476 103.00000000  299.471938148141 299.559369076021 -0.087430927880 
  0.96446195   1.74623116 103.00000000  322.304637268186 322.396126778043 -0.091489509857 
  0.96446195   1.62888476 103.00000000  340.974104464054 341.070083889629 -0.095979425575 
  0.96446195   1.74888476 103.00000000  348.999657392502 349.095496216821 -0.095838824320 
  0.96446195   1.62688442 103.00000000  367.261546358466 367.365821022629 -0.104274664163 
  0.96446195   1.75251256 103.00000000  386.966536819935 387.067203199289 -0.100666379354 
  0.96446195   1.75388476 103.00000000  401.762768760324 401.865005753991 -0.102236993667 
  0.96446195   1.62388476 103.00000000  408.725220784545 408.841700454757 -0.116479670212 
  0.96446195   1.75879397 103.00000000  456.612163007259 456.718545243671 -0.106382236412 
  0.96446195   1.62060302 103.00000000  456.941584765911 457.070737100763 -0.129152334851 
  0.96446195   1.75888476 103.00000000  457.654272481799 457.760747696037 -0.106475214237 
  0.96446195   1.61888476 103.00000000  483.394262313843 483.529664522053 -0.135402208210 
  0.96446195   1.76388476 103.00000000  516.569878324866 516.678037029522 -0.108158704656 
  0.96446195   1.76507538 103.00000000  531.033575251698 531.141776871687 -0.108201619988 
  0.96446195   1.61432161 103.00000000  557.746293380857 557.896518995157 -0.150225614301 
  0.96446195   1.61388476 103.00000000  565.180940240622 565.332419100747 -0.151478860126 
  0.96446195   1.76888476 103.00000000  578.407342106104 578.514597493049 -0.107255386945 
  0.96446195   1.77135678 103.00000000  610.028698235750 610.134494300346 -0.105796064596 
  0.96446195   1.77388476 103.00000000  643.066937401891 643.170506590069 -0.103569188178 
  0.96446195   1.60888476 103.00000000  654.289961189032 654.453603363074 -0.163642174042 
  0.96446195   1.60804020 103.00000000  670.079322665930 670.244566923972 -0.165244258042 
  0.96446195   1.77763819 103.00000000  693.401610881090 693.500505811801 -0.098894930711 
  0.96446195   1.77888476 103.00000000  710.451162129641 710.548141807828 -0.096979678188 
  0.96446195   1.60388476 103.00000000  750.931639790535 751.102281563115 -0.170641772580 
  0.96446195   1.78388476 103.00000000  780.464676320553 780.552128016029 -0.087451695476 
  0.96446195   1.78391960 103.00000000  780.961530253291 781.048909804166 -0.087379550875 
  0.96446195   1.60175879 103.00000000  794.358105048537 794.529881817934 -0.171776769397 
  0.96446195   1.78888476 103.00000000  853.014280498028 853.089286023646 -0.075005525618 
  0.96446195   1.59888476 103.00000000  855.321833297610 855.493194920417 -0.171361622807 
  0.96446195   1.79020101 103.00000000  872.523190766573 872.594428569002 -0.071237802429 
  0.96446195   1.59547739 103.00000000  931.013978019357 931.181495948969 -0.167517929612 
  0.96446195   1.59388476 103.00000000  967.682611852884 967.847039391465 -0.164427538581 
  0.96446195   1.79648241 103.00000000  967.906419575214 967.956973513972 -0.050553938758 
  0.96446195   1.79888476 103.00000000  1005.359600201249 1005.401079680771 -0.041479479522 
  0.96446195   1.80276382 103.00000000  1066.936657980084 1066.962105135358 -0.025447155274 
  0.96446195   1.58919598 103.00000000  1080.494099140167 1080.644259137694 -0.150159997526 
  0.96446195   1.58888476 103.00000000  1088.241871148348 1088.390772590800 -0.148901442452 
  0.96446195   1.80888476 103.00000000  1166.783153042197 1166.780124600660 0.003028441537 
  0.96446195   1.80904523 103.00000000  1169.443826273084 1169.439972650665 0.003853622419 
  0.96446195   1.58291457 103.00000000  1243.261038035154 1243.378551673730 -0.117513638575 
  0.96446195   1.81388476 103.00000000  1250.687884762883 1250.658853177459 0.029031585424 
  0.96446195   1.81532663 103.00000000  1275.262611135840 1275.225599834477 0.037011301363 
  0.96446195   1.57888476 103.00000000  1354.901365414262 1354.989118987762 -0.087753573500 
  0.96446195   1.82160804 103.00000000  1384.232791900635 1384.159274684671 0.073517215964 
  0.96446195   1.57663317 103.00000000  1419.794088184834 1419.861998791740 -0.067910606907 
  0.96446195   1.82788945 103.00000000  1496.198527529836 1496.085402349116 0.113125180720 
  0.96446195   1.57035176 103.00000000  1610.591697841883 1610.591727190363 -0.000029348481 
  0.96446195   1.83417085 103.00000000  1611.008052423596 1610.852856871427 0.155195552169 
  0.96446195   1.56888476 103.00000000  1657.261516034603 1657.242994218504 0.018521816099 
  0.96446195   1.83888476 103.00000000  1698.946829780936 1698.758627883697 0.188201897239 
  0.96446195   1.84045226 103.00000000  1728.514769569039 1728.315422866313 0.199346702726 
  0.96446195   1.56407035 103.00000000  1816.171047300100 1816.084185406642 0.086861893458 
  0.96446195   1.56388476 103.00000000  1822.475347787142 1822.385665077923 0.089682709218 
  0.96446195   1.84673367 103.00000000  1848.575566396117 1848.330575096005 0.244991300112 
  0.96446195   1.85301508 103.00000000  1971.051818534732 1970.760085281924 0.291733252808 
  0.96446195   1.55778894 103.00000000  2037.070814922452 2036.877964556525 0.192850365927 
  0.96446195   1.85929648 103.00000000  2095.808055043221 2095.469525523703 0.338529519518 
  0.96446195   1.86557789 103.00000000  2222.714163705707 2222.328954203540 0.385209502167 
  0.96446195   1.55150754 103.00000000  2273.852568879724 2273.535105284859 0.317463594864 
  0.96446195   1.87185930 103.00000000  2351.642613247037 2351.211616372786 0.430996874251 
  0.96446195   1.87814070 103.00000000  2482.469940006733 2481.994420538013 0.475519468720 
  0.96446195   1.54522613 103.00000000  2527.104337498546 2526.644879680343 0.459457818202 
  0.96446195   1.88442211 103.00000000  2615.076555982232 2614.558477122944 0.518078859288 
  0.96446195   1.89070352 103.00000000  2749.346188992262 2748.787751861159 0.558437131103 
  0.96446195   1.53894472 103.00000000  2797.441449746490 2796.824106452795 0.617343293694 
  0.96446195   1.53888476 103.00000000  2800.106348723173 2799.487450918218 0.618897804955 
  0.96446195   1.89698492 103.00000000  2885.165540084243 2884.569584875943 0.595955208300 
  0.96446195   1.90326633 103.00000000  3022.425545051694 3021.795260889071 0.630284162623 
  0.96446195   1.53266332 103.00000000  3085.510623604059 3084.721104300168 0.789519303891 
  0.96446195   1.90954774 103.00000000  3161.019752815366 3160.358625025806 0.661127789559 
  0.96446195   1.91582915 103.00000000  3300.844825014472 3300.156861434899 0.687963579573 
  0.96446195   1.52638191 103.00000000  3391.995524778962 3391.020558401362 0.974966377600 
  0.96446195   1.92211055 103.00000000  3441.800664767623 3441.089972401086 0.710692366537 
  0.96446195   1.92839196 103.00000000  3583.790627539158 3583.061599877401 0.729027661757 
  0.96446195   1.52010050 103.00000000  3717.618135467172 3716.444624162277 1.173511304894 
  0.96446195   1.93467337 103.00000000  3726.720424592495 3725.977604138153 0.742820454342 
  0.96446195   1.94095477 103.00000000  3870.498531490564 3869.746657909968 0.751873580596 
  0.96446195   1.94723618 103.00000000  4015.037064865232 4014.280870202524 0.756194662708 
  0.96446195   1.51381910 103.00000000  4063.146117195487 4061.758566839559 1.387550355928 
  0.96446195   1.95351759 103.00000000  4160.250027582049 4159.494345731853 0.755681850196 
  0.96446195   1.95979899 103.00000000  4306.054235190153 4305.303801996693 0.750433193460 
  0.96446195   1.50753769 103.00000000  4429.584232926369 4427.777574082786 1.806658843583 
  0.96446195   1.96608040 103.00000000  4452.369623616338 4451.629208120067 0.740415496271 
  0.96446195   1.97236181 103.00000000  4599.118180543184 4598.392331635163 0.725848908021 
  0.96446195   1.97864322 103.00000000  4746.224441424012 4745.517608016917 0.706833407095 
  0.96446195   1.50125628 103.00000000  4817.442574843764 4815.369194193649 2.073380650115 
  0.96446195   1.98492462 103.00000000  4893.615317434072 4892.931617900065 0.683699534007 
  0.96446195   1.98888476 103.00000000  4986.652969926596 4985.986007737611 0.666962188985 
  0.96446195   1.99120603 103.00000000  5041.220401138067 5040.563971913337 0.656429224730 
  0.96446195   1.99748744 103.00000000  5188.971366345882 5188.345849790186 0.625516555697 
  0.96446195   1.49497487 103.00000000  5227.840068370104 5225.462039392008 2.378028978096 
  0.96446195   2.00376884 103.00000000  5336.801649212837 5336.210652383457 0.590996829380 
  0.96446195   2.01005025 103.00000000  5484.648073166609 5484.094659551562 0.553413615047 
  0.96446195   2.01633166 103.00000000  5632.448602318764 5631.935569684981 0.513032633783 
  0.96446195   1.48888476 103.00000000  5648.207699567080 5645.490606518484 2.717093048595 
  0.96446195   1.48869347 103.00000000  5661.780459612608 5659.051988010517 2.728471602091 
  0.96446195   2.02261307 103.00000000  5780.143630459905 5779.673394778253 0.470235681652 
  0.96446195   2.02889447 103.00000000  5927.675393834710 5927.249945084034 0.425448750676 
  0.96446195   2.03517588 103.00000000  6074.988805189729 6074.609724661402 0.379080528327 
  0.96446195   1.48241206 103.00000000  6120.335575625300 6117.213453790972 3.122121834328 
  0.96446195   2.04145729 103.00000000  6222.029981940985 6221.698478772149 0.331503168835 
  0.96446195   2.04773869 103.00000000  6368.747044265270 6368.463858916620 0.283185348650 
  0.96446195   2.05402010 103.00000000  6515.090593919158 6514.856081141866 0.234512777292 
  0.96446195   1.47613065 103.00000000  6604.635764062405 6601.104875058726 3.530889003679 
  0.96446195   2.06030151 103.00000000  6661.012431591749 6660.826484270590 0.185947321159 
  0.96446195   2.06658291 103.00000000  6806.466197267175 6806.328195025401 0.138002241773 
  0.96446195   2.07286432 103.00000000  6951.407738327980 6951.316781926254 0.090956401726 
  0.96446195   2.07914573 103.00000000  7095.794249549508 7095.748828141330 0.045421408178 
  0.96446195   1.46984925 103.00000000  7115.861499786377 7111.981532895563 3.879966890814 
  0.96446195   2.08542714 103.00000000  7239.584495365620 7239.582822410707 0.001672954912 
  0.96446195   2.08888476 103.00000000  7318.465432062745 7318.486918477781 -0.021486415036 
  0.96446195   2.09170854 103.00000000  7382.738869383931 7382.778663819417 -0.039794435485 
  0.96446195   2.09798995 103.00000000  7525.219897866249 7525.298537557568 -0.078639691319 
  0.96446195   1.46356784 103.00000000  7655.238856762648 7651.210574207797 4.028282554850 
  0.96446195   2.10427136 103.00000000  7666.991074040532 7667.105512535692 -0.114438495159 
  0.96446195   2.11055276 103.00000000  7808.017304375768 7808.164196492552 -0.146892116784 
  0.96446195   2.11683417 103.00000000  7948.265793636441 7948.441371239449 -0.175577603008 
  0.96446195   2.12311558 103.00000000  8087.704373642802 8087.904612359624 -0.200238716821 
  0.96446195   1.45728643 103.00000000  8224.052792698145 8220.280181855025 3.772610843120 
  0.96446195   2.12939698 103.00000000  8226.302300378680 8226.522936402618 -0.220636023938 
  0.96446195   2.13567839 103.00000000  8364.030964702368 8364.267425238027 -0.236460535660 
  0.96446195   2.14195980 103.00000000  8500.862279534340 8501.109870490636 -0.247590956296 
  0.96446195   2.14824121 103.00000000  8636.769901111722 8637.023626681568 -0.253725569846 
  0.96446195   2.15452261 103.00000000  8771.728247061372 8771.983145213266 -0.254898151894 
  0.96446195   1.45100503 103.00000000  8823.734814226627 8820.817697009752 2.917117216875 
  0.96446195   2.16080402 103.00000000  8905.713929727674 8905.964802104192 -0.250872376519 
  0.96446195   2.16708543 103.00000000  9038.703790739179 9038.945579003957 -0.241788264779 
  0.96446195   2.17336683 103.00000000  9170.676147401333 9170.903685506075 -0.227538104742 
  0.96446195   2.17964824 103.00000000  9301.610981851816 9301.819153150036 -0.208171298220 
  0.96446195   2.18592965 103.00000000  9431.488635703921 9431.672546195416 -0.183910491494 
  0.96446195   1.44472362 103.00000000  9456.078786760569 9454.610671234013 1.468115526555 
  0.96446195   2.18888476 103.00000000  9492.219079539180 9492.389946825784 -0.170867286604 
  0.96446195   2.19221106 103.00000000  9560.290834024549 9560.445775230541 -0.154941205992 
  0.96446195   2.19849246 103.00000000  9688.000169366598 9688.121655865894 -0.121486499296 
  0.96446195   2.20477387 103.00000000  9814.600901201367 9814.684692332572 -0.083791131205 
  0.96446195   2.21105528 103.00000000  9940.077679976821 9940.119830512336 -0.042150535515 
  0.96446195   2.21733668 103.00000000  10064.416159257293 10064.413048751270 0.003110506022 
  0.96446195   1.43844221 103.00000000  10123.618498176336 10123.621425601918 -0.002927425581 
  0.96446195   2.22361809 103.00000000  10187.603459388018 10187.551916684693 0.051542703324 
  0.96446195   2.22989950 103.00000000  10309.627124324441 10309.524381556181 0.102742768260 
  0.96446195   2.23618090 103.00000000  10430.475615382195 10430.319344118132 0.156271264063 
  0.96446195   2.24246231 103.00000000  10550.138755559921 10549.927201437307 0.211554122614 
  0.96446195   2.24874372 103.00000000  10668.606938004494 10668.338667600341 0.268270404153 
  0.96446195   2.25502513 103.00000000  10785.871405422688 10785.545519717562 0.325885705126 
  0.96446195   1.43216080 103.00000000  10830.015942096710 10830.013708777831 0.002233318879 
  0.96446195   2.26130653 103.00000000  10901.924079626799 10901.540196192707 0.383883434091 
  0.96446195   2.26758794 103.00000000  11016.758249968290 11016.316508985887 0.441740982404 
  0.96446195   2.27386935 103.00000000  11130.367839217186 11129.868511479861 0.499327737325 
  0.96446195   2.28015075 103.00000000  11242.746643900871 11242.191037434786 0.555606466085 
  0.96446195   2.28643216 103.00000000  11353.890516147017 11353.280205198133 0.610310948885 
  0.96446195   2.28888476 103.00000000  11396.950902566314 11396.319753669035 0.631148897279 
  0.96446195   2.29271357 103.00000000  11463.795355543494 11463.132321649397 0.663033894098 
  0.96446195   2.29899497 103.00000000  11572.457893446088 11571.744404711861 0.713488734227 
  0.96446195   1.42587940 103.00000000  11579.133875757456 11576.176332165807 2.957543591649 
  0.96446195   2.30527638 103.00000000  11679.875878930092 11679.114670761121 0.761208168971 
  0.96446195   2.31155779 103.00000000  11786.047162875533 11785.241475035649 0.805687839884 
  0.96446195   2.31783920 103.00000000  11890.970804855227 11890.123983481873 0.846821373354 
  0.96446195   2.32412060 103.00000000  11994.645932868123 11993.761813425648 0.884119442475 
  0.96446195   2.33040201 103.00000000  12097.072912171483 12096.155670476659 0.917241694824 
  0.96446195   2.33668342 103.00000000  12198.252480372787 12197.306337850989 0.946142521798 
  0.96446195   2.34296482 103.00000000  12298.185579895973 12297.215159875559 0.970420020414 
  0.96446195   1.41959799 103.00000000  12369.621723860502 12364.757005464186 4.864718396317 
  0.96446195   2.34924623 103.00000000  12396.874341443181 12395.884490227752 0.989851215429 
  0.96446195   2.35552764 103.00000000  12494.321005821228 12493.316717946542 1.004287874686 
  0.96446195   2.36180905 103.00000000  12590.528379678726 12589.514886320540 1.013493358187 
  0.96446195   2.36809045 103.00000000  12685.499784082174 12684.482363688041 1.017420394133 
  0.96446195   2.37437186 103.00000000  12779.239245548844 12778.223427644300 1.015817904545 
  0.96446195   2.38065327 103.00000000  12871.750930577517 12870.742339696013 1.008590881504 
  0.96446195   2.38693467 103.00000000  12963.039650246501 12962.043789718293 0.995860528208 
  0.96446195   2.38888476 103.00000000  12991.132627442479 12990.141937686021 0.990689756458 
  0.96446195   2.39321608 103.00000000  13053.110654637218 13052.133305755258 0.977348881959 
  0.96446195   2.39949749 103.00000000  13141.968837127090 13141.016364781106 0.952472345984 
  0.96446195   1.41331658 103.00000000  13189.916083738208 13198.687842599544 -8.771758861336 
  0.96446195   2.40577889 103.00000000  13229.621552780271 13228.698820621541 0.922732158730 
  0.96446195   2.41206030 103.00000000  13316.073739320040 13315.187297667389 0.886441652650 
  0.96446195   2.41834171 103.00000000  13401.333345487714 13400.488337290853 0.845008196860 
  0.96446195   2.42462312 103.00000000  13485.405958414078 13484.608942412053 0.797016002025 
  0.96446195   2.43090452 103.00000000  13568.298621028662 13567.556290494918 0.742330533743 
  0.96446195   2.43718593 103.00000000  13650.020750358701 13649.338244906499 0.682505452201 
  0.96446195   2.44346734 103.00000000  13730.579479992390 13729.962547996456 0.616931995934 
  0.96446195   2.44974874 103.00000000  13809.982804730535 13809.437211275803 0.545593454732 
  0.96446195   2.45603015 103.00000000  13888.239553585649 13887.770872775618 0.468680810030 
  0.96446195   2.46231156 103.00000000  13965.358160078526 13964.972024353416 0.386135725110 
  0.96446195   1.40703518 103.00000000  14028.186369240284 14081.225240417918 -53.038871177634 
  0.96446195   2.46859296 103.00000000  14041.347554445267 14041.049386153132 0.298168292135 
  0.96446195   2.47487437 103.00000000  14116.217078372836 14116.012248957497 0.204829415339 
  0.96446195   2.48115578 103.00000000  14189.976016327739 14189.869734978047 0.106281349692 
  0.96446195   2.48743719 103.00000000  14262.633874833584 14262.631271886330 0.002602947254 
  0.96446195   2.48888476 103.00000000  14279.223061561584 14279.245012900356 -0.021951338771 
  0.96446195   2.49371859 103.00000000  14334.200425758958 14334.306345691284 -0.105919932326 
  0.96446195   2.50000000 103.00000000  14404.685674786568 14404.904943897305 -0.219269110738 
  0.96446195   2.51000000 103.00000000  14514.692091658711 14515.101132342525 -0.409040683813 
  0.96446195   2.52000000 103.00000000  14622.025026306510 14622.634582832983 -0.609556526473 
  0.96446195   2.53000000 103.00000000  14726.726809725165 14727.546757903872 -0.819948178707 
  0.96446195   2.54000000 103.00000000  14828.840432330966 14829.879797599917 -1.039365268951 
  0.96446195   1.40075377 103.00000000  14881.639446690679 15015.995523048166 -134.356076357488 
  0.96446195   2.55000000 103.00000000  14928.409870743752 14929.676422430448 -1.266551686696 
  0.96446195   2.56000000 103.00000000  15025.479433789849 15026.979841188395 -1.500407398546 
  0.96446195   2.57000000 103.00000000  15120.093914732337 15121.833663512731 -1.739748780394 
  0.96446195   2.58000000 103.00000000  15212.298145204782 15214.281817070942 -1.983671866159 
  0.96446195   2.58888476 103.00000000  15292.234198093414 15294.437260232682 -2.203062139268 
  0.96446195   2.59000000 103.00000000  15302.137791931629 15304.368469234782 -2.230677303152 
  0.96446195   2.60000000 103.00000000  15389.659089267254 15392.137953120691 -2.478863853437 
  0.96446195   2.61000000 103.00000000  15474.907333403826 15477.634697864287 -2.727364460461 
  0.96446195   2.62000000 103.00000000  15557.928614988923 15560.903162996803 -2.974548007880 
  0.96446195   2.63000000 103.00000000  15638.768531143665 15641.987776790786 -3.219245647120 
  0.96446195   2.64000000 103.00000000  15717.472842097282 15720.932878441758 -3.460036344475 
  0.96446195   1.39447236 103.00000000  15753.115361586213 16007.032582421369 -253.917220835156 
  0.96446195   2.65000000 103.00000000  15794.087130561471 15797.782663952314 -3.695533390843 
  0.96446195   2.66000000 103.00000000  15868.656400918961 15872.581135585664 -3.924734666703 
  0.96446195   2.67000000 103.00000000  15941.225943252444 15945.372054756193 -4.146111503749 
  0.96446195   2.68000000 103.00000000  16011.840893670917 16016.198898225484 -4.358004554568 
  0.96446195   2.68888476 103.00000000  16072.975525259972 16077.513984691945 -4.538459431973 
  0.96446195   2.69000000 103.00000000  16080.544295266271 16085.104817473617 -4.560522207346 
  0.96446195   2.70000000 103.00000000  16147.380455419421 16152.132601117120 -4.752145697699 
  0.96446195   2.71000000 103.00000000  16212.392623752356 16217.324640246519 -4.932016494164 
  0.96446195   2.72000000 103.00000000  16275.623208254576 16280.722896558711 -5.099688304135 
  0.96446195   2.73000000 103.00000000  16337.114756762981 16342.368873161306 -5.254116398324 
  0.96446195   2.74000000 103.00000000  16396.908074602485 16402.303587928702 -5.395513326217 
  0.96446195   2.75000000 103.00000000  16455.044312655926 16460.567549291958 -5.523236636032 
  0.96446195   2.76000000 103.00000000  16511.564044937491 16517.200734347422 -5.636689409930 
  0.96446195   1.38888476 103.00000000  16546.808576807380 16939.522907738905 -392.714330931525 
  0.96446195   2.77000000 103.00000000  16566.506341934204 16572.242569171653 -5.736227237448 
  0.96446195   2.78000000 103.00000000  16619.910090103745 16625.731911233139 -5.821821129393 
  0.96446195   1.38819095 103.00000000  16646.721176087856 17058.834978214429 -412.113802126572 
  0.96446195   2.79000000 103.00000000  16671.813978686929 16677.707033794293 -5.893055107364 
  0.96446195   2.80000000 103.00000000  16722.255322113633 16728.205612200331 -5.950290086697 
  0.96446195   2.81000000 103.00000000  16771.271059259772 16777.264711954351 -5.993652694578 
  0.96446195   2.82000000 103.00000000  16818.897509887815 16824.920778481610 -6.023268593795 
  0.96446195   2.83000000 103.00000000  16865.170226275921 16871.209628488592 -6.039402212671 
  0.96446195   2.84000000 103.00000000  16910.124130547047 16916.166442825972 -6.042312278925 
  0.96446195   2.85000000 103.00000000  16953.793471723795 16959.825760767690 -6.032289043895 
  0.96446195   1.38190955 103.00000000  16970.783296227455 18176.420400293639 -1205.637104066183 
  0.96446195   2.86000000 103.00000000  16996.211852908134 17002.221475621242 -6.009622713107 
  0.96446195   2.87000000 103.00000000  17037.412197709084 17043.386831587872 -5.974633878788 
  0.96446195   2.88000000 103.00000000  17077.426690325141 17083.354421793967 -5.927731468826 
  0.96446195   2.89000000 103.00000000  17116.287073805928 17122.156187418488 -5.869113612560 
  0.96446195   2.90000000 103.00000000  17154.024140253663 17159.823417843902 -5.799277590238 
  0.96446195   2.91000000 103.00000000  17190.668320670724 17196.386751761456 -5.718431090732 
  0.96446195   2.92000000 103.00000000  17226.249144285917 17231.876179164155 -5.627034878238 
  0.96446195   2.93000000 103.00000000  17260.795700073242 17266.321044164106 -5.525344090864 
  0.96446195   2.94000000 103.00000000  17294.337036967278 17299.750048573380 -5.413011606102 
  0.96446195   2.95000000 103.00000000  17326.898702323437 17332.191256190548 -5.292553867112 
  0.96446195   2.96000000 103.00000000  17358.509970948100 17363.672097737490 -5.162126789390 
  0.96446195   2.97000000 103.00000000  17389.196634858847 17394.219376394049 -5.022741535202 
  0.96446195   2.98000000 103.00000000  17418.984467193484 17423.859273880164 -4.874806686679 
  0.96446195   2.99000000 103.00000000  17447.898807793856 17452.617357038162 -4.718549244306 
  0.96446195   3.00000000 103.00000000  17475.964215889573 17480.518584869838 -4.554368980265 
  0.96446195   3.01000000 103.00000000  17503.204847991467 17507.587315985496 -4.382467994030 
  0.96446195   3.02000000 103.00000000  17529.644123524427 17533.847316424355 -4.203192899928 
  0.96446195   3.03000000 103.00000000  17555.304894208908 17559.321767807898 -4.016873598990 
  0.96446195   3.04000000 103.00000000  17580.209947913885 17584.033275789789 -3.823327875903 
  0.96446195   3.05000000 103.00000000  17604.379789888859 17608.003878768111 -3.624088879253 
  0.96446195   3.06000000 103.00000000  17627.836931437254 17631.255056827616 -3.418125390363 
  0.96446195   3.07000000 103.00000000  17650.601520106196 17653.807740881359 -3.206220775162 
  0.96446195   3.08000000 103.00000000  17672.693840190768 17675.682321983291 -2.988481792523 
  0.96446195   3.09000000 103.00000000  17694.133461147547 17696.898660784747 -2.765199637201 
  0.96446195   3.10000000 103.00000000  17714.939478382468 17717.476097109549 -2.536618727081 
  0.96446195   3.11000000 103.00000000  17735.130547195673 17737.433459624197 -2.302912428524 
  0.96446195   3.12000000 103.00000000  17754.723768666387 17756.789075580869 -2.065306914483 
  0.96446195   3.13000000 103.00000000  17773.738774105906 17775.560780612635 -1.822006506729 
  0.96446195   3.14000000 103.00000000  17792.191717505455 17793.765928561596 -1.574211056140 
  0.96446195   3.15000000 103.00000000  17810.099451884627 17811.421401321939 -1.321949437312 
  0.96446195   3.16000000 103.00000000  17827.478066056967 17828.543618681251 -1.065552624284 
  0.96446195   3.17000000 103.00000000  17844.343581706285 17845.148548144673 -0.804966438387 
  0.96446195   3.18000000 103.00000000  17860.711541980505 17861.251714727430 -0.540172746925 
  0.96446195   3.19000000 103.00000000  17876.596357360482 17876.868210702651 -0.271853342168 
  0.96446195   1.37562814 103.00000000  17887.027412623167 19365.397303655278 -1478.369891032111 
  0.96446195   3.20000000 103.00000000  17892.012935236096 17892.012705292131 0.000229943966 
  0.96446195   3.21000000 103.00000000  17906.976894095540 17906.699454288926 0.277439806614 
  0.96446195   3.22000000 103.00000000  17921.498927161098 17920.942309601502 0.556617559596 
  0.96446195   3.23000000 103.00000000  17935.594226032495 17934.754728709908 0.839497322588 
  0.96446195   3.24000000 103.00000000  17949.275593131781 17948.149784025620 1.125809106161 
  0.96446195   3.25000000 103.00000000  17962.555739074945 17961.140172147057 1.415566927888 
  0.96446195   3.26000000 103.00000000  17975.446839213371 17973.738223003984 1.708616209387 
  0.96446195   3.27000000 103.00000000  17987.960956782103 17985.955908884222 2.005047897881 
  0.96446195   3.28000000 103.00000000  18000.109566792846 17997.804853337304 2.304713455542 
  0.96446195   3.29000000 103.00000000  18011.904158949852 18009.296339949768 2.607819000084 
  0.96446195   3.30000000 103.00000000  18023.355418354273 18020.441320987804 2.914097366469 
  0.96446195   3.31000000 103.00000000  18034.474282324314 18031.250425903396 3.223856420918 
  0.96446195   3.32000000 103.00000000  18045.270981028676 18041.733969700428 3.537011328248 
  0.96446195   3.33000000 103.00000000  18055.755653947592 18051.901961158041 3.853692789551 
  0.96446195   3.34000000 103.00000000  18065.937890857458 18061.764110908673 4.173779948786 
  0.96446195   3.35000000 103.00000000  18075.832038953900 18071.329839368889 4.502199585011 
  0.96446195   3.36000000 103.00000000  18085.436868131161 18080.608284521306 4.828583609855 
  0.96446195   3.37000000 103.00000000  18094.767350509763 18089.608309546420 5.159040963343 
  0.96446195   3.38000000 103.00000000  18103.831584244967 18098.338510303383 5.493073941583 
  0.96446195   3.39000000 103.00000000  18112.638117909431 18106.807222659263 5.830895250168 
  0.96446195   3.40000000 103.00000000  18121.194995418191 18115.022529666367 6.172465751824 
  0.96446195   3.41000000 103.00000000  18129.510117918253 18122.992268587743 6.517849330510 
  0.96446195   3.42000000 103.00000000  18137.591144576669 18130.724037771015 6.867106805654 
  0.96446195   3.43000000 103.00000000  18145.445417955518 18138.225203371116 7.220214584402 
  0.96446195   3.44000000 103.00000000  18153.080366387963 18145.502905922549 7.577460465414 
  0.96446195   3.45000000 103.00000000  18160.503067016602 18152.564066762090 7.939000254511 
  0.96446195   3.46000000 103.00000000  18167.719575420022 18159.415394303080 8.304181116942 
  0.96446195   3.47000000 103.00000000  18174.736880287528 18166.063390162428 8.673490125100 
  0.96446195   3.48000000 103.00000000  18181.561280131340 18172.514355141764 9.046924989576 
  0.96446195   3.49000000 103.00000000  18188.198972016573 18178.774395064400 9.424576952173 
  0.96446195   3.50000000 103.00000000  18194.655837878585 18184.849426469507 9.806411409078 
  0.96446195   1.36934673 103.00000000  18858.061037868261 20632.026132538245 -1773.965094669984 
  0.96446195   1.36306533 103.00000000  19872.370025128126 21983.304241280410 -2110.934216152284 
  0.96446195   1.35678392 103.00000000  20928.785126358271 23427.062159852281 -2498.277033494011 
  0.96446195   1.35050251 103.00000000  22027.654447898269 24972.050008961101 -2944.395561062833 
  0.96446195   1.34422111 103.00000000  23169.829940885305 26628.053601405340 -3458.223660520034 
  0.96446195   1.33793970 103.00000000  24356.404847785830 28406.025637320228 -4049.620789534398 
  0.96446195   1.33165829 103.00000000  25588.607728958130 30318.205865935281 -4729.598136977151 
  0.96446195   1.32537688 103.00000000  26867.769994616508 32378.282099688444 -5510.512105071935 
  0.96446195   1.31909548 103.00000000  28195.302718490362 34601.550793868322 -6406.248075377960 
  0.96446195   1.31281407 103.00000000  29572.696086883545 37005.115947199294 -7432.419860315749 
  0.96446195   1.30653266 103.00000000  31001.501504704356 39608.071757397105 -8606.570252692749 
  0.96446195   1.30025126 103.00000000  32483.335985764861 42431.736831171867 -9948.400845407006 
  0.96446195   1.29396985 103.00000000  34019.888203978539 45499.917255888642 -11480.029051910104 
  0.96446195   1.28888476 103.00000000  35305.071781054139 48180.954862397455 -12875.883081343316 
  0.96446195   1.28768844 103.00000000  35612.904482349753 48839.153073571782 -13226.248591222029 
  0.96446195   1.28140704 103.00000000  37264.196059405804 52479.030710403182 -15214.834650997378 
  0.96446195   1.27512563 103.00000000  38975.648051977158 56452.533139087202 -17476.885087110044 
  0.96446195   1.26884422 103.00000000  40749.126254096627 60796.368571124382 -20047.242317027754 
  0.96446195   1.26256281 103.00000000  42586.812817364931 65551.391828403051 -22964.579011038120 
  0.96446195   1.25628141 103.00000000  44490.703444391489 70763.027172141199 -26272.323727749710 
  0.96446195   1.25000000 103.00000000  46462.962079107761 76481.780778146785 -30018.818699039024 
