New model:
f      0    0    0  0.949461950000
f      0    0    0  1.688884760000
f      0    0    0  103.000000000000
f      0    0    0  3.404847613097
f      0    0    0  1.000000000000
f      2    0    0  17476.870043199026
f      3    0    0  6630.553351648049
f      4    0    0  8805.297241521246
f      5    0    0  5453.921859975842
f      6    0    0  1141.344028567869

Grid of energies:
  1.66080402   1.68888476 103.00000000  30120.622346103191 29682.117944186190 438.504401917002 
  1.66446195   1.68888476 103.00000000  30218.476795896888 29790.063126617497 428.413669279391 
  1.66834171   1.68888476 103.00000000  30321.269008636475 29903.438460615071 417.830548021404 
  0.68844221   1.68888476 103.00000000  30417.186236366630 30396.694676024519 20.491560342110 
  1.67587940   1.68888476 103.00000000  30518.042830079794 30120.447589306372 397.595240773422 
  1.68341709   1.68888476 103.00000000  30710.946026921272 30333.195901456958 377.750125464314 
  1.69095477   1.68888476 103.00000000  30899.985915556550 30541.734912853521 358.251002703029 
  1.69849246   1.68888476 103.00000000  31085.176790401340 30746.118059026645 339.058731374695 
  1.70603015   1.68888476 103.00000000  31266.539220362902 30946.398915414680 320.140304948221 
  1.71356784   1.68888476 103.00000000  31444.101281970739 31142.632195316739 301.469086654000 
  1.72110553   1.68888476 103.00000000  31617.900085076690 31334.873361861679 283.026723215011 
  1.72864322   1.68888476 103.00000000  31787.980478048325 31523.178524865769 264.801953182556 
  1.73618090   1.68888476 103.00000000  31954.396682709455 31707.604100847690 246.792581861766 
  1.74371859   1.68888476 103.00000000  32117.212721794844 31888.207693808061 229.005027986783 
  1.75125628   1.68888476 103.00000000  32276.500708088279 32065.046539514529 211.454168573749 
  1.75879397   1.68888476 103.00000000  32432.341282293200 32238.178406228431 194.162876064769 
  1.76446195   1.68888476 103.00000000  32547.308162584901 32365.958503295486 181.349659289415 
  1.76633166   1.68888476 103.00000000  32584.822676688433 32407.661269069580 177.161407618853 
  1.77386935   1.68888476 103.00000000  32734.039087861776 32573.553236064206 160.485851797570 
  1.78140704   1.68888476 103.00000000  32880.089321523905 32735.912478480743 144.176843043162 
  0.68090452   1.68888476 103.00000000  32915.288115292788 32915.236478833227 0.051636459561 
  1.78894472   1.68888476 103.00000000  33023.074813082814 32894.796956784310 128.277856298504 
  1.79648241   1.68888476 103.00000000  33163.098589301109 33050.265197592904 112.833391708205 
  1.80402010   1.68888476 103.00000000  33300.262084037066 33202.374971313991 97.887112723074 
  1.81155779   1.68888476 103.00000000  33434.664498761296 33351.184085713452 83.480413047844 
  1.81909548   1.68888476 103.00000000  33566.400772705674 33496.750122247133 69.650650458541 
  1.82663317   1.68888476 103.00000000  33695.560775443912 33639.130388833139 56.430386610773 
  1.83417085   1.68888476 103.00000000  33822.227956324816 33778.381693152696 43.846263172120 
  1.84170854   1.68888476 103.00000000  33946.479798421264 33914.561036517742 31.918761903522 
  1.84924623   1.68888476 103.00000000  34068.386451348662 34047.724467553824 20.661983794838 
  1.85678392   1.68888476 103.00000000  34188.011513546109 34177.927790045789 10.083723500320 
  1.86432161   1.68888476 103.00000000  34305.412179023027 34305.226343637449 0.185835385579 
  1.86446195   1.68888476 103.00000000  34307.577260091901 34307.569249783824 0.008010308076 
  1.87185930   1.68888476 103.00000000  34420.639721870422 34429.674973890498 -9.035252020076 
  1.87939698   1.68888476 103.00000000  34533.739730075002 34551.327845216278 -17.588115141276 
  1.88693467   1.68888476 103.00000000  34644.753783553839 34670.239057539344 -25.485273985505 
  1.89447236   1.68888476 103.00000000  34753.718721702695 34786.461655063023 -32.742933360329 
  1.90201005   1.68888476 103.00000000  34860.667523950338 34900.048254577690 -39.380730627352 
  1.90954774   1.68888476 103.00000000  34965.631242021918 35011.050863325763 -45.419621303845 
  1.91708543   1.68888476 103.00000000  35068.637517347932 35119.520861989171 -50.883344641239 
  1.92462312   1.68888476 103.00000000  35169.712569102645 35225.508989465619 -55.796420362974 
  1.93216080   1.68888476 103.00000000  35268.880846276879 35329.065193545532 -60.184347268652 
  1.93969849   1.68888476 103.00000000  35366.165473207831 35430.239165287916 -64.073692080085 
  1.94723618   1.68888476 103.00000000  35461.589624166489 35529.079504399539 -67.489880233050 
  1.95477387   1.68888476 103.00000000  35555.175108790398 35625.634262943415 -70.459154153017 
  0.67336683   1.68888476 103.00000000  35568.964188754559 35575.132581834769 -6.168393080210 
  1.96231156   1.68888476 103.00000000  35646.942484423518 35719.950798723490 -73.008314299972 
  1.96446195   1.68888476 103.00000000  35672.791834533215 35746.454079209347 -73.662244676132 
  1.96984925   1.68888476 103.00000000  35736.913077861071 35812.075768929360 -75.162691068290 
  1.97738693   1.68888476 103.00000000  35825.108283668756 35902.055007010975 -76.946723342218 
  1.98492462   1.68888476 103.00000000  35911.549099445343 35989.933993285274 -78.384893839931 
  1.99246231   1.68888476 103.00000000  35996.256172508001 36075.757135823253 -79.500963315251 
  2.00000000   1.68888476 103.00000000  36079.250721171498 36159.568248743730 -80.317527572231 
  2.01000000   1.68888476 103.00000000  36186.750496938825 36267.726018315552 -80.975521376728 
  2.02000000   1.68888476 103.00000000  36291.323846668005 36372.516992684723 -81.193146016718 
  2.03000000   1.68888476 103.00000000  36393.021777734160 36474.037647262121 -81.015869527961 
  2.04000000   1.68888476 103.00000000  36491.895897448063 36572.382250372473 -80.486352924410 
  2.05000000   1.68888476 103.00000000  36587.997836798429 36667.642874197867 -79.645037399438 
  2.06000000   1.68888476 103.00000000  36681.380327373743 36759.909409085310 -78.529081711567 
  2.07000000   1.68888476 103.00000000  36772.096634805202 36849.269580898566 -77.172946093364 
  2.08000000   1.68888476 103.00000000  36860.200141698122 36935.808971115708 -75.608829417586 
  2.09000000   1.68888476 103.00000000  36945.744835957885 37019.611039393327 -73.866203435442 
  2.10000000   1.68888476 103.00000000  37028.784804269671 37100.757148337099 -71.972344067428 
  2.11000000   1.68888476 103.00000000  37109.374319389462 37179.326590235898 -69.952270846436 
  2.12000000   1.68888476 103.00000000  37187.567883029580 37255.396615533951 -67.828732504371 
  2.13000000   1.68888476 103.00000000  37263.419525444508 37329.042462830905 -65.622937386397 
  2.14000000   1.68888476 103.00000000  37336.983600422740 37400.337390214889 -63.353789792149 
  2.15000000   1.68888476 103.00000000  37408.314181894064 37469.352707747843 -61.038525853779 
  2.16000000   1.68888476 103.00000000  37477.464968293905 37536.157810935692 -58.692842641787 
  2.17000000   1.68888476 103.00000000  37544.489489689469 37600.820215028471 -56.330725339001 
  2.18000000   1.68888476 103.00000000  37609.440859794617 37663.405590007525 -53.964730212909 
  2.19000000   1.68888476 103.00000000  37672.371558561921 37723.977796127750 -51.606237565829 
  2.20000000   1.68888476 103.00000000  37733.333685502410 37782.598919893702 -49.265234391292 
  2.21000000   1.68888476 103.00000000  37792.378783166409 37839.329310357571 -46.950527191162 
  2.22000000   1.68888476 103.00000000  37849.557648286223 37894.227615637239 -44.669967351016 
  2.23000000   1.68888476 103.00000000  37904.920425087214 37947.350819560001 -42.430394472787 
  2.24000000   1.68888476 103.00000000  37958.516618713737 37998.754278346729 -40.237659632992 
  2.25000000   1.68888476 103.00000000  38010.395093455911 38048.491757258023 -38.096663802113 
  2.26000000   1.68888476 103.00000000  38060.603698730469 38096.615467131393 -36.011768400924 
  2.27000000   1.68888476 103.00000000  38109.189614772797 38143.176100744917 -33.986485972120 
  2.28000000   1.68888476 103.00000000  38156.199231714010 38188.222868948891 -32.023637234881 
  2.29000000   1.68888476 103.00000000  38201.677844539285 38231.803536512874 -30.125691973590 
  2.30000000   1.68888476 103.00000000  38245.670041680336 38273.964457640868 -28.294415960532 
  2.31000000   1.68888476 103.00000000  38288.219540089369 38314.750611111915 -26.531071022546 
  2.32000000   1.68888476 103.00000000  38329.369825363159 38354.205635008715 -24.835809645556 
  2.33000000   1.68888476 103.00000000  38369.161783635616 38392.371861000262 -23.210077364645 
  0.66582915   1.68888476 103.00000000  38386.417133644223 38386.356264454007 0.060869190216 
  2.34000000   1.68888476 103.00000000  38407.636765956879 38429.290348149480 -21.653582192601 
  2.35000000   1.68888476 103.00000000  38444.834872260690 38465.000916219316 -20.166043958627 
  2.36000000   1.68888476 103.00000000  38480.795289754868 38499.542178455253 -18.746888700385 
  2.37000000   1.68888476 103.00000000  38515.556435778737 38532.951573824597 -17.395138045860 
  2.38000000   1.68888476 103.00000000  38549.154664888978 38565.265398696087 -16.110733807109 
  2.39000000   1.68888476 103.00000000  38581.627355217934 38596.518837946045 -14.891482728111 
  2.40000000   1.68888476 103.00000000  38613.009563222528 38626.745995479483 -13.736432256956 
  2.41000000   1.68888476 103.00000000  38643.335937574506 38655.979924157364 -12.643986582858 
  2.42000000   1.68888476 103.00000000  38672.639986336231 38684.252655122604 -11.612668786373 
  2.43000000   1.68888476 103.00000000  38700.954626128078 38711.595226519850 -10.640600391773 
  2.44000000   1.68888476 103.00000000  38728.311458170414 38738.037711605539 -9.726253435125 
  2.45000000   1.68888476 103.00000000  38754.741552203894 38763.609246246408 -8.867694042514 
  2.46000000   1.68888476 103.00000000  38780.275399640203 38788.338055806023 -8.062656165821 
  2.47000000   1.68888476 103.00000000  38804.941780358553 38812.251481420171 -7.309701061618 
  2.48000000   1.68888476 103.00000000  38828.769387409091 38835.376005663325 -6.606618254234 
  2.49000000   1.68888476 103.00000000  38851.785798415542 38857.737277609325 -5.951479193784 
  2.50000000   1.68888476 103.00000000  38874.017837166786 38879.360137290205 -5.342300123419 
  2.51000000   1.68888476 103.00000000  38895.491670489311 38900.268639558599 -4.776969069288 
  0.66446195   1.68888476 103.00000000  38915.667828217149 38913.521446274244 2.146381942905 
  2.53020408   1.68888476 103.00000000  38936.666309118271 38940.427152556047 -3.760843437776 
  2.55040816   1.68888476 103.00000000  38975.047233790159 38977.946970861049 -2.899737070889 
  2.57061224   1.68888476 103.00000000  39010.821313410997 39012.999545498817 -2.178232087819 
  2.59081633   1.68888476 103.00000000  39044.163754269481 39045.745451736409 -1.581697466929 
  2.61102041   1.68888476 103.00000000  39075.239683672786 39076.334984986453 -1.095301313668 
  2.63122449   1.68888476 103.00000000  39104.202841356397 39104.908881844662 -0.706040488265 
  2.65142857   1.68888476 103.00000000  39131.197427690029 39131.598843775791 -0.401416085762 
  2.67163265   1.68888476 103.00000000  39156.358325347304 39156.528110493688 -0.169785146383 
  2.69183673   1.68888476 103.00000000  39179.812919020653 39179.811985025663 0.000933994990 
  2.71204082   1.68888476 103.00000000  39201.675379812717 39201.558339034651 0.117040778066 
  2.73224490   1.68888476 103.00000000  39222.060272604227 39221.868036714543 0.192235889685 
  2.75244898   1.68888476 103.00000000  39241.066607043147 39240.835438119931 0.231168923216 
  2.77265306   1.68888476 103.00000000  39258.791332304478 39258.548768237451 0.242564067026 
  2.79285714   1.68888476 103.00000000  39275.323578104377 39275.090516272518 0.233061831859 
  2.81306122   1.68888476 103.00000000  39290.746271654963 39290.537800415856 0.208471239108 
  2.83326531   1.68888476 103.00000000  39305.136580437422 39304.962717369701 0.173863067721 
  2.85346939   1.68888476 103.00000000  39318.566943585873 39318.432635993042 0.134307592831 
  2.87367347   1.68888476 103.00000000  39331.097914621234 39331.010542005053 0.087372616181 
  2.89387755   1.68888476 103.00000000  39342.806472495198 39342.755292209178 0.051180286020 
  2.91408163   1.68888476 103.00000000  39353.738666266203 39353.721887522181 0.016778744022 
  2.93428571   1.68888476 103.00000000  39363.952852085233 39363.961722025357 -0.008869940124 
  2.95448980   1.68888476 103.00000000  39373.497321560979 39373.522820962506 -0.025499401527 
  2.97469388   1.68888476 103.00000000  39382.419580906630 39382.450040870826 -0.030459964197 
  2.99489796   1.68888476 103.00000000  39390.762380436063 39390.785302831442 -0.022922395379 
  3.01510204   1.68888476 103.00000000  39398.566976621747 39398.567765119042 -0.000788497295 
  3.03530612   1.68888476 103.00000000  39405.870053917170 39405.834007768863 0.036046148307 
  3.05551020   1.68888476 103.00000000  39412.706910490990 39412.618200773701 0.088709717289 
  3.07571429   1.68888476 103.00000000  39419.110827431083 39418.952264537940 0.158562893143 
  3.09591837   1.68888476 103.00000000  39425.108740672469 39424.866004880088 0.242735792381 
  3.11612245   1.68888476 103.00000000  39430.730739280581 39430.387269657069 0.343469623513 
  3.13632653   1.68888476 103.00000000  39436.001937329769 39435.542064964444 0.459872365325 
  3.15653061   1.68888476 103.00000000  39440.945705756545 39440.354678990487 0.591026766058 
  3.17673469   1.68888476 103.00000000  39445.586423620582 39444.847794815185 0.738628805397 
  3.19693878   1.68888476 103.00000000  39449.948493853211 39449.042597896580 0.905895956632 
  3.21714286   1.68888476 103.00000000  39454.041769310832 39452.958866540139 1.082902770693 
  3.23734694   1.68888476 103.00000000  39457.888587936759 39456.615076547583 1.273511389176 
  3.25755102   1.68888476 103.00000000  39461.506194069982 39460.028478972010 1.477715097972 
  3.27775510   1.68888476 103.00000000  39464.910198912024 39463.215182835986 1.695016076039 
  3.29795918   1.68888476 103.00000000  39468.114119499922 39466.190230435881 1.923889064041 
  3.31816327   1.68888476 103.00000000  39471.128659576178 39468.967669047255 2.160990528922 
  3.33836735   1.68888476 103.00000000  39473.973033294082 39471.560611292414 2.412422001667 
  3.35857143   1.68888476 103.00000000  39476.655063375831 39473.981304834575 2.673758541256 
  3.37877551   1.68888476 103.00000000  39479.185535266995 39476.241184211860 2.944351055135 
  3.39897959   1.68888476 103.00000000  39481.574801757932 39478.350925910592 3.223875847340 
  3.41918367   1.68888476 103.00000000  39483.829703480005 39480.320498489586 3.509204990420 
  3.43938776   1.68888476 103.00000000  39485.962998256087 39482.159210285805 3.803787970282 
  3.45959184   1.68888476 103.00000000  39487.980512470007 39483.875749583385 4.104762886622 
  3.47979592   1.68888476 103.00000000  39489.889333844185 39485.478230929810 4.411102914375 
  3.50000000   1.68888476 103.00000000  39491.697235539556 39486.974229604901 4.723005934655 
  0.65829146   1.68888476 103.00000000  41376.322926208377 41363.536404068480 12.786522139897 
  0.65075377   1.68888476 103.00000000  44547.836913362145 44528.005985572629 19.830927789517 
  0.64321608   1.68888476 103.00000000  47910.639775380492 47910.560042943347 0.079732437145 
