New model:
f      0    0    0  0.964461950000
f      0    0    0  1.688884760000
f      0    0    0  103.000000000000
f      0    0    0  1.000000000000
f      0    0    0  1.000000000000
f      0    0    0  0.002376403385
f      0    0    1  -115.021755706297
f      0    0    2  29328.640830005177
f      0    0    3  -293.130652496333
f      0    0    4  5111.241992033213
f      0    0    5  -8089.648590871976
f      0    0    6  -647.865388356235
f      0    0    7  -1051.524503432588
f      0    0    8  6842.797696541184
f      0    0    0  -8105.598570644613
f      0    0    1  6471.409776997443
f      0    0    2  23327.985008260606
f      0    0    3  -14363.646962162613
f      0    0    4  18303.848829953677
f      0    0    5  -1178.991407942839
f      0    0    6  -10351.613402532315
f      0    0    7  5171.666502934926
f      0    0    8  11605.147862386946

Grid of energies:
  0.96446195   1.68888476 103.00000000  0.000000000000 0.002376403385 -0.002376403385 
  0.96446195   1.68888476 103.31658291  0.034596234560 0.038533853912 -0.003937619352 
  0.96446195   1.68888476 102.61306533  1.785370841622 1.785838771296 -0.000467929673 
  0.96446195   1.68888476 104.00000000  4.668373867869 4.675442961820 -0.007069093951 
  0.96446195   1.68888476 104.02010050  4.898575767875 4.905701131438 -0.007125363563 
  0.96446195   1.68888476 102.00000000  8.755273818970 8.752817356502 0.002456462467 
  0.96446195   1.68888476 101.90954774  10.215597912669 10.212734811417 0.002863101252 
  0.96446195   1.68888476 104.72361809  16.312197253108 16.321849525845 -0.009652272737 
  0.96446195   1.68888476 105.00000000  22.573847666383 22.584188238089 -0.010340571706 
  0.96446195   1.68888476 101.20603015  25.389693856239 25.383952874245 0.005740981994 
  0.96446195   1.68888476 101.00000000  31.119466573000 31.113046460324 0.006420112676 
  0.96446195   1.68888476 105.42713568  34.210104450583 34.221133515223 -0.011029064639 
  0.96446195   1.68888476 105.50000000  36.431757718325 36.442844988667 -0.011087270343 
  0.96446195   1.68888476 100.50251256  47.371789157391 47.363822815729 0.007966341662 
  0.96446195   1.68888476 100.50000000  47.462554231286 47.454600604691 0.007953626595 
  0.96446195   1.68888476 106.00000000  53.528345704079 53.539335684367 -0.010989980289 
  0.96446195   1.68888476 106.13065327  58.526589050889 58.537372622916 -0.010783572027 
  0.96446195   1.68888476 100.00000000  67.276760071516 67.267715571801 0.009044499715 
  0.96446195   1.68888476  99.79899497  76.225621044636 76.216263577344 0.009357467292 
  0.96446195   1.68888476 106.83417085  89.195565268397 89.204071121062 -0.008505852665 
  0.96446195   1.68888476 107.00000000  97.342722937465 97.350273873402 -0.007550935937 
  0.96446195   1.68888476  99.09547739  112.014516517520 112.004776152471 0.009740365049 
  0.96446195   1.68888476 107.53768844  126.150874257088 126.154439984905 -0.003565727817 
  0.96446195   1.68888476 108.00000000  153.826340034604 153.825172924584 0.001167110020 
  0.96446195   1.68888476  98.39195980  154.801677420735 154.792442821647 0.009234599088 
  0.96446195   1.68888476 108.24120603  169.325642511249 169.321413439772 0.004229071477 
  0.96446195   1.68888476  98.00000000  181.699154764414 181.690532841890 0.008621922524 
  0.96446195   1.68888476  98.00000000  181.699154764414 181.690532841890 0.008621922524 
  0.96446195   1.68888476  97.68844221  204.649811401963 204.641924813621 0.007886588342 
  0.96446195   1.68888476 108.94472362  218.652956172824 218.637667891306 0.015288281518 
  0.96446195   1.68888476  96.98492462  261.621288120747 261.615468475563 0.005819645184 
  0.96446195   1.68888476 109.64824121  274.065448790789 274.035635975309 0.029812815480 
  0.96446195   1.68888476  96.28140704  325.778088957071 325.774911414229 0.003177542842 
  0.96446195   1.68888476 110.35175879  335.495485141873 335.447516310815 0.047968831058 
  0.96446195   1.68888476 110.50000000  349.200822129846 349.148606183286 0.052215946560 
  0.96446195   1.68888476  95.57788945  397.181902959943 397.181696853916 0.000206106026 
  0.96446195   1.68888476 111.05527638  402.874894812703 402.805283071151 0.069611741552 
  0.96446195   1.68888476  95.50000000  405.535558819771 405.535703135979 -0.000144316208 
  0.96446195   1.68888476  94.87437186  475.894031390548 475.896881465029 -0.002850074481 
  0.96446195   1.68888476 111.75879397  476.135402783751 476.040681222088 0.094721561663 
  0.96446195   1.68888476 112.46231156  555.208149999380 555.085224133006 0.122925866374 
  0.96446195   1.68888476  94.17085427  561.975338280201 561.981154503546 -0.005816223345 
  0.96446195   1.68888476 113.16582915  640.023876160383 639.870180028997 0.153696131386 
  0.96446195   1.68888476  93.46733668  655.486548528075 655.494854432610 -0.008305904535 
  0.96446195   1.68888476  93.00000000  721.741336822510 721.750983480884 -0.009646658374 
  0.96446195   1.68888476 113.86934673  730.512947916985 730.326550508394 0.186397408591 
  0.96446195   1.68888476  92.76381910  756.487760245800 756.497986416905 -0.010226171105 
  0.96446195   1.68888476 114.57286432  826.605280607939 826.385047802611 0.220232805328 
  0.96446195   1.68888476  92.06030151  865.038889095187 865.050248328501 -0.011359233314 
  0.96446195   1.68888476 115.27638191  928.230329856277 927.976051086546 0.254278769730 
  0.96446195   1.68888476 115.50000000  961.679935365915 961.414918407100 0.265016958815 
  0.96446195   1.68888476  91.35678392  981.199355214834 981.211043233640 -0.011688018805 
  0.96446195   1.68888476 115.97989950  1035.317107915878 1035.029567536214 0.287540379664 
  0.96446195   1.68888476  90.65326633  1105.028480380774 1105.039506978891 -0.011026598118 
  0.96446195   1.68888476  90.50000000  1133.028612777591 1133.039390517722 -0.010777740131 
  0.96446195   1.68888476 116.68341709  1147.794008985162 1147.475179210006 0.318829775156 
  0.96446195   1.68888476  89.94974874  1236.585057273507 1236.594529699891 -0.009472426384 
  0.96446195   1.68888476 117.38693467  1265.588855504990 1265.241981956004 0.346873548986 
  0.96446195   1.68888476 118.00000000  1372.518405228853 1372.150533008399 0.367872220454 
  0.96446195   1.68888476  89.24623116  1375.927686676383 1375.934777927589 -0.007091251206 
  0.96446195   1.68888476 118.09045226  1388.629168212414 1388.258525847576 0.370642364837 
  0.96446195   1.68888476 118.79396985  1516.841323241591 1516.452732591002 0.388590650589 
  0.96446195   1.68888476  88.54271357  1523.114666387439 1523.118728589318 -0.004062201880 
  0.96446195   1.68888476  88.00000000  1642.055345863104 1642.056770282065 -0.001424418961 
  0.96446195   1.68888476 119.49748744  1650.151483148336 1649.751824314459 0.399658833877 
  0.96446195   1.68888476  87.83919598  1678.204074606299 1678.204685795296 -0.000611188997 
  0.96446195   1.68888476 120.20100503  1788.484987288713 1788.082239907812 0.402747380901 
  0.96446195   1.68888476  87.13567839  1841.253873258829 1841.250821230792 0.003052028037 
  0.96446195   1.68888476 120.50000000  1848.779445409775 1848.378027436539 0.401417973236 
  0.96446195   1.68888476 120.90452261  1931.766474649310 1931.369547979498 0.396926669812 
  0.96446195   1.68888476  86.43216080  2012.321784675121 2012.315210302405 0.006574372716 
  0.96446195   1.68888476 121.60804020  2079.919722169638 2079.538368525511 0.381353644127 
  0.96446195   1.68888476  85.72864322  2191.465470924973 2191.455875063961 0.009595861012 
  0.96446195   1.68888476 122.31155779  2232.867746874690 2232.512274051606 0.355472823084 
  0.96446195   1.68888476  85.50000000  2251.435680270195 2251.425198303301 0.010481966894 
  0.96446195   1.68888476  85.02512563  2378.742783129215 2378.730849881028 0.011933248188 
  0.96446195   1.68888476 123.00000000  2387.105374902487 2386.785370862192 0.320004040294 
  0.96446195   1.68888476 123.01507538  2390.532834991813 2390.213712425085 0.319122566727 
  0.96446195   1.68888476 123.71859296  2552.836072474718 2552.563920305634 0.272152169084 
  0.96446195   1.68888476  84.32160804  2574.211415693164 2574.198234145603 0.013181547561 
  0.96446195   1.68888476 124.42211055  2719.697900846601 2719.482854775825 0.215046070775 
  0.96446195   1.68888476  83.61809045  2777.929540798068 2777.916286172265 0.013254625803 
  0.96446195   1.68888476 125.12562814  2891.037523373961 2890.889107900084 0.148415473878 
  0.96446195   1.68888476  83.00000000  2963.764306575060 2963.752167773234 0.012138801826 
  0.96446195   1.68888476 125.50000000  2984.012013241649 2983.902578004184 0.109435237464 
  0.96446195   1.68888476  82.91457286  2989.955396026373 2989.943523982412 0.011872043961 
  0.96446195   1.68888476 125.82914573  3066.773176118731 3066.699851791567 0.073324327165 
  0.96446195   1.68888476  82.21105528  3210.347998350859 3210.338848822649 0.009149528210 
  0.96446195   1.68888476 126.53266332  3246.822095811367 3246.830781015395 -0.008685204028 
  0.96446195   1.68888476 127.23618090  3431.100102767348 3431.196064494738 -0.095961727389 
  0.96446195   1.68888476  81.50753769  3439.166889920831 3439.161712298133 0.005177622697 
  0.96446195   1.68888476 127.93969849  3619.521982014179 3619.708321362298 -0.186339348119 
  0.96446195   1.68888476 128.00000000  3635.862463399768 3636.056610205688 -0.194146805920 
  0.96446195   1.68888476  80.80402010  3676.472449526191 3676.472284461394 0.000165064796 
  0.96446195   1.68888476  80.50000000  3781.663913756609 3781.666127389728 -0.002213633119 
  0.96446195   1.68888476 128.64321608  3812.001177340746 3812.278581899777 -0.277404559031 
  0.96446195   1.68888476  80.10050251  3922.326286956668 3922.331690364993 -0.005403408325 
  0.96446195   1.68888476 129.34673367  4008.449919104576 4008.816286277235 -0.366367172659 
  0.96446195   1.68888476  79.39698492  4176.791165649891 4176.802273394315 -0.011107744424 
  0.96446195   1.68888476 130.05025126  4208.778870135546 4209.229281876046 -0.450411740500 
  0.96446195   1.68888476 130.75376884  4412.897283405066 4413.423831440885 -0.526548035819 
  0.96446195   1.68888476  78.69346734  4439.931885436177 4439.947905199087 -0.016019762909 
  0.96446195   1.68888476 131.45728643  4620.712869137526 4621.304646157261 -0.591777019736 
  0.96446195   1.68888476  78.00000000  4707.869331791997 4707.888418220007 -0.019086428010 
  0.96446195   1.68888476  77.98994975  4711.815178915858 4711.834366852438 -0.019187936579 
  0.96446195   1.68888476 132.16080402  4832.131869345903 4832.774898723285 -0.643029377382 
  0.96446195   1.68888476  77.28643216  4992.509869828820 4992.529749663824 -0.019879835004 
  0.96446195   1.68888476 132.86432161  5047.058690935373 5047.736272780987 -0.677581845614 
  0.96446195   1.68888476 133.00000000  5088.904224887490 5089.586312523797 -0.682087636307 
  0.96446195   1.68888476 133.56783920  5265.396189823747 5266.089003172976 -0.692813349229 
  0.96446195   1.68888476  76.58291457  5282.088047474623 5282.104954982400 -0.016907507777 
  0.96446195   1.68888476 134.27135678  5487.045274570584 5487.731918608129 -0.686644037545 
  0.96446195   1.68888476  75.87939698  5580.624591529369 5580.634241274935 -0.009649745565 
  0.96446195   1.68888476 134.97487437  5711.905105561018 5712.562499895299 -0.657394334281 
  0.96446195   1.68888476  75.17587940  5888.199051916599 5888.195839705560 0.003212211040 
  0.96446195   1.68888476 135.67839196  5939.872859343886 5940.476903028132 -0.604043684246 
  0.96446195   1.68888476 136.38190955  6170.843702554703 6171.370006458882 -0.526303904179 
  0.96446195   1.68888476  74.47236181  6204.894792795181 6204.872663722444 0.022129072738 
  0.96446195   1.68888476 137.08542714  6404.710680812597 6405.135431449421 -0.424750636824 
  0.96446195   1.68888476  73.76884422  6530.800479456782 6530.753048509305 0.047430947478 
  0.96446195   1.68888476 137.78894472  6641.364896774292 6641.665546740945 -0.300649966653 
  0.96446195   1.68888476 138.00000000  6712.888103023171 6713.147453227102 -0.259350203931 
  0.96446195   1.68888476  73.06532663  6866.010722413659 6865.931608372754 0.079114040905 
  0.96446195   1.68888476 138.49246231  6880.694812476635 6880.851470326646 -0.156657850011 
  0.96446195   1.68888476  73.00000000  6897.613019347191 6897.530658700067 0.082360647124 
  0.96446195   1.68888476 139.19597990  7122.587067797780 7122.583013389384 0.004054408396 
  0.96446195   1.68888476  72.36180905  7210.626688033342 7210.510141206761 0.116546826582 
  0.96446195   1.68888476 139.89949749  7366.925597250462 7366.748629273793 0.176967976668 
  0.96446195   1.68888476  71.65829146  7564.757172763348 7564.598633572130 0.158539191218 
  0.96446195   1.68888476 140.60301508  7613.591985329986 7613.235312899082 0.356672430904 
  0.96446195   1.68888476 141.30653266  7862.465353697538 7861.928463136363 0.536890561175 
  0.96446195   1.68888476  70.95477387  7928.519434630871 7928.316284589418 0.203150041453 
  0.96446195   1.68888476 142.01005025  8113.422240450978 8112.711722398455 0.710518052523 
  0.96446195   1.68888476  70.25125628  8302.039979517460 8301.792641158416 0.247338359044 
  0.96446195   1.68888476 142.71356784  8366.336382687092 8365.466737107623 0.869645579469 
  0.96446195   1.68888476 143.00000000  8469.839704215527 8468.911316988781 0.928387226746 
  0.96446195   1.68888476 143.41708543  8621.078986093402 8620.072907083771 1.006079009630 
  0.96446195   1.68888476  69.54773869  8685.455408409238 8685.168764066006 0.286644343232 
  0.96446195   1.68888476 144.12060302  8877.518364816904 8876.407068906581 1.111295910323 
  0.96446195   1.68888476  68.84422111  9078.916429460049 9078.598439154914 0.317990305135 
  0.96446195   1.68888476 144.82412060  9135.519921630621 9134.343129504565 1.176792126056 
  0.96446195   1.68888476 145.52763819  9394.946205928922 9393.751668141704 1.194537787218 
  0.96446195   1.68888476  68.14070352  9482.585162296891 9482.249451235502 0.335711061389 
  0.96446195   1.68888476  68.00000000  9564.559065029025 9564.222038191667 0.337026837358 
  0.96446195   1.68888476 146.23115578  9655.656589582562 9654.499452342658 1.157137239905 
  0.96446195   1.68888476  67.43718593  9896.637949883938 9896.304823084700 0.333126799238 
  0.96446195   1.68888476 146.93467337  9917.507581844926 9916.448942705927 1.058639138999 
  0.96446195   1.68888476 147.63819095  10180.352229028940 10179.457730596238 0.894498432703 
  0.96446195   1.68888476 148.00000000  10315.867497116327 10315.083853650602 0.783643465726 
  0.96446195   1.68888476  66.73366834  10321.268088832498 10320.964115853611 0.303972978887 
  0.96446195   1.68888476 148.34170854  10444.040299236774 10443.377956916922 0.662342319853 
  0.96446195   1.68888476 149.04522613  10708.418056443334 10708.055657088295 0.362399355039 
  0.96446195   1.68888476  66.03015075  10756.686780259013 10756.444689785932 0.242090473081 
  0.96446195   1.68888476 149.74874372  10973.328079327941 10973.330113015982 -0.002033688041 
  0.96446195   1.68888476  65.32663317  11203.124189615250 11202.982932515861 0.141257099389 
  0.96446195   1.68888476 150.45226131  11238.608697444201 11239.033163078384 -0.424465634183 
  0.96446195   1.68888476 151.15577889  11504.094188332558 11504.988496849681 -0.894308517123 
  0.96446195   1.68888476  64.62311558  11660.833214208484 11660.835466386272 -0.002252177788 
  0.96446195   1.68888476 151.85929648  11769.613793477416 11771.010962544951 -1.397169067535 
  0.96446195   1.68888476 152.56281407  12034.991193741560 12036.905840331821 -1.914646590261 
  0.96446195   1.68888476  63.91959799  12130.089686259627 12130.280216053387 -0.190529793759 
  0.96446195   1.68888476 153.00000000  12199.752584472299 12201.986452451241 -2.233867978943 
  0.96446195   1.68888476 153.26633166  12300.043935522437 12302.468167699428 -2.424232176991 
  0.96446195   1.68888476 153.96984925  12564.582041323185 12567.482071313381 -2.900029990196 
  0.96446195   1.68888476  63.21608040  12611.195271059871 12611.617438682926 -0.422167623055 
  0.96446195   1.68888476  63.00000000  12761.392184048891 12761.893320600262 -0.501136551371 
  0.96446195   1.68888476 154.67336683  12828.407042190433 12831.720135824162 -3.313093633729 
  0.96446195   1.68888476 155.37688442  13091.310108050704 13094.942840125730 -3.632732075026 
  0.96446195   1.68888476  62.51256281  13104.480131059885 13105.170596092757 -0.690465032872 
  0.96446195   1.68888476 156.08040201  13353.070114225149 13356.898016546947 -3.827902321798 
  0.96446195   1.68888476  61.80904523  13610.304789572954 13611.287072566201 -0.982282993247 
  0.96446195   1.68888476 156.78391960  13613.451569035649 13617.320419753212 -3.868850717563 
  0.96446195   1.68888476 157.48743719  13872.201624363661 13875.931360262955 -3.729735899295 
  0.96446195   1.68888476 158.19095477  14129.047767266631 14132.438432243054 -3.390664976423 
  0.96446195   1.68888476  61.10552764  14129.063548579812 14130.338748282100 -1.275199702288 
  0.96446195   1.68888476 158.89447236  14383.694579675794 14386.535363618195 -2.840783942402 
  0.96446195   1.68888476 159.59798995  14635.821464389563 14637.901942920444 -2.080478530881 
  0.96446195   1.68888476  60.40201005  14661.186892032623 14662.722292540118 -1.535400507495 
  0.96446195   1.68888476 160.30150754  14885.080349624157 14886.204103766309 -1.123754142152 
  0.96446195   1.68888476 161.00502513  15131.094667151570 15131.094118866635 0.000548284936 
  0.96446195   1.68888476  59.69849246  15207.143716245890 15208.859293435928 -1.715577190038 
  0.96446195   1.68888476 161.70854271  15373.459339410067 15372.210927410300 1.248411999766 
  0.96446195   1.68888476 162.41206030  15611.742738172412 15609.180616408063 2.562121764349 
  0.96446195   1.68888476  58.99497487  15767.445116668940 15769.196090061891 -1.750973392951 
  0.96446195   1.68888476 163.00000000  15807.419509962201 15803.758800316589 3.660709645612 
  0.96446195   1.68888476 163.11557789  15845.489705756307 15841.617006917460 3.872698838846 
  0.96446195   1.68888476 163.81909548  16074.226999282837 16069.122414275254 5.104585007583 
  0.96446195   1.68888476 164.52261307  16297.468917682767 16291.288529649908 6.180388032859 
  0.96446195   1.68888476  58.29145729  16342.647734925151 16344.203316476305 -1.555581551154 
  0.96446195   1.68888476 165.22613065  16514.724630713463 16507.697437755076 7.027192958387 
  0.96446195   1.68888476  58.00000000  16585.452331155539 16586.834162653638 -1.381831498100 
  0.96446195   1.68888476 165.92964824  16725.504866659641 16717.922781097441 7.582085562201 
  0.96446195   1.68888476 166.63316583  16929.327982708812 16921.531018744416 7.796963964396 
  0.96446195   1.68888476  57.58793970  16933.356677561998 16934.375176213456 -1.018498651458 
  0.96446195   1.68888476 167.33668342  17125.725329235196 17118.082833565401 7.642495669796 
  0.96446195   1.68888476 168.04020101  17314.245163485408 17307.134632554058 7.110530931350 
  0.96446195   1.68888476 168.74371859  17494.455278545618 17488.240146018543 6.215132527075 
  0.96446195   1.68888476  56.88442211  17540.228969067335 17540.228302827352 0.000666239983 
  0.96446195   1.68888476 169.44723618  17665.943476393819 17660.952126247856 4.991350145963 
  0.96446195   1.68888476 170.15075377  17828.319272637367 17824.824094813583 3.495177823785 
  0.96446195   1.68888476 170.85427136  17981.213224932551 17979.412176680318 1.801048252233 
  0.96446195   1.68888476 171.55778894  18124.277024194598 18124.276966209465 0.000057985133 
  0.96446195   1.68888476  56.18090452  18163.976641610265 18162.300351179500 1.676290430765 
  0.96446195   1.68888476 172.26130653  18257.183481797576 18258.985438324187 -1.801956526611 
  0.96446195   1.68888476 172.96482412  18379.625946477056 18383.112856862943 -3.486910385887 
  0.96446195   1.68888476 173.00000000  18385.468206554651 18389.033991330027 -3.565784775376 
  0.96446195   1.68888476 173.66834171  18491.319383665919 18496.244706422556 -4.925322756637 
  0.96446195   1.68888476 174.37185930  18592.000601783395 18597.978601582250 -5.977999798855 
  0.96446195   1.68888476 175.07537688  18681.429277867079 18687.926170334376 -6.496892467298 
  0.96446195   1.68888476 175.77889447  18759.389030575752 18765.714902692991 -6.325872117239 
  0.96446195   1.68888476  55.47738693  18805.371445655823 18801.148181834993 4.223263820830 
  0.96446195   1.68888476 176.48241206  18825.688815131783 18830.989932020406 -5.301116888622 
  0.96446195   1.68888476 177.18592965  18880.164029479027 18883.415761648084 -3.251732169058 
  0.96446195   1.68888476 177.88944724  18922.677852049470 18922.677904954500 -0.000052905030 
  0.96446195   1.68888476 178.59296482  18953.122784420848 18948.484435330276 4.638349090572 
  0.96446195   1.68888476 179.29648241  18971.420988544822 18960.567436165915 10.853552378907 
  0.96446195   1.68888476  54.77386935  19465.247610703111 19457.345665720015 7.901944983096 
  0.96446195   1.68888476  54.07035176  20144.505897715688 20131.481149407758 13.024748307929 
  0.96446195   1.68888476  53.36683417  20844.117353782058 20824.154436821249 19.962916960809 
  0.96446195   1.68888476  53.00000000  21217.333405464888 21192.889705020425 24.443700444463 
  0.96446195   1.68888476  52.66331658  21565.127098679543 21535.973474789331 29.153623890212 
  0.96446195   1.68888476  51.95979899  22308.658125966787 22267.550608965445 41.107517001343 
  0.96446195   1.68888476  51.25628141  23075.914464071393 23019.498465499502 56.415998571891 
  0.96446195   1.68888476  50.55276382  23868.185441091657 23792.425529807977 75.759911283680 
  0.96446195   1.68888476  49.84924623  24686.848432615399 24586.931282294296 99.917150321104 
  0.96446195   1.68888476  49.14572864  25533.372075825930 25403.601130592881 129.770945233049 
  0.96446195   1.68888476  48.44221106  26409.319115698338 26243.000997290135 166.318118408202 
  0.96446195   1.68888476  47.73869347  27316.348881199956 27105.671734018979 210.677147180977 
  0.96446195   1.68888476  47.03517588  28256.219354957342 27992.123210894966 264.096144062376 
  0.96446195   1.68888476  46.33165829  29230.788572803140 28902.828362907108 327.960209896031 
  0.96446195   1.68888476  45.62814070  30242.015994638205 29838.217061403826 403.798933234379 
  0.96446195   1.68888476  44.92462312  31292.121411457658 30798.669916759995 493.451494697663 
  0.96446195   1.68888476  44.22110553  32382.945194721222 31784.512134202625 598.433060518597 
  0.96446195   1.68888476  43.51758794  33516.914023891091 32796.007269754198 720.906754136893 
  0.96446195   1.68888476  43.00000000  34380.110925123096 33556.674777470049 823.436147653047 
  0.96446195   1.68888476  42.81407035  34696.390616938472 33833.351212813221 863.039404125251 
  0.96446195   1.68888476  42.11055276  35923.834624543786 34896.666245213790 1027.168379329996 
  0.96446195   1.68888476  41.40703518  37201.799083024263 35985.995295574401 1215.803787449862 
  0.96446195   1.68888476  40.70351759  38532.926461026073 37101.296521331940 1431.629939694132 
  0.96446195   1.68888476  40.00000000  39919.943631947041 38242.438035831932 1677.505596115108 
