New model:
f      0    0    0  0.964461950000
f      0    0    0  1.688884760000
f      0    0    0  103.000000000000
f      0    0    0  4.093559099561
f      0    0    0  2.800000000000
f      0    0    0  148.161558211906
f      2    0    0  19846.107469629053
f      3    0    0  -1054.008185338244
f      4    0    0  -6018.171337926448
f      5    0    0  14256.124627119276
f      6    0    0  9731.552227611652

Grid of energies:
  0.94946195   1.68888476 103.00000000  0.000000000000 227.909491482284 -227.909491482284 
  0.95226131   1.68888476 103.00000000  1.222995400429 200.307202137259 -199.084206736830 
  0.95446195   1.68888476 103.00000000  4.645620256662 182.869379446432 -178.223759189770 
  0.94472362   1.68888476 103.00000000  6.098370060325 288.979456393393 -282.881086333068 
  0.94446195   1.68888476 103.00000000  6.739717513323 292.892776102425 -286.153058589102 
  0.95946195   1.68888476 103.00000000  20.293507516384 156.656089254724 -136.362581738340 
  0.95979899   1.68888476 103.00000000  21.734831243753 155.538852285130 -133.804021041376 
  0.93946195   1.68888476 103.00000000  25.259774506092 378.929720267696 -353.669945761604 
  0.93718593   1.68888476 103.00000000  37.701978370547 425.363409920999 -387.661431550451 
  0.96446195   1.68888476 103.00000000  46.572506874800 148.161558211906 -101.589051337106 
  0.93446195   1.68888476 103.00000000  55.968042641878 487.108240077396 -431.140197435517 
  0.96733668   1.68888476 103.00000000  66.354552447796 150.875986842231 -84.521434394435 
  0.96946195   1.68888476 103.00000000  83.122939795256 156.297813403389 -73.174873608133 
  0.92964824   1.68888476 103.00000000  97.440300911665 613.152169370607 -515.711868458942 
  0.92946195   1.68888476 103.00000000  99.285365581512 618.474225146375 -519.188859564863 
  0.97446195   1.68888476 103.00000000  129.596139237285 180.006633338370 -50.410494101085 
  0.97487437   1.68888476 103.00000000  133.861871734262 182.625522467284 -48.763650733023 
  0.92446195   1.68888476 103.00000000  155.646004870534 774.009162034484 -618.363157163950 
  0.97946195   1.68888476 103.00000000  185.654160767794 218.267278857347 -32.613118089553 
  0.92211055   1.68888476 103.00000000  186.787676811218 855.767806160203 -668.980129348985 
  0.98241206   1.68888476 103.00000000  223.092549890280 247.270077545673 -24.177527655393 
  0.91946195   1.68888476 103.00000000  225.498108208179 954.604696504305 -729.106588296126 
  0.98446195   1.68888476 103.00000000  250.969400525093 270.102497872788 -19.133097347695 
  0.91457286   1.68888476 103.00000000  307.290614947677 1156.170092164968 -848.879477217291 
  0.91446195   1.68888476 103.00000000  309.304254993796 1161.034040651931 -851.729785658135 
  0.98946195   1.68888476 103.00000000  325.224397882819 334.583000651794 -9.358602768974 
  0.98994975   1.68888476 103.00000000  332.935772433877 341.517416366415 -8.581643932538 
  0.90946195   1.68888476 103.00000000  407.542081102729 1393.920194628928 -986.378113526199 
  0.99446195   1.68888476 103.00000000  408.111361637712 410.830592296269 -2.719230658557 
  0.90703518   1.68888476 103.00000000  460.570785969496 1516.627945384136 -1056.057159414640 
  0.99748744   1.68888476 103.00000000  462.331711083651 462.331999718578 -0.000288634928 
  0.99946195   1.68888476 103.00000000  499.331841841340 498.020137539433 1.311704301907 
  0.90446195   1.68888476 103.00000000  520.704242333770 1653.701037703360 -1132.996795369590 
  1.00446195   1.68888476 103.00000000  598.596668109298 595.380520527026 3.216147582272 
  1.00502513   1.68888476 103.00000000  610.269092753530 606.951957931725 3.317134821805 
  0.89949749   1.68888476 103.00000000  648.329956293106 1938.456518434257 -1290.126562141151 
  0.89946195   1.68888476 103.00000000  649.299660176039 1940.591454486964 -1291.291794310926 
  1.00946195   1.68888476 103.00000000  705.625384360552 702.194749339078 3.430635021474 
  1.01256281   1.68888476 103.00000000  775.782494664192 772.894163304239 2.888331359953 
  0.89446195   1.68888476 103.00000000  793.853485032916 2254.542804843500 -1460.689319810584 
  1.01446195   1.68888476 103.00000000  820.146104559302 817.799341987936 2.346762571367 
  0.89195980   1.68888476 103.00000000  872.352861568332 2421.715096428040 -1549.362234859709 
  1.01946195   1.68888476 103.00000000  941.895344972610 941.583117773309 0.312227199302 
  0.88946195   1.68888476 103.00000000  954.908033207059 2595.200226860654 -1640.292193653595 
  1.02010050   1.68888476 103.00000000  957.951354756951 957.951346665078 0.000008091873 
  1.02446195   1.68888476 103.00000000  1070.617542371154 1072.985505392277 -2.367963021123 
  0.88446195   1.68888476 103.00000000  1133.023038774729 2961.858489064434 -1828.835450289705 
  0.88442211   1.68888476 103.00000000  1134.512324079871 2964.881758731998 -1830.369434652127 
  1.02763819   1.68888476 103.00000000  1155.896369665861 1160.180107457863 -4.283737792002 
  1.02946195   1.68888476 103.00000000  1206.064904585481 1211.494467242329 -5.429562656848 
  0.87946195   1.68888476 103.00000000  1328.776717543602 3353.417389903296 -2024.640672359694 
  1.03446195   1.68888476 103.00000000  1347.997341737151 1356.644128026739 -8.646786289588 
  1.03517588   1.68888476 103.00000000  1368.778721168637 1377.886129302248 -9.107408133610 
  0.87688442   1.68888476 103.00000000  1436.773732185364 3564.509725354782 -2127.735993169418 
  1.03946195   1.68888476 103.00000000  1496.181879073381 1508.012185143427 -11.830306070045 
  0.87446195   1.68888476 103.00000000  1542.765869751573 3768.338050148953 -2225.572180397381 
  1.04271357   1.68888476 103.00000000  1595.797583192587 1609.604945620343 -13.807362427756 
  1.04446195   1.68888476 103.00000000  1650.392826229334 1665.217168454441 -14.824342225107 
  0.86946195   1.68888476 103.00000000  1775.606975048780 4204.601869827593 -2428.994894778813 
  0.86934673   1.68888476 103.00000000  1781.199808999896 4214.887608648055 -2433.687799648159 
  1.04946195   1.68888476 103.00000000  1810.411158278584 1827.915607910618 -17.504449632034 
  1.05025126   1.68888476 103.00000000  1836.188696727157 1854.080832098578 -17.892135371421 
  1.05446195   1.68888476 103.00000000  1976.024693936110 1995.799159147589 -19.774465211480 
  0.86446195   1.68888476 103.00000000  2027.936574921012 4659.674440337718 -2631.737865416706 
  1.05778894   1.68888476 103.00000000  2089.222163349390 2110.244329314843 -21.022165965453 
  1.05946195   1.68888476 103.00000000  2147.027541190386 2168.591729560295 -21.564188369909 
  0.86180905   1.68888476 103.00000000  2169.955246046185 4907.732132858141 -2737.776886811956 
  1.06446195   1.68888476 103.00000000  2323.220277279615 2346.046640482237 -22.826363202621 
  1.06532663   1.68888476 103.00000000  2354.202389612794 2377.191301606729 -22.988911993935 
  0.85446195   1.68888476 103.00000000  2593.712943270802 5613.371435115038 -3019.658491844236 
  0.85427136   1.68888476 103.00000000  2605.314386978745 5631.962952363597 -3026.648565384851 
  1.07286432   1.68888476 103.00000000  2630.464378312230 2654.159040425785 -23.694662113555 
  1.07446195   1.68888476 103.00000000  2690.407109439373 2714.087294685083 -23.680185245710 
  1.08040201   1.68888476 103.00000000  2917.373821005225 2940.506697798653 -23.132876793428 
  1.08446195   1.68888476 103.00000000  3076.107044756413 3098.433008936461 -22.325964180049 
  0.84673367   1.68888476 103.00000000  3089.663864374161 6373.608377733094 -3283.944513358933 
  1.08793970   1.68888476 103.00000000  3214.325193926692 3235.695332740112 -21.370138813420 
  0.84446195   1.68888476 103.00000000  3245.618993163109 6598.092227369562 -3352.473234206454 
  1.08946195   1.68888476 103.00000000  3275.461893409491 3296.340378808448 -20.878485398958 
  1.09547739   1.68888476 103.00000000  3520.740708172321 3539.269814035934 -18.529105863613 
  0.83946195   1.68888476 103.00000000  3605.697708398104 7089.948899430128 -3484.251191032025 
  0.83919598   1.68888476 103.00000000  3625.510676205158 7115.948010274477 -3490.437334069319 
  1.10301508   1.68888476 103.00000000  3836.068743258715 3850.842387831319 -14.773644572604 
  1.11055276   1.68888476 103.00000000  4159.782740190625 4170.077547873141 -10.294807682516 
  0.83165829   1.68888476 103.00000000  4215.488221168518 7839.998641619981 -3624.510420451463 
  1.11446195   1.68888476 103.00000000  4330.802689373493 4338.557951520941 -7.755262147448 
  1.11809045   1.68888476 103.00000000  4491.381193757057 4496.680777288772 -5.299583531715 
  1.12562814   1.68888476 103.00000000  4830.384736016393 4830.384745699219 -0.000009682826 
  0.82412060   1.68888476 103.00000000  4862.625308871269 8525.511228125444 -3662.885919254175 
  1.13316583   1.68888476 103.00000000  5176.336124464869 5170.941362507793 5.394761957076 
  1.14070352   1.68888476 103.00000000  5528.799440562725 5518.113261951086 10.686178611639 
  0.81658291   1.68888476 103.00000000  5569.311143547297 9152.695246955576 -3583.384103408280 
  0.81446195   1.68888476 103.00000000  5779.355291634798 9316.244756918708 -3536.889465283910 
  1.14824121   1.68888476 103.00000000  5887.358830586076 5871.667129566202 15.691701019874 
  1.15577889   1.68888476 103.00000000  6251.617404937744 6231.367848707154 20.249556230590 
  0.80904523   1.68888476 103.00000000  6338.855351954699 9704.957561716921 -3366.102209762223 
  1.16331658   1.68888476 103.00000000  6621.198131248355 6596.976220008192 24.221911240163 
  1.17085427   1.68888476 103.00000000  6995.740483522415 6968.242947626652 27.497535895764 
  0.80150754   1.68888476 103.00000000  7174.471670046449 10173.038318797902 -2998.566648751454 
  1.17839196   1.68888476 103.00000000  7374.901217073202 7344.908312838328 29.992904234874 
  1.18592965   1.68888476 103.00000000  7758.353785663843 7726.700275894820 31.653509769023 
  0.79396985   1.68888476 103.00000000  8079.535900831223 10561.027090828899 -2481.491189997676 
  1.19346734   1.68888476 103.00000000  8145.787003695965 8113.333739747299 32.453263948666 
  1.20100503   1.68888476 103.00000000  8536.905069395900 8504.510396231666 32.394673164234 
  1.20854271   1.68888476 103.00000000  8931.242821827531 8899.918529517523 31.324292310008 
  0.78643216   1.68888476 103.00000000  9057.599094718695 10894.915063554627 -1837.315968835932 
  1.21608040   1.68888476 103.00000000  9328.908343523741 9299.235845988076 29.672497535665 
  1.22361809   1.68888476 103.00000000  9729.456012710929 9702.127366647697 27.328646063232 
  0.77889447   1.68888476 103.00000000  10112.396390929818 11234.499606780364 -1122.103215850546 
  1.23115578   1.68888476 103.00000000  10132.645172804594 10108.248803483104 24.396369321490 
  1.23869347   1.68888476 103.00000000  10538.247583165765 10517.247499899157 21.000083266608 
  1.24623116   1.68888476 103.00000000  10946.047495633364 10928.764016452211 17.283479181153 
  0.77135678   1.68888476 103.00000000  11247.857198357582 11689.709396447499 -441.852198089917 
  1.25376884   1.68888476 103.00000000  11355.840194299817 11342.433241829063 13.406952470754 
  1.26130653   1.68888476 103.00000000  11767.434631571174 11757.888286163805 9.546345407369 
  1.26446195   1.68888476 103.00000000  11940.226911053061 11932.247263119938 7.979647933123 
  1.26884422   1.68888476 103.00000000  12180.649049326777 12174.758881995489 5.890167331288 
  0.76446195   1.68888476 103.00000000  12360.630920186639 12360.630924128374 -0.000003941735 
  0.76381910   1.68888476 103.00000000  12468.114850759506 12442.708974876768 25.405875882738 
  1.27638191   1.68888476 103.00000000  12595.313636943698 12592.675242059900 2.638394883797 
  1.28391960   1.68888476 103.00000000  13011.269047960639 13011.269123385586 -0.000075424947 
  1.29145729   1.68888476 103.00000000  13428.367180019617 13430.175366537813 -1.808186518196 
  0.75628141   1.68888476 103.00000000  13777.524654373527 13777.524654986973 -0.000000613447 
  1.29899497   1.68888476 103.00000000  13846.469620093703 13849.032792262195 -2.563172168491 
  1.30653266   1.68888476 103.00000000  14265.450360774994 14267.487778150888 -2.037417375894 
  1.31407035   1.68888476 103.00000000  14685.192219540477 14685.192171622581 0.000047917896 
  1.32160804   1.68888476 103.00000000  15105.589218407869 15101.806649831517 3.782568576353 
  0.74874372   1.68888476 103.00000000  15180.666869938374 16119.381032039993 -938.714162101620 
  1.32914573   1.68888476 103.00000000  15526.546126067638 15517.001186433583 9.544939634055 
  1.33668342   1.68888476 103.00000000  15947.978781208396 15930.455959430845 17.522821777551 
  1.34422111   1.68888476 103.00000000  16369.814172297716 16341.862145254852 27.952027042864 
  0.74120603   1.68888476 103.00000000  16682.366055145860 20086.558750876669 -3404.192695730810 
  1.35175879   1.68888476 103.00000000  16791.990525797009 16750.922060432487 41.068465364522 
  1.35929648   1.68888476 103.00000000  17214.459847405553 17157.351904001236 57.107943404317 
  1.36446195   1.68888476 103.00000000  17504.121776148677 17434.212147820639 69.909628328038 
  1.36683417   1.68888476 103.00000000  17637.185723930597 17560.878971975279 76.306751955319 
  1.37437186   1.68888476 103.00000000  18060.145858868957 17961.244204291452 98.901654577505 
  0.73366834   1.68888476 103.00000000  18287.703882485628 26558.287497783422 -8270.583615297794 
  1.38190955   1.68888476 103.00000000  18483.333225786686 18358.201920183135 125.131305603551 
  1.38944724   1.68888476 103.00000000  18906.757520169020 18751.520010827418 155.237509341601 
  1.39698492   1.68888476 103.00000000  19330.446249246597 19140.979537069426 189.466712177171 
  1.40452261   1.68888476 103.00000000  19754.449788555503 19526.376828190234 228.072960365269 
