New model:
f      0    0    0  0.964461950000
f      0    0    0  1.688884760000
f      0    0    0  103.000000000000
f      0    0    0  1.000000000000
f      0    0    0  1.000000000000
f      0    0    0  10627.012820762766
f      0    0    1  -8774.886499237467
f      0    0    2  -1795.537107176649
f      0    0    3  121.912073844662
f      0    0    4  -101.934132641522
f      0    0    5  -78.286315197702
f      0    0    6  -34.566461940282
f      0    0    7  -4.384070174962
f      0    0    8  12.804867243657
f      0    0    9  14.667007812413
f      0    0   10  9.136300591122
f      0    0   11  3.543656784820
f      0    0   12  0.758947887705

Grid of energies:
  0.96446195   1.68888476 103.00000000  0.000000000000 -0.406784175589 0.406784175589 
  0.96446195   1.68888476 103.31658291  0.734456002712 0.241088539838 0.493367462874 
  0.96446195   1.68888476 102.61306533  0.859109133482 0.561056179818 0.298052953664 
  0.96446195   1.68888476 104.02010050  6.969081491232 6.323905858419 0.645175632813 
  0.96446195   1.68888476 101.90954774  7.405311435461 7.285010298572 0.120301136889 
  0.96446195   1.68888476 104.72361809  19.498930543661 18.832132299958 0.666798243703 
  0.96446195   1.68888476 101.20603015  20.434946089983 20.437906395602 -0.002960305619 
  0.96446195   1.68888476 105.42713568  38.261058792472 37.810863857140 0.450194935332 
  0.96446195   1.68888476 100.50251256  40.010398909450 40.066959624156 -0.056560714707 
  0.96446195   1.68888476 106.13065327  63.191729530692 63.324943083307 -0.133213552615 
  0.96446195   1.68888476  99.79899497  66.193020835519 66.238787453501 -0.045766617982 
  0.96446195   1.68888476 106.83417085  94.225896254182 95.454970233445 -1.229073979263 
  0.96446195   1.68888476  99.09547739  99.043253377080 99.035302459520 0.007950917560 
  0.96446195   1.68888476 107.53768844  131.299016550183 134.292212914665 -2.993196364482 
  0.96446195   1.68888476  98.39195980  138.622186988592 138.548522151823 0.073664836769 
  0.96446195   1.68888476 108.24120603  174.345221251249 179.932610877586 -5.587389626336 
  0.96446195   1.68888476  97.68844221  184.989098727703 184.874496388080 0.114602339623 
  0.96446195   1.68888476 108.94472362  223.299646332860 232.470125700004 -9.170479367144 
  0.96446195   1.68888476  96.98492462  238.203911140561 238.106605528276 0.097305612285 
  0.96446195   1.68888476 109.64824121  278.094960063696 291.989697199735 -13.894737136039 
  0.96446195   1.68888476  96.28140704  298.326269373298 298.328492356483 -0.002222983185 
  0.96446195   1.68888476 110.35175879  338.665288388729 358.560094252186 -19.894805863457 
  0.96446195   1.68888476  95.57788945  365.414282679558 365.606923013745 -0.192640334187 
  0.96446195   1.68888476 111.05527638  404.942171692848 432.226958442855 -27.284786750007 
  0.96446195   1.68888476  94.87437186  439.526584610343 439.984856470312 -0.458271859969 
  0.96446195   1.68888476 111.75879397  476.859362661839 513.006314791269 -36.146952129430 
  0.96446195   1.68888476  94.17085427  520.721464529634 521.475027295298 -0.753562765665 
  0.96446195   1.68888476 112.46231156  554.347452163696 600.878841879592 -46.531389715896 
  0.96446195   1.68888476  93.46733668  609.056135579944 610.054300433462 -0.998164853518 
  0.96446195   1.68888476 113.16582915  637.338241621852 695.785135140680 -58.446893518828 
  0.96446195   1.68888476  92.76381910  704.587698996067 705.659046097554 -1.071347101487 
  0.96446195   1.68888476 113.86934673  725.761713683605 797.622179747758 -71.860466064153 
  0.96446195   1.68888476  92.06030151  807.372960314155 808.181750786253 -0.808790472099 
  0.96446195   1.68888476 114.57286432  819.548494324088 906.241210097640 -86.692715773552 
  0.96446195   1.68888476  91.35678392  917.469406336546 917.469008057578 0.000398278968 
  0.96446195   1.68888476  90.65326633  1034.932626634836 1033.321029863739 1.611596771097 
  0.96446195   1.68888476  89.94974874  1159.818003073335 1155.492716704156 4.325286369178 
  0.96446195   1.68888476  89.24623116  1292.182756856084 1283.696293333337 8.486463522747 
  0.96446195   1.68888476  88.54271357  1432.082443088293 1417.605462332042 14.476980756251 
  0.96446195   1.68888476 118.79396985  1490.892173826694 1686.443746426011 -195.551572599317 
  0.96446195   1.68888476  87.83919598  1579.572982639074 1556.860934158867 22.712048480208 
  0.96446195   1.68888476 119.49748744  1620.205512017012 1834.779719540185 -214.574207523173 
  0.96446195   1.68888476  87.13567839  1734.708793759346 1701.077203882640 33.631589876706 
  0.96446195   1.68888476 120.20100503  1754.296806529164 1987.300305686479 -233.003499157315 
  0.96446195   1.68888476 120.90452261  1893.090081349015 2143.590502609497 -250.500421260482 
  0.96446195   1.68888476  86.43216080  1897.547877877951 1849.850334618551 47.697543259400 
  0.96446195   1.68888476 121.60804020  2036.506958171725 2303.242755122488 -266.735796950763 
  0.96446195   1.68888476  85.72864322  2068.145005911589 2002.766504448280 65.378501463309 
  0.96446195   1.68888476 122.31155779  2184.469130396843 2465.866052120515 -281.396921723672 
  0.96446195   1.68888476  85.02512563  2246.557402923703 2159.411046559421 87.146356364282 
  0.96446195   1.68888476 123.01507538  2336.896954923868 2631.094639974541 -294.197685050673 
  0.96446195   1.68888476  84.32160804  2432.841955780983 2319.377648585332 113.464307195651 
  0.96446195   1.68888476 123.71859296  2493.708954930305 2798.596021576405 -304.887066646099 
  0.96446195   1.68888476  83.61809045  2627.057216286659 2482.277444753195 144.779771533464 
  0.96446195   1.68888476 124.42211055  2654.822865426540 2968.077997152516 -313.255131725975 
  0.96446195   1.68888476 125.12562814  2820.155948773026 3139.294470991971 -319.138522218944 
  0.96446195   1.68888476  82.91457286  2829.260545372963 2647.747661174235 181.512884198728 
  0.96446195   1.68888476 125.82914573  2989.622454538941 3312.049876158760 -322.427421619819 
  0.96446195   1.68888476  82.21105528  3039.512132316828 2815.459531579510 224.052600737318 
  0.96446195   1.68888476 126.53266332  3163.137111350894 3486.202035368719 -323.064924017825 
  0.96446195   1.68888476  81.50753769  3257.873549014330 2985.125227190433 272.748321823897 
  0.96446195   1.68888476 127.23618090  3340.611673027277 3661.663378235021 -321.051705207744 
  0.96446195   1.68888476  80.80402010  3484.407124355435 3156.503530884086 327.903593471349 
  0.96446195   1.68888476 127.93969849  3521.956836372614 3838.400493835455 -316.443657462841 
  0.96446195   1.68888476 128.64321608  3707.082173123956 4016.432006309864 -309.349833185909 
  0.96446195   1.68888476  80.10050251  3719.176726758480 3329.404112430981 389.772614327499 
  0.96446195   1.68888476 129.34673367  3895.896020025015 4195.824906166992 -299.928886141977 
  0.96446195   1.68888476  79.39698492  3962.250233575702 3503.690228201499 458.560005374203 
  0.96446195   1.68888476 130.05025126  4088.302456647158 4376.689436965859 -288.386980318702 
  0.96446195   1.68888476  78.69346734  4213.696153268218 3679.279771237232 534.416382030986 
  0.96446195   1.68888476 130.75376884  4284.207398101687 4559.172735520186 -274.965337418498 
  0.96446195   1.68888476  77.98994975  4473.587601780891 3856.144656524290 617.442945256601 
  0.96446195   1.68888476 131.45728643  4483.511806890368 4743.451466091251 -259.939659200882 
  0.96446195   1.68888476 132.16080402  4686.116423755884 4929.723669628455 -243.607245872571 
  0.96446195   1.68888476  77.28643216  4741.999922275543 4034.308535004100 707.691387271444 
  0.96446195   1.68888476 132.86432161  4891.918082773685 5118.200162585443 -226.282079811757 
  0.96446195   1.68888476  76.58291457  5019.012865632772 4213.842974648765 805.169890984007 
  0.96446195   1.68888476 133.56783920  5100.814593508840 5309.095740921499 -208.281147412659 
  0.96446195   1.68888476  75.87939698  5304.712517336011 4394.862213395101 909.850303940910 
  0.96446195   1.68888476 134.27135678  5312.698795214295 5502.620497040161 -189.921701825866 
  0.96446195   1.68888476 134.97487437  5527.461609303951 5698.971548064840 -171.509938760889 
  0.96446195   1.68888476  75.17587940  5599.187810599804 4577.516686601687 1021.671123998117 
  0.96446195   1.68888476 135.67839196  5744.992449522018 5898.325397238877 -153.332947716859 
  0.96446195   1.68888476  74.47236181  5902.533910274506 4761.985573195589 1140.548337078916 
  0.96446195   1.68888476 136.38190955  5965.177622735500 6100.831215621223 -135.653592885723 
  0.96446195   1.68888476 137.08542714  6187.901083096862 6306.605195734374 -118.704112637512 
  0.96446195   1.68888476  73.76884422  6214.854423165321 4948.468584263828 1266.385838901493 
  0.96446195   1.68888476 137.78894472  6413.043274536729 6515.726137348640 -102.682862811911 
  0.96446195   1.68888476  73.06532663  6536.258120670915 5137.177330342562 1399.080790328353 
  0.96446195   1.68888476 138.49246231  6640.482638180256 6728.232376531147 -87.749738350891 
  0.96446195   1.68888476  72.36180905  6866.864363044500 5328.326520806479 1538.537842238021 
  0.96446195   1.68888476 139.19597990  6870.094344452024 6944.120055726700 -74.025711274677 
  0.96446195   1.68888476 139.89949749  7101.750122576952 7163.342782943405 -61.592660366453 
  0.96446195   1.68888476  71.65829146  7206.799223631620 5522.125321704738 1684.673901926883 
  0.96446195   1.68888476 140.60301508  7335.318691581488 7385.812572206529 -50.493880625041 
  0.96446195   1.68888476  70.95477387  7556.200780868530 5718.769111362468 1837.431669506062 
  0.96446195   1.68888476 141.30653266  7570.665988847613 7611.401968436008 -40.735979588395 
  0.96446195   1.68888476 142.01005025  7807.653033837676 7839.947219774268 -32.294185936592 
  0.96446195   1.68888476  70.25125628  7915.217692673206 5918.431948535841 1996.785744137365 
  0.96446195   1.68888476 142.71356784  8046.138850510120 8071.252261496360 -25.113410986240 
  0.96446195   1.68888476  69.54773869  8284.011328145862 6121.259941047389 2162.751387098473 
  0.96446195   1.68888476 143.41708543  8285.978146821260 8305.093362745034 -19.115215923774 
  0.96446195   1.68888476 144.12060302  8527.020890191197 8541.224159955209 -14.203269764012 
  0.96446195   1.68888476  68.84422111  8662.756193995476 6327.365716656590 2335.390477338886 
  0.96446195   1.68888476 144.82412060  8769.113954812288 8779.380859847506 -10.266905035218 
  0.96446195   1.68888476 145.52763819  9012.099649414420 9019.287402072658 -7.187752658238 
  0.96446195   1.68888476  68.14070352  9051.642521426082 6536.824152990858 2514.818368435223 
  0.96446195   1.68888476 146.23115578  9255.815893247724 9260.660319361948 -4.844426114225 
  0.96446195   1.68888476  67.43718593  9450.876935794950 6749.669413142346 2701.207522652603 
  0.96446195   1.68888476 146.93467337  9500.096595168114 9503.213176519790 -3.116581351676 
  0.96446195   1.68888476 147.63819095  9744.770148634911 9746.660380299843 -1.890231664933 
  0.96446195   1.68888476  66.73366834  9860.683596804738 6965.893382587922 2894.790214216816 
  0.96446195   1.68888476 148.34170854  9989.661023542285 9990.720286019718 -1.059262477433 
  0.96446195   1.68888476 149.04522613  10234.588158831000 10235.117472918593 -0.529314087593 
  0.96446195   1.68888476  66.03015075  10281.307245403528 7185.445446914798 3095.861798488731 
  0.96446195   1.68888476 149.74874372  10479.365843325853 10479.584229018317 -0.218385692464 
  0.96446195   1.68888476  65.32663317  10713.013997048140 7408.233556261084 3304.780440787055 
  0.96446195   1.68888476 150.45226131  10723.802559494972 10723.861208742832 -0.058649247860 
  0.96446195   1.68888476 151.15577889  10967.702127158642 10967.697336459900 0.004790698742 
  0.96446195   1.68888476  64.62311558  11156.092768594623 7634.126476802367 3521.966291792256 
  0.96446195   1.68888476 151.85929648  11210.862397208810 11210.849064903479 0.013332305331 
  0.96446195   1.68888476 152.56281407  11453.075464785099 11453.079057050061 -0.003592264962 
  0.96446195   1.68888476  63.91959799  11610.859771236777 7862.957024510080 3747.902746726697 
  0.96446195   1.68888476 153.26633166  11694.128585591912 11694.154501969502 -0.025916377590 
  0.96446195   1.68888476  62.51256281  12556.857644706964 8328.607639632952 4228.250005074013 
  0.96446195   1.68888476 156.78391960  12874.110891252756 12874.133710611155 -0.022819358399 
  0.96446195   1.68888476 157.48743719  13103.392183974385 13103.400666247675 -0.008482273290 
  0.96446195   1.68888476 158.19095477  13329.854412153363 13329.851473754310 0.002938399053 
  0.96446195   1.68888476 158.89447236  13553.237029910088 13553.227305165423 0.009724744665 
  0.96446195   1.68888476  61.10552764  13554.128427863121 8803.297406251020 4750.831021612101 
  0.96446195   1.68888476 159.59798995  13773.273215860128 13773.262338021019 0.010877839110 
  0.96446195   1.68888476 160.30150754  13989.692360669374 13989.684145494648 0.008215174727 
  0.96446195   1.68888476  60.40201005  14073.117643818259 9043.363423786608 5029.754220031651 
  0.96446195   1.68888476 161.00502513  14202.217220813036 14202.214328827611 0.002891985425 
  0.96446195   1.68888476 161.70854271  14410.566300392151 14410.569321510877 -0.003021118726 
  0.96446195   1.68888476  59.69849246  14606.354937583208 9284.867238383809 5321.487699199399 
  0.96446195   1.68888476 162.41206030  14614.453883349895 14614.461290112768 -0.007406762872 
  0.96446195   1.68888476 163.11557789  14813.589080080390 14813.599005979231 -0.009925898841 
  0.96446195   1.68888476 163.81909548  15007.679349198937 15007.688683591092 -0.009334392154 
  0.96446195   1.68888476  58.99497487  15154.403241470456 9527.522338814006 5626.880902656450 
  0.96446195   1.68888476 164.52261307  15196.429446846247 15196.434703993606 -0.005257147359 
  0.96446195   1.68888476 165.22613065  15379.540045380592 15379.540233928046 -0.000188547454 
  0.96446195   1.68888476 165.92964824  15556.712872192264 15556.707782910553 0.005089281711 
  0.96446195   1.68888476  58.29145729  15717.872296303511 9771.043399192546 5946.828897110965 
  0.96446195   1.68888476 166.63316583  15727.648482024670 15727.639721431764 0.008760592906 
  0.96446195   1.68888476 167.33668342  15892.048244878650 15892.038899382675 0.009345495975 
  0.96446195   1.68888476 168.04020101  16049.616358518600 16049.609425194447 0.006933324154 
  0.96446195   1.68888476 168.74371859  16200.059459999204 16200.057714950268 0.001745048936 
  0.96446195   1.68888476  57.58793970  16297.421811863780 10015.149308480695 6282.272503383085 
  0.96446195   1.68888476 169.44723618  16343.089025229216 16343.093892519835 -0.004867290620 
  0.96446195   1.68888476 170.15075377  16478.423158466816 16478.433533811629 -0.010375344813 
  0.96446195   1.68888476 171.55778894  16724.913471043110 16724.925502384376 -0.012031341266 
  0.96446195   1.68888476 172.26130653  16835.549456313252 16835.555825419520 -0.006369106268 
  0.96446195   1.68888476  56.88442211  16893.763525187969 10259.565363876120 6634.198161311850 
  0.96446195   1.68888476 172.96482412  16937.451785296202 16937.449899627907 0.001885668295 
  0.96446195   1.68888476 173.66834171  17030.391167998314 17030.382477303559 0.008690694754 
  0.96446195   1.68888476 174.37185930  17114.155735939741 17114.144542824070 0.011193115672 
  0.96446195   1.68888476 175.07537688  17188.549550384283 17188.543118988946 0.006431395337 
  0.96446195   1.68888476 175.77889447  17253.396260768175 17253.400555140051 -0.004294371876 
  0.96446195   1.68888476 176.48241206  17308.539828836918 17308.554246370561 -0.014417533643 
  0.96446195   1.68888476 177.18592965  17353.844849079847 17353.858766583457 -0.013917503609 
  0.96446195   1.68888476 177.88944724  17389.199739947915 17389.193821884961 0.005918062954 
  0.96446195   1.68888476 178.59296482  17414.517283946276 17414.483503825926 0.033780120350 
  0.96446195   1.68888476 179.29648241  17429.733304053545 17429.735099025351 -0.001794971806 
  0.96446195   1.68888476  56.18090452  17507.666788414121 10504.024673299720 7003.642115114400 
  0.96446195   1.68888476  55.47738693  18139.958941489458 10748.268734456475 7391.690207032983 
  0.96446195   1.68888476  54.77386935  18791.532818526030 10992.047267474703 7799.485551051326 
