New model:
f      0    0    0  0.950551760000
f      0    0    0  1.687184910000
f      0    0    0  103.259542820000
f      0    0    0  1.000000000000
f      0    0    0  1.200001176162
f      0    2    0  68406.170613661961
f      0    3    0  -42323.244740756716
f      0    4    0  -9122.312260127064
f      0    5    0  -12461.931564996661
f      0    6    0  6360.343960940340
f      0    7    0  7333.869179210717
f      0    8    0  381.230299079426

Grid of energies:
  0.96446195   2.56000000 103.00000000  15025.479433789849 15028.995970179698 -3.516536389849 
  0.96446195   2.57000000 103.00000000  15120.093914732337 15123.116471260042 -3.022556527705 
  0.96446195   2.58000000 103.00000000  15212.298145204782 15214.872320104190 -2.574174899408 
  0.96446195   2.58888476 103.00000000  15292.234198093414 15294.446531754467 -2.212333661053 
  0.96446195   2.59000000 103.00000000  15302.137791931629 15304.307006182642 -2.169214251013 
  0.96446195   2.60000000 103.00000000  15389.659089267254 15391.464095116931 -1.805005849677 
  0.96446195   2.61000000 103.00000000  15474.907333403826 15476.387169465652 -1.479836061826 
  0.96446195   2.62000000 103.00000000  15557.928614988923 15559.119773137183 -1.191158148260 
  0.96446195   2.63000000 103.00000000  15638.768531143665 15639.705359284610 -0.936828140944 
  0.96446195   2.64000000 103.00000000  15717.472842097282 15718.187241541824 -0.714399444541 
  0.96446195   1.39447236 103.00000000  15753.115361586213 15160.083322413508 593.032039172705 
  0.96446195   2.65000000 103.00000000  15794.087130561471 15794.608548463315 -0.521417901844 
  0.96446195   2.66000000 103.00000000  15868.656400918961 15869.012181033760 -0.355780114800 
  0.96446195   2.67000000 103.00000000  15941.225943252444 15941.440773117067 -0.214829864623 
  0.96446195   2.68000000 103.00000000  16011.840893670917 16011.936654718045 -0.095761047129 
  0.96446195   2.68888476 103.00000000  16072.975525259972 16072.983066507610 -0.007541247638 
  0.96446195   2.69000000 103.00000000  16080.544295266271 16080.541817933530 0.002477332740 
  0.96446195   2.70000000 103.00000000  16147.380455419421 16147.297885473297 0.082569946124 
  0.96446195   2.71000000 103.00000000  16212.392623752356 16212.246081634536 0.146542117820 
  0.96446195   2.72000000 103.00000000  16275.623208254576 16275.427205617430 0.196002637145 
  0.96446195   2.73000000 103.00000000  16337.114756762981 16336.881607072568 0.233149690413 
  0.96446195   2.74000000 103.00000000  16396.908074602485 16396.649163774571 0.258910827913 
  0.96446195   2.75000000 103.00000000  16455.044312655926 16454.769261319620 0.275051336306 
  0.96446195   2.76000000 103.00000000  16511.564044937491 16511.280774748066 0.283270189426 
  0.96446195   1.38888476 103.00000000  16546.808576807380 15931.134203458112 615.674373349268 
  0.96446195   2.77000000 103.00000000  16566.506341934204 16566.222051996381 0.284289937823 
  0.96446195   2.78000000 103.00000000  16619.910090103745 16619.630899086351 0.279191017395 
  0.96446195   1.38819095 103.00000000  16646.721176087856 16028.817540910886 617.903635176970 
  0.96446195   2.79000000 103.00000000  16671.813978686929 16671.544566962224 0.269411724705 
  0.96446195   2.80000000 103.00000000  16722.255322113633 16721.999739890049 0.255582223584 
  0.96446195   2.81000000 103.00000000  16771.271059259772 16771.032525336203 0.238533923570 
  0.96446195   2.82000000 103.00000000  16818.897509887815 16818.678445245558 0.219064642257 
  0.96446195   2.83000000 103.00000000  16865.170226275921 16864.972428642308 0.197797633613 
  0.96446195   2.84000000 103.00000000  16910.124130547047 16909.948805479613 0.175325067434 
  0.96446195   2.85000000 103.00000000  16953.793471723795 16953.641301667154 0.152170056641 
  0.96446195   1.38190955 103.00000000  16970.783296227455 16933.122468978680 37.660827248776 
  0.96446195   2.86000000 103.00000000  16996.211852908134 16996.083035208198 0.128817699937 
  0.96446195   2.87000000 103.00000000  17037.412197709084 17037.306513380692 0.105684328391 
  0.96446195   2.88000000 103.00000000  17077.426690325141 17077.343630899733 0.083059425408 
  0.96446195   2.89000000 103.00000000  17116.287073805928 17116.225669000658 0.061404805270 
  0.96446195   2.90000000 103.00000000  17154.024140253663 17153.983295385555 0.040844868108 
  0.96446195   2.91000000 103.00000000  17190.668320670724 17190.646564977287 0.021755693437 
  0.96446195   2.92000000 103.00000000  17226.249144285917 17226.244921428621 0.004222857297 
  0.96446195   2.93000000 103.00000000  17260.795700073242 17260.807199335330 -0.011499262087 
  0.96446195   2.94000000 103.00000000  17294.337036967278 17294.361627105129 -0.024590137851 
  0.96446195   2.95000000 103.00000000  17326.898702323437 17326.935830436221 -0.037128112785 
  0.96446195   2.96000000 103.00000000  17358.509970948100 17358.556836361076 -0.046865412976 
  0.96446195   2.97000000 103.00000000  17389.196634858847 17389.251077813562 -0.054442954715 
  0.96446195   2.98000000 103.00000000  17418.984467193484 17419.044398679216 -0.059931485732 
  0.96446195   2.99000000 103.00000000  17447.898807793856 17447.962059290381 -0.063251496525 
  0.96446195   3.00000000 103.00000000  17475.964215889573 17476.028742329829 -0.064526440256 
  0.96446195   3.01000000 103.00000000  17503.204847991467 17503.268559108303 -0.063711116836 
  0.96446195   3.02000000 103.00000000  17529.644123524427 17529.705056183033 -0.060932658605 
  0.96446195   3.03000000 103.00000000  17555.304894208908 17555.361222285956 -0.056328077048 
  0.96446195   3.04000000 103.00000000  17580.209947913885 17580.259495532024 -0.049547618139 
  0.96446195   3.05000000 103.00000000  17604.379789888859 17604.421770879479 -0.041980990620 
  0.96446195   3.06000000 103.00000000  17627.836931437254 17627.869407815422 -0.032476378168 
  0.96446195   3.07000000 103.00000000  17650.601520106196 17650.623238241449 -0.021718135253 
  0.96446195   3.08000000 103.00000000  17672.693840190768 17672.703574535626 -0.009734344858 
  0.96446195   3.09000000 103.00000000  17694.133461147547 17694.130217767986 0.003243379560 
  0.96446195   3.10000000 103.00000000  17714.939478382468 17714.922466048640 0.017012333828 
  0.96446195   3.11000000 103.00000000  17735.130547195673 17735.099122988111 0.031424207562 
  0.96446195   3.12000000 103.00000000  17754.723768666387 17754.678506251119 0.045262415268 
  0.96446195   3.13000000 103.00000000  17773.738774105906 17773.678456186142 0.060317919764 
  0.96446195   3.14000000 103.00000000  17792.191717505455 17792.116344513772 0.075372991683 
  0.96446195   3.15000000 103.00000000  17810.099451884627 17810.009083058329 0.090368826299 
  0.96446195   3.16000000 103.00000000  17827.478066056967 17827.373132508052 0.104933548915 
  0.96446195   3.17000000 103.00000000  17844.343581706285 17844.224511189903 0.119070516383 
  0.96446195   3.18000000 103.00000000  17860.711541980505 17860.578803846227 0.132738134278 
  0.96446195   3.19000000 103.00000000  17876.596357360482 17876.451170401138 0.145186959344 
  0.96446195   1.37562814 103.00000000  17887.027412623167 17874.109712461657 12.917700161510 
  0.96446195   3.20000000 103.00000000  17892.012935236096 17891.856354705546 0.156580530551 
  0.96446195   3.21000000 103.00000000  17906.976894095540 17906.808693250088 0.168200845452 
  0.96446195   3.22000000 103.00000000  17921.498927161098 17921.322123836566 0.176803324532 
  0.96446195   3.23000000 103.00000000  17935.594226032495 17935.410194198681 0.184031833815 
  0.96446195   3.24000000 103.00000000  17949.275593131781 17949.086070563801 0.189522567980 
  0.96446195   3.25000000 103.00000000  17962.555739074945 17962.362546148059 0.193192926887 
  0.96446195   3.26000000 103.00000000  17975.446839213371 17975.252049577644 0.194789635727 
  0.96446195   3.27000000 103.00000000  17987.960956782103 17987.766653229952 0.194303552151 
  0.96446195   3.28000000 103.00000000  18000.109566792846 17999.918081488286 0.191485304560 
  0.96446195   3.29000000 103.00000000  18011.904158949852 18011.717718905082 0.186440044770 
  0.96446195   3.30000000 103.00000000  18023.355418354273 18023.176618268444 0.178800085829 
  0.96446195   3.31000000 103.00000000  18034.474282324314 18034.305508567482 0.168773756832 
  0.96446195   3.32000000 103.00000000  18045.270981028676 18045.114802852702 0.156178175974 
  0.96446195   3.33000000 103.00000000  18055.755653947592 18055.614605987474 0.141047960118 
  0.96446195   3.34000000 103.00000000  18065.937890857458 18065.814722287585 0.123168569873 
  0.96446195   3.35000000 103.00000000  18075.832038953900 18075.724663045978 0.107375907923 
  0.96446195   3.36000000 103.00000000  18085.436868131161 18085.353653940161 0.083214191000 
  0.96446195   3.37000000 103.00000000  18094.767350509763 18094.710642320144 0.056708189619 
  0.96446195   3.38000000 103.00000000  18103.831584244967 18103.804304375029 0.027279869937 
  0.96446195   3.39000000 103.00000000  18112.638117909431 18112.643052176692 -0.004934267261 
  0.96446195   3.40000000 103.00000000  18121.194995418191 18121.235040599375 -0.040045181184 
  0.96446195   3.41000000 103.00000000  18129.510117918253 18129.588174114022 -0.078056195769 
  0.96446195   3.42000000 103.00000000  18137.591144576669 18137.710113456738 -0.118968880070 
  0.96446195   3.43000000 103.00000000  18145.445417955518 18145.608282170739 -0.162864215221 
  0.96446195   3.44000000 103.00000000  18153.080366387963 18153.289873021375 -0.209506633411 
  0.96446195   3.45000000 103.00000000  18160.503067016602 18160.761854284345 -0.258787267743 
  0.96446195   3.46000000 103.00000000  18167.719575420022 18168.030975906971 -0.311400486949 
  0.96446195   3.47000000 103.00000000  18174.736880287528 18175.103775542673 -0.366895255145 
  0.96446195   3.48000000 103.00000000  18181.561280131340 18181.986584459431 -0.425304328091 
  0.96446195   3.49000000 103.00000000  18188.198972016573 18188.685533322161 -0.486561305588 
  0.96446195   3.50000000 103.00000000  18194.655837878585 18195.206557850372 -0.550719971787 
  0.96446195   1.36934673 103.00000000  18858.061037868261 18852.922311809663 5.138726058598 
  0.96446195   1.36306533 103.00000000  19872.370025128126 19870.739986751661 1.630038376465 
  0.96446195   1.35678392 103.00000000  20928.785126358271 20928.785486508434 -0.000360150163 
  0.96446195   1.35050251 103.00000000  22027.654447898269 22028.316107485036 -0.661659586767 
  0.96446195   1.34422111 103.00000000  23169.829940885305 23170.629510255607 -0.799569370301 
  0.96446195   1.33793970 103.00000000  24356.404847785830 24357.070738701583 -0.665890915752 
  0.96446195   1.33165829 103.00000000  25588.607728958130 25589.022587349089 -0.414858390959 
  0.96446195   1.32537688 103.00000000  26867.769994616508 26867.914085802775 -0.144091186266 
  0.96446195   1.31909548 103.00000000  28195.302718490362 28195.217843411323 0.084875079039 
  0.96446195   1.31281407 103.00000000  29572.696086883545 29572.459854584329 0.236232299216 
  0.96446195   1.30653266 103.00000000  31001.501504704356 31001.208089625590 0.293415078766 
  0.96446195   1.30025126 103.00000000  32483.335985764861 32483.079712976272 0.256272788589 
  0.96446195   1.29396985 103.00000000  34019.888203978539 34019.749752871219 0.138451107319 
  0.96446195   1.28888476 103.00000000  35305.071781054139 35305.070107586718 0.001673467421 
  0.96446195   1.28768844 103.00000000  35612.904482349753 35612.938140296763 -0.033657947009 
  0.96446195   1.28140704 103.00000000  37264.196059405804 37264.417528650345 -0.221469244541 
  0.96446195   1.27512563 103.00000000  38975.648051977158 38976.022680597358 -0.374628620200 
  0.96446195   1.26884422 103.00000000  40749.126254096627 40749.635727653542 -0.509473556915 
  0.96446195   1.26256281 103.00000000  42586.812817364931 42587.197544076851 -0.384726711920 
  0.96446195   1.25628141 103.00000000  44490.703444391489 44490.702943449047 0.000500942442 
  0.96446195   1.25000000 103.00000000  46462.962079107761 46462.213661624693 0.748417483068 
