New model:
f      0    0    0  0.964461950000
f      0    0    0  1.688884760000
f      0    0    0  103.000000000000
f      0    0    0  1.000000000000
f      0    0    0  1.000000000000
f      0    0    0  -33382.127794866305
f      0    0    1  -73664.482257549782
f      0    0    2  -43180.519911638155
f      0    0    3  -23195.427622958603
f      0    0    4  4395.599474766651
f      0    0    5  19798.875868026698
f      0    0    6  24104.755078039543
f      0    0    7  19601.424724829885
f      0    0    8  12224.837365649873
f      0    0    9  5851.354849067345
f      0    0   10  2111.992037114029
f      0    0   11  520.079044354062
f      0    0   12  71.882431739208

Grid of energies:
  0.96446195   1.68888476 103.00000000  0.000000000000 0.031550725390 -0.031550725390 
  0.96446195   1.68888476 103.31658291  0.734456002712 0.735272846470 -0.000816843758 
  0.96446195   1.68888476 104.02010050  6.969081491232 6.938864067870 0.030217423362 
  0.96446195   1.68888476 104.72361809  19.498930543661 19.469019128056 0.029911415605 
  0.96446195   1.68888476 105.42713568  38.261058792472 38.244003794918 0.017054997554 
  0.96446195   1.68888476 106.13065327  63.191729530692 63.188980834656 0.002748696036 
  0.96446195   1.68888476 106.83417085  94.225896254182 94.233950565466 -0.008054311284 
  0.96446195   1.68888476 107.53768844  131.299016550183 131.312057700669 -0.013041150486 
  0.96446195   1.68888476 108.24120603  174.345221251249 174.358236471696 -0.013015220446 
  0.96446195   1.68888476 108.94472362  223.299646332860 223.308172817157 -0.008526484297 
  0.96446195   1.68888476 109.64824121  278.094960063696 278.097541179107 -0.002581115411 
  0.96446195   1.68888476 110.35175879  338.665288388729 338.661477970598 0.003810418132 
  0.96446195   1.68888476 111.05527638  404.942171692848 404.934255891853 0.007915800995 
  0.96446195   1.68888476 111.75879397  476.859362661839 476.849105837996 0.010256823842 
  0.96446195   1.68888476 112.46231156  554.347452163696 554.338165603767 0.009286559929 
  0.96446195   1.68888476 113.16582915  637.338241621852 637.332507934384 0.005733687468 
  0.96446195   1.68888476 113.86934673  725.761713683605 725.762220991689 -0.000507308084 
  0.96446195   1.68888476 114.57286432  819.548494324088 819.556522092026 -0.008027767938 
  0.96446195   1.68888476 118.79396985  1490.892173826694 1490.929853562436 -0.037679735742 
  0.96446195   1.68888476 119.49748744  1620.205512017012 1620.240195004662 -0.034682987651 
  0.96446195   1.68888476 120.20100503  1754.296806529164 1754.326754306167 -0.029947777003 
  0.96446195   1.68888476 120.90452261  1893.090081349015 1893.113269633324 -0.023188284309 
  0.96446195   1.68888476 121.60804020  2036.506958171725 2036.522642268528 -0.015684096802 
  0.96446195   1.68888476 122.31155779  2184.469130396843 2184.476805853098 -0.007675456255 
  0.96446195   1.68888476 123.01507538  2336.896954923868 2336.896612513016 0.000342410852 
  0.96446195   1.68888476 123.71859296  2493.708954930305 2493.701709676156 0.007245254150 
  0.96446195   1.68888476 124.42211055  2654.822865426540 2654.810437346038 0.012428080502 
  0.96446195   1.68888476 125.12562814  2820.155948773026 2820.139713737358 0.016235035669 
  0.96446195   1.68888476 125.82914573  2989.622454538941 2989.604956059067 0.017498479875 
  0.96446195   1.68888476 126.53266332  3163.137111350894 3163.120004112663 0.017107238231 
  0.96446195   1.68888476 127.23618090  3340.611673027277 3340.597057155318 0.014615871959 
  0.96446195   1.68888476 127.93969849  3521.956836372614 3521.946635744199 0.010200628415 
  0.96446195   1.68888476 128.64321608  3707.082173123956 3707.077528329703 0.004644794253 
  0.96446195   1.68888476 129.34673367  3895.896020025015 3895.896770097598 -0.000750072583 
  0.96446195   1.68888476 130.05025126  4088.302456647158 4088.309612913225 -0.007156266067 
  0.96446195   1.68888476 130.75376884  4284.207398101687 4284.219494897945 -0.012096796258 
  0.96446195   1.68888476 131.45728643  4483.511806890368 4483.528020253671 -0.016213363302 
  0.96446195   1.68888476 132.16080402  4686.116423755884 4686.134903950660 -0.018480194776 
  0.96446195   1.68888476 132.86432161  4891.918082773685 4891.937933895353 -0.019851121668 
  0.96446195   1.68888476 133.56783920  5100.814593508840 5100.832906405456 -0.018312896616 
  0.96446195   1.68888476 134.27135678  5312.698795214295 5312.713546736583 -0.014751522288 
  0.96446195   1.68888476 134.97487437  5527.461609303951 5527.471428984038 -0.009819680086 
  0.96446195   1.68888476 135.67839196  5744.992449522018 5744.995849802485 -0.003400280467 
  0.96446195   1.68888476 136.38190955  5965.177622735500 5965.173716699342 0.003906036159 
  0.96446195   1.68888476 137.08542714  6187.901083096862 6187.889407076816 0.011676020045 
  0.96446195   1.68888476 137.78894472  6413.043274536729 6413.024614691662 0.018659845067 
  0.96446195   1.68888476 138.49246231  6640.482638180256 6640.458202237578 0.024435942678 
  0.96446195   1.68888476 139.19597990  6870.094344452024 6870.066014770945 0.028329681079 
  0.96446195   1.68888476 139.89949749  7101.750122576952 7101.720721028617 0.029401548335 
  0.96446195   1.68888476 140.60301508  7335.318691581488 7335.291637812944 0.027053768544 
  0.96446195   1.68888476 141.30653266  7570.665988847613 7570.644556215892 0.021432631721 
  0.96446195   1.68888476 142.01005025  7807.653033837676 7807.641589355911 0.011444481765 
  0.96446195   1.68888476 142.71356784  8046.138850510120 8046.140993719360 -0.002143209240 
  0.96446195   1.68888476 143.41708543  8285.978146821260 8285.997032851921 -0.018886030661 
  0.96446195   1.68888476 144.12060302  8527.020890191197 8527.059834511261 -0.038944320064 
  0.96446195   1.68888476 144.82412060  8769.113954812288 8769.175258452913 -0.061303640625 
  0.96446195   1.68888476 145.52763819  9012.099649414420 9012.184792136022 -0.085142721602 
  0.96446195   1.68888476 146.23115578  9255.815893247724 9255.925422000882 -0.109528753159 
  0.96446195   1.68888476 146.93467337  9500.096595168114 9500.229547909923 -0.132952741809 
  0.96446195   1.68888476 147.63819095  9744.770148634911 9744.924883965312 -0.154735330401 
  0.96446195   1.68888476 148.34170854  9989.661023542285 9989.834385158752 -0.173361616467 
  0.96446195   1.68888476 149.04522613  10234.588158831000 10234.776142005418 -0.187983174417 
  0.96446195   1.68888476 149.74874372  10479.365843325853 10479.563310513649 -0.197467187796 
  0.96446195   1.68888476 150.45226131  10723.802559494972 10724.004023288879 -0.201463793906 
  0.96446195   1.68888476 151.15577889  10967.702127158642 10967.901297523420 -0.199170364778 
  0.96446195   1.68888476 151.85929648  11210.862397208810 11211.052956108075 -0.190558899265 
  0.96446195   1.68888476 152.56281407  11453.075464785099 11453.251509561267 -0.176044776168 
  0.96446195   1.68888476 153.26633166  11694.128585591912 11694.284068722629 -0.155483130717 
  0.96446195   1.68888476 156.78391960  12874.110891252756 12874.114767509960 -0.003876257204 
  0.96446195   1.68888476 157.48743719  13103.392183974385 13103.365519475385 0.026664499001 
  0.96446195   1.68888476 158.19095477  13329.854412153363 13329.800738757058 0.053673396305 
  0.96446195   1.68888476 158.89447236  13553.237029910088 13553.161287092136 0.075742817951 
  0.96446195   1.68888476 159.59798995  13773.273215860128 13773.182180479947 0.091035380181 
  0.96446195   1.68888476 160.30150754  13989.692360669374 13989.592738516949 0.099622152426 
  0.96446195   1.68888476 161.00502513  14202.217220813036 14202.116788873740 0.100431939296 
  0.96446195   1.68888476 161.70854271  14410.566300392151 14410.472953226754 0.093347165397 
  0.96446195   1.68888476 162.41206030  14614.453883349895 14614.375038288987 0.078845060909 
  0.96446195   1.68888476 163.11557789  14813.589080080390 14813.532495949135 0.056584131255 
  0.96446195   1.68888476 163.81909548  15007.679349198937 15007.651018799115 0.028330399822 
  0.96446195   1.68888476 164.52261307  15196.429446846247 15196.433231918871 -0.003785072624 
  0.96446195   1.68888476 165.22613065  15379.540045380592 15379.579499858577 -0.039454477985 
  0.96446195   1.68888476 165.92964824  15556.712872192264 15556.788862794096 -0.075990601832 
  0.96446195   1.68888476 166.63316583  15727.648482024670 15727.760062212672 -0.111580188002 
  0.96446195   1.68888476 167.33668342  15892.048244878650 15892.192704978006 -0.144460099356 
  0.96446195   1.68888476 168.04020101  16049.616358518600 16049.788520733029 -0.172162214429 
  0.96446195   1.68888476 168.74371859  16200.059459999204 16200.252717994950 -0.193257995747 
  0.96446195   1.68888476 169.44723618  16343.089025229216 16343.295438048144 -0.206412818929 
  0.96446195   1.68888476 170.15075377  16478.423158466816 16478.633261490577 -0.210103023761 
  0.96446195   1.68888476 171.55778894  16724.913471043110 16725.102284302917 -0.188813259807 
  0.96446195   1.68888476 172.26130653  16835.549456313252 16835.713264241022 -0.163807927769 
  0.96446195   1.68888476 172.96482412  16937.451785296202 16937.582185756484 -0.130400460283 
  0.96446195   1.68888476 173.66834171  17030.391167998314 17030.482044044980 -0.090876046666 
  0.96446195   1.68888476 174.37185930  17114.155735939741 17114.201952542935 -0.046216603194 
  0.96446195   1.68888476 175.07537688  17188.549550384283 17188.548652093941 0.000898290342 
  0.96446195   1.68888476 175.77889447  17253.396260768175 17253.347937098893 0.048323669282 
  0.96446195   1.68888476 176.48241206  17308.539828836918 17308.445961746856 0.093867090061 
  0.96446195   1.68888476 177.18592965  17353.844849079847 17353.710427336158 0.134421743689 
  0.96446195   1.68888476 177.88944724  17389.199739947915 17389.031616035460 0.168123912455 
  0.96446195   1.68888476 178.59296482  17414.517283946276 17414.323261036134 0.194022910142 
  0.96446195   1.68888476 179.29648241  17429.733304053545 17429.523239919698 0.210064133847 
