New model:
f      0    0    0  0.964019248686
f      0    0    0  1.688884760000
f      0    0    0  103.000000000000
f      0    0    0  2.325813574001
f      0    0    0  2.500000000000
f      0    0    0  -162.307308051066
f      2    0    0  38516.174411177839
f      3    0    0  845.909167624661
f      4    0    0  1852.033227471688
f      5    0    0  -814.058551093275
f      6    0    0  -417.351525577883

Grid of energies:
  1.50251256   1.68888476 103.00000000  20003.348213806748 20067.000366740805 -63.652152934057 
  1.51005025   1.68888476 103.00000000  20296.851264178753 20353.543094204542 -56.691830025789 
  1.51758794   1.68888476 103.00000000  20587.453614816070 20637.095220686733 -49.641605870664 
  1.52512563   1.68888476 103.00000000  20875.111859083176 20917.639380875687 -42.527521792512 
  1.53266332   1.68888476 103.00000000  21159.783809736371 21195.160886840597 -35.377077104225 
  0.72613065   1.68888476 103.00000000  21193.825378388166 21191.954089348783 1.871289039384 
  1.54020101   1.68888476 103.00000000  21441.431338727474 21469.647603302379 -28.216264574905 
  1.54773869   1.68888476 103.00000000  21720.018089413643 21741.089469347291 -21.071379933648 
  1.55527638   1.68888476 103.00000000  21995.510464653373 22009.479819038857 -13.969354385485 
  1.56281407   1.68888476 103.00000000  22267.876016363502 22274.813109181363 -6.937092817861 
  1.57035176   1.68888476 103.00000000  22537.086119219661 22537.086256410777 -0.000137191117 
  1.57788945   1.68888476 103.00000000  22803.112000584602 22796.298171644543 6.813828940059 
  0.71859296   1.68888476 103.00000000  23054.946280077100 23054.206538263898 0.739741813202 
  1.58542714   1.68888476 103.00000000  23065.929263368249 23052.449660539991 13.479602828258 
  1.59296482   1.68888476 103.00000000  23325.514089629054 23305.542993959985 19.971095669069 
  1.60050251   1.68888476 103.00000000  23581.846676483750 23555.583154839758 26.263521643992 
  1.61557789   1.68888476 103.00000000  24084.673354148865 24046.528196689469 38.145157459396 
  1.62311558   1.68888476 103.00000000  24331.136222004890 24287.449453550464 43.686768454427 
  1.63065327   1.68888476 103.00000000  24574.279885470867 24525.349791150566 48.930094320302 
  1.63819095   1.68888476 103.00000000  24814.091044366360 24760.240482027672 53.850562338688 
  0.71105528   1.68888476 103.00000000  25036.138233423233 25036.141629704794 -0.003396281561 
  1.64572864   1.68888476 103.00000000  25050.561966150999 24992.134955412137 58.427010738862 
  1.65326633   1.68888476 103.00000000  25283.684151843190 25221.046857702157 62.637294141034 
  1.66080402   1.68888476 103.00000000  25513.449411004782 25446.991235891288 66.458175113494 
  1.66446195   1.68888476 103.00000000  25623.740243285894 25555.574000275323 68.166243010572 
  1.66834171   1.68888476 103.00000000  25739.854396253824 25669.984159609412 69.870236644412 
  1.67587940   1.68888476 103.00000000  25962.895701661706 25890.042659378694 72.853042283012 
  1.68341709   1.68888476 103.00000000  26182.572369500995 26107.184667380410 75.387702120584 
  1.69095477   1.68888476 103.00000000  26398.882828891277 26321.428678329579 77.454150561698 
  1.69849246   1.68888476 103.00000000  26611.831334009767 26532.794828081715 79.036505928052 
  1.70603015   1.68888476 103.00000000  26821.419500440359 26741.303136080987 80.116364359372 
  1.71356784   1.68888476 103.00000000  27027.653008669615 26946.974596072541 80.678412597073 
  0.70351759   1.68888476 103.00000000  27144.114660531282 27144.100571659659 0.014088871623 
  1.72110553   1.68888476 103.00000000  27230.538520127535 27149.830842033716 80.707678093819 
  1.72864322   1.68888476 103.00000000  27430.084062188864 27349.894102284597 80.189959904266 
  1.73618090   1.68888476 103.00000000  27626.298881188035 27547.186895642517 79.111985545518 
  1.74371859   1.68888476 103.00000000  27819.194577693939 27741.733032667838 77.461545026101 
  1.75125628   1.68888476 103.00000000  28008.781524971128 27933.556005037291 75.225519933836 
  1.76633166   1.68888476 103.00000000  28378.091258287430 28309.129588463238 68.961669824192 
  1.77386935   1.68888476 103.00000000  28557.845174610615 28492.929712982681 64.915461627934 
  1.78140704   1.68888476 103.00000000  28734.354749307036 28674.105631056962 60.249118250074 
  1.78894472   1.68888476 103.00000000  28907.637588411570 28852.682659434653 54.954928976917 
  1.79648241   1.68888476 103.00000000  29077.716274276376 29028.687085394511 49.029188881865 
  0.69597990   1.68888476 103.00000000  29384.647061973810 29384.767485762146 -0.120423788336 
  1.81155779   1.68888476 103.00000000  29408.344411402941 29373.081801916349 35.262609486592 
  1.81909548   1.68888476 103.00000000  29568.939829185605 29541.524771010285 27.415058175320 
  1.82663317   1.68888476 103.00000000  29726.423175156116 29707.500204268581 18.922970887535 
  1.84170854   1.68888476 103.00000000  30032.155093908310 30032.155194307110 -0.000100398800 
  1.84924623   1.68888476 103.00000000  30180.459518805146 30190.888680153665 -10.429161348518 
  1.85678392   1.68888476 103.00000000  30325.758448779583 30347.262015048866 -21.503566269283 
  1.86432161   1.68888476 103.00000000  30468.085901111364 30501.302204036689 -33.216302925324 
  1.87185930   1.68888476 103.00000000  30607.468048334122 30653.036276695966 -45.568228361844 
  1.87939698   1.68888476 103.00000000  30743.940168812871 30802.491072570658 -58.550903757787 
  1.88693467   1.68888476 103.00000000  30877.529933273792 30949.694014367389 -72.164081093597 
  1.90201005   1.68888476 103.00000000  31136.204384148121 31237.451695232343 -101.247311084222 
  1.91708543   1.68888476 103.00000000  31383.760359272361 31516.524538797476 -132.764179525115 
  1.92462312   1.68888476 103.00000000  31503.457005456090 31652.871175056614 -149.414169600524 
  1.93216080   1.68888476 103.00000000  31620.478667125106 31787.126685698840 -166.648018573735 
  1.93969849   1.68888476 103.00000000  31734.865912705660 31919.317978833154 -184.452066127495 
  0.68844221   1.68888476 103.00000000  31765.099269658327 31765.195923600244 -0.096653941917 
  1.94723618   1.68888476 103.00000000  31846.649282738566 32049.471310459499 -202.822027720933 
  1.95477387   1.68888476 103.00000000  31955.869476407766 32177.612989499954 -221.743513092188 
  1.96231156   1.68888476 103.00000000  32062.564411520958 32303.769188756720 -241.204777235762 
  1.96984925   1.68888476 103.00000000  32166.771017417312 32427.965935942186 -261.194918524874 
  1.97738693   1.68888476 103.00000000  32268.526535764337 32550.228944331764 -281.702408567427 
  1.98492462   1.68888476 103.00000000  32367.870184257627 32670.584251117718 -302.714066860091 
  0.68090452   1.68888476 103.00000000  34292.820657625794 34292.822101208782 -0.001443582987 
  3.01510204   1.68888476 103.00000000  39398.566976621747 39141.560487779076 257.006488842671 
  3.03530612   1.68888476 103.00000000  39405.870053917170 39172.602601080449 233.267452836721 
  3.05551020   1.68888476 103.00000000  39412.706910490990 39202.230475101285 210.476435389704 
  3.07571429   1.68888476 103.00000000  39419.110827431083 39230.508079148014 188.602748283069 
  3.09591837   1.68888476 103.00000000  39425.108740672469 39257.496491797705 167.612248874764 
  3.11612245   1.68888476 103.00000000  39430.730739280581 39283.254107795161 147.476631485421 
  3.13632653   1.68888476 103.00000000  39436.001937329769 39307.836699464984 128.165237864785 
  3.15653061   1.68888476 103.00000000  39440.945705756545 39331.297544289147 109.648161467398 
  3.17673469   1.68888476 103.00000000  39445.586423620582 39353.687533544638 91.898890075943 
  3.19693878   1.68888476 103.00000000  39449.948493853211 39375.055286816438 74.893207036774 
  3.21714286   1.68888476 103.00000000  39454.041769310832 39395.447210085586 58.594559225246 
  3.23734694   1.68888476 103.00000000  39457.888587936759 39414.907654887844 42.980933048915 
  3.25755102   1.68888476 103.00000000  39461.506194069982 39433.478967273593 28.027226796388 
  3.27775510   1.68888476 103.00000000  39464.910198912024 39451.201586527466 13.708612384558 
  3.29795918   1.68888476 103.00000000  39468.114119499922 39468.114129358750 -0.000009858828 
  3.31816327   1.68888476 103.00000000  39471.128659576178 39484.253478330662 -13.124818754484 
  3.33836735   1.68888476 103.00000000  39473.973033294082 39499.654827492064 -25.681794197983 
  3.35857143   1.68888476 103.00000000  39476.655063375831 39514.351804184647 -37.696740808817 
  3.37877551   1.68888476 103.00000000  39479.185535266995 39528.376507466841 -49.190972199845 
  3.39897959   1.68888476 103.00000000  39481.574801757932 39541.759583987565 -60.184782229633 
  3.41918367   1.68888476 103.00000000  39483.829703480005 39554.530292763331 -70.700589283326 
  3.43938776   1.68888476 103.00000000  39485.962998256087 39566.716573043726 -80.753574787639 
  3.45959184   1.68888476 103.00000000  39487.980512470007 39578.345079760584 -90.364567290577 
  3.47979592   1.68888476 103.00000000  39489.889333844185 39589.441276401907 -99.551942557722 
  3.50000000   1.68888476 103.00000000  39491.697235539556 39600.029464841755 -108.332229302199 
  0.65829146   1.68888476 103.00000000  42839.374730959535 42839.294887463824 0.079843495711 
  0.65075377   1.68888476 103.00000000  46038.230540618300 46038.231782313909 -0.001241695609 
  0.64321608   1.68888476 103.00000000  49427.770520389080 49427.771452229004 -0.000931839924 
