New model:
f      0    0    0  0.949894196967
f      0    0    0  1.688884760000
f      0    0    0  103.000000000000
f      0    0    0  2.500000000000
f      0    0    0  1.000000000000
f      0    0    0  -0.053894363077
f      2    0    0  36331.658265363512
f      3    0    0  3157.248358330946
f      4    0    0  4172.368788237762
f      5    0    0  4229.616925753567
f      6    0    0  5101.861263791821

Grid of energies:
  0.94946195   1.68888476 103.00000000  0.000000000000 -0.011426760285 0.011426760285 
  0.95226131   1.68888476 103.00000000  1.222995400429 1.211595899197 0.011399501232 
  0.95446195   1.68888476 103.00000000  4.645620256662 4.634785936506 0.010834320156 
  0.94472362   1.68888476 103.00000000  6.098370060325 6.089101589799 0.009268470525 
  0.94446195   1.68888476 103.00000000  6.739717513323 6.730667049437 0.009050463886 
  0.95946195   1.68888476 103.00000000  20.293507516384 20.285470868705 0.008036647679 
  0.95979899   1.68888476 103.00000000  21.734831243753 21.727057321068 0.007773922686 
  0.93946195   1.68888476 103.00000000  25.259774506092 25.257020853414 0.002753652679 
  0.93718593   1.68888476 103.00000000  37.701978370547 37.703561651967 -0.001583281419 
  0.96446195   1.68888476 103.00000000  46.572506874800 46.568578572176 0.003928302624 
  0.93446195   1.68888476 103.00000000  55.968042641878 55.976053912267 -0.008011270389 
  0.96733668   1.68888476 103.00000000  66.354552447796 66.353232083008 0.001320364788 
  0.96946195   1.68888476 103.00000000  83.122939795256 83.123520349534 -0.000580554278 
  0.92964824   1.68888476 103.00000000  97.440300911665 97.463226100347 -0.022925188682 
  0.92946195   1.68888476 103.00000000  99.285365581512 99.309012106843 -0.023646525331 
  0.97446195   1.68888476 103.00000000  129.596139237285 129.600853140275 -0.004713902991 
  0.97487437   1.68888476 103.00000000  133.861871734262 133.866893667438 -0.005021933176 
  0.92446195   1.68888476 103.00000000  155.646004870534 155.690345644205 -0.044340773671 
  0.97946195   1.68888476 103.00000000  185.654160767794 185.661972116334 -0.007811348540 
  0.92211055   1.68888476 103.00000000  186.787676811218 186.843491138999 -0.055814327781 
  0.98241206   1.68888476 103.00000000  223.092549890280 223.101484225954 -0.008934335674 
  0.91946195   1.68888476 103.00000000  225.498108208179 225.568106675220 -0.069998467041 
  0.98446195   1.68888476 103.00000000  250.969400525093 250.978810053497 -0.009409528404 
  0.91457286   1.68888476 103.00000000  307.290614947677 307.389954490675 -0.099339542998 
  0.91446195   1.68888476 103.00000000  309.304254993796 309.404370432260 -0.100115438464 
  0.98946195   1.68888476 103.00000000  325.224397882819 325.233542730181 -0.009144847362 
  0.98994975   1.68888476 103.00000000  332.935772433877 332.944752880284 -0.008980446407 
  0.90946195   1.68888476 103.00000000  407.542081102729 407.675684129457 -0.133603026728 
  0.99446195   1.68888476 103.00000000  408.111361637712 408.118299775839 -0.006938138128 
  0.90703518   1.68888476 103.00000000  460.570785969496 460.721521558128 -0.150735588632 
  0.99748744   1.68888476 103.00000000  462.331711083651 462.336475437390 -0.004764353739 
  0.99946195   1.68888476 103.00000000  499.331841841340 499.334880535392 -0.003038694052 
  0.90446195   1.68888476 103.00000000  520.704242333770 520.873548589791 -0.169306256021 
  1.00446195   1.68888476 103.00000000  598.596668109298 598.594474636835 0.002193472463 
  1.00502513   1.68888476 103.00000000  610.269092753530 610.266235371206 0.002857382324 
  0.89949749   1.68888476 103.00000000  648.329956293106 648.534949259820 -0.204992966714 
  0.89946195   1.68888476 103.00000000  649.299660176039 649.504938383275 -0.205278207236 
  1.00946195   1.68888476 103.00000000  705.625384360552 705.617387049390 0.007997311161 
  1.01256281   1.68888476 103.00000000  775.782494664192 775.771029270757 0.011465393435 
  0.89446195   1.68888476 103.00000000  793.853485032916 794.092867189922 -0.239382157006 
  1.01446195   1.68888476 103.00000000  820.146104559302 820.132767502000 0.013337057303 
  0.89195980   1.68888476 103.00000000  872.352861568332 872.607769890126 -0.254908321794 
  1.01946195   1.68888476 103.00000000  941.895344972610 941.878344198603 0.017000774007 
  0.88946195   1.68888476 103.00000000  954.908033207059 955.177006152930 -0.268972945871 
  1.02010050   1.68888476 103.00000000  957.951354756951 957.934056821469 0.017297935482 
  1.02446195   1.68888476 103.00000000  1070.617542371154 1070.600161820169 0.017380550985 
  0.88446195   1.68888476 103.00000000  1133.023038774729 1133.314364175219 -0.291325400491 
  0.88442211   1.68888476 103.00000000  1134.512324079871 1134.803777400623 -0.291453320752 
  1.02763819   1.68888476 103.00000000  1155.896369665861 1155.881340373876 0.015029291985 
  1.02946195   1.68888476 103.00000000  1206.064904585481 1206.052323844762 0.012580740718 
  0.87946195   1.68888476 103.00000000  1328.776717543602 1329.080040451623 -0.303322908021 
  1.03446195   1.68888476 103.00000000  1347.997341737151 1347.996739248865 0.000602488287 
  1.03517588   1.68888476 103.00000000  1368.778721168637 1368.780570807606 -0.001849638969 
  0.87688442   1.68888476 103.00000000  1436.773732185364 1437.078296063247 -0.304563877883 
  1.03946195   1.68888476 103.00000000  1496.181879073381 1496.202873675826 -0.020994602444 
  0.87446195   1.68888476 103.00000000  1542.765869751573 1543.068061036600 -0.302191285027 
  1.04271357   1.68888476 103.00000000  1595.797583192587 1595.838940479606 -0.041357287019 
  1.04446195   1.68888476 103.00000000  1650.392826229334 1650.447505173415 -0.054678944082 
  0.86946195   1.68888476 103.00000000  1775.606975048780 1775.892312941938 -0.285337893158 
  0.86934673   1.68888476 103.00000000  1781.199808999896 1781.484551317913 -0.284742318017 
  1.04946195   1.68888476 103.00000000  1810.411158278584 1810.514484611606 -0.103326333022 
  1.05025126   1.68888476 103.00000000  1836.188696727157 1836.301237516117 -0.112540788961 
  1.05446195   1.68888476 103.00000000  1976.024693936110 1976.194500896493 -0.169806960383 
  0.86446195   1.68888476 103.00000000  2027.936574921012 2028.187591161050 -0.251016240038 
  1.05778894   1.68888476 103.00000000  2089.222163349390 2089.447651302042 -0.225487952652 
  1.05946195   1.68888476 103.00000000  2147.027541190386 2147.284851095984 -0.257309905599 
  0.86180905   1.68888476 103.00000000  2169.955246046185 2170.180647889219 -0.225401843034 
  1.06446195   1.68888476 103.00000000  2323.220277279615 2323.589215589846 -0.368938310231 
  1.06532663   1.68888476 103.00000000  2354.202389612794 2354.593339410860 -0.390949798066 
  0.85446195   1.68888476 103.00000000  2593.712943270802 2593.842161673984 -0.129218403182 
  0.85427136   1.68888476 103.00000000  2605.314386978745 2605.440651568652 -0.126264589907 
  1.07286432   1.68888476 103.00000000  2630.464378312230 2631.084676963118 -0.620298650888 
  1.07446195   1.68888476 103.00000000  2690.407109439373 2691.085312449076 -0.678203009703 
  1.08040201   1.68888476 103.00000000  2917.373821005225 2918.298910983830 -0.925089978605 
  1.08446195   1.68888476 103.00000000  3076.107044756413 3077.231682790382 -1.124638033969 
  0.84673367   1.68888476 103.00000000  3089.663864374161 3089.662241530149 0.001622844012 
  1.08793970   1.68888476 103.00000000  3214.325193926692 3215.642222063429 -1.317028136737 
  0.84446195   1.68888476 103.00000000  3245.618993163109 3245.576979372413 0.042013790696 
  1.08946195   1.68888476 103.00000000  3275.461893409491 3276.869655112883 -1.407761703393 
  1.09547739   1.68888476 103.00000000  3520.740708172321 3522.548177357327 -1.807469185006 
  0.83946195   1.68888476 103.00000000  3605.697708398104 3605.572594488576 0.125113909527 
  0.83919598   1.68888476 103.00000000  3625.510676205158 3625.381649387155 0.129026818003 
  1.10301508   1.68888476 103.00000000  3836.068743258715 3838.476248241780 -2.407504983065 
  1.11055276   1.68888476 103.00000000  4159.782740190625 4162.909957331157 -3.127217140532 
  0.83165829   1.68888476 103.00000000  4215.488221168518 4215.288809245593 0.199411922925 
  1.11446195   1.68888476 103.00000000  4330.802689373493 4334.353482630608 -3.550793257114 
  1.11809045   1.68888476 103.00000000  4491.381193757057 4495.357259754246 -3.976065997189 
  1.12562814   1.68888476 103.00000000  4830.384736016393 4835.346673137984 -4.961937121591 
  0.82412060   1.68888476 103.00000000  4862.625308871269 4862.246291306848 0.379017564422 
  1.13316583   1.68888476 103.00000000  5176.336124464869 5182.427766951864 -6.091642486995 
  1.14070352   1.68888476 103.00000000  5528.799440562725 5536.169579726114 -7.370139163389 
  0.81658291   1.68888476 103.00000000  5569.311143547297 5569.312251059287 -0.001107511990 
  0.81446195   1.68888476 103.00000000  5779.355291634798 5779.547012960180 -0.191721325382 
  1.14824121   1.68888476 103.00000000  5887.358830586076 5896.159523989604 -8.800693403528 
  1.15577889   1.68888476 103.00000000  6251.617404937744 6262.001863639854 -10.384458702109 
  0.80904523   1.68888476 103.00000000  6338.855351954699 6339.767183932869 -0.911831978170 
  1.16331658   1.68888476 103.00000000  6621.198131248355 6633.318689553500 -12.120558305145 
  1.17085427   1.68888476 103.00000000  6995.740483522415 7009.746091278081 -14.005607755666 
  0.80150754   1.68888476 103.00000000  7174.471670046449 7177.151805403458 -2.680135357009 
  1.17839196   1.68888476 103.00000000  7374.901217073202 7390.935232094173 -16.034015020970 
  1.18592965   1.68888476 103.00000000  7758.353785663843 7776.551062500932 -18.197276837089 
  0.79396985   1.68888476 103.00000000  8079.535900831223 8085.301727307439 -5.765826476217 
  1.19346734   1.68888476 103.00000000  8145.787003695965 8166.271567321125 -20.484563625160 
  1.20100503   1.68888476 103.00000000  8536.905069395900 8559.787062636944 -22.881993241044 
  1.20854271   1.68888476 103.00000000  8931.242821827531 8956.799011371018 -25.556189543488 
  0.78643216   1.68888476 103.00000000  9057.599094718695 9068.400778556084 -10.801683837390 
  1.21608040   1.68888476 103.00000000  9328.908343523741 9357.021524483214 -28.113180959474 
  1.22361809   1.68888476 103.00000000  9729.456012710929 9760.177632748319 -30.721620037390 
  0.77889447   1.68888476 103.00000000  10112.396390929818 10131.039548924839 -18.643157995020 
  1.23115578   1.68888476 103.00000000  10132.645172804594 10166.000862489558 -33.355689684964 
  1.23869347   1.68888476 103.00000000  10538.247583165765 10574.234222459889 -35.986639294124 
  1.24623116   1.68888476 103.00000000  10946.047495633364 10984.629751110311 -38.582255476947 
  0.77135678   1.68888476 103.00000000  11247.857198357582 11278.287094633231 -30.429896275649 
  1.25376884   1.68888476 103.00000000  11355.840194299817 11396.947549376720 -41.107355076903 
  1.26130653   1.68888476 103.00000000  11767.434631571174 11810.957583794358 -43.522952223184 
  1.26446195   1.68888476 103.00000000  11940.226911053061 11984.718639106653 -44.491728053592 
  1.26884422   1.68888476 103.00000000  12180.649049326777 12226.436045864593 -45.786996537816 
  0.76446195   1.68888476 103.00000000  12360.630920186639 12406.564551015790 -45.933630829151 
  0.76381910   1.68888476 103.00000000  12468.114850759506 12515.775449854871 -47.660599095365 
  1.27638191   1.68888476 103.00000000  12595.313636943698 12643.167207130509 -47.853570186811 
  1.28391960   1.68888476 103.00000000  13011.269047960639 13060.942567991427 -49.673520030788 
  1.29145729   1.68888476 103.00000000  13428.367180019617 13479.560575784870 -51.193395765253 
  0.75628141   1.68888476 103.00000000  13777.524654373527 13849.809767815028 -72.285113441501 
  1.29899497   1.68888476 103.00000000  13846.469620093703 13898.825807971580 -52.356187877876 
  1.30653266   1.68888476 103.00000000  14265.450360774994 14318.550957644677 -53.100596869683 
  1.31407035   1.68888476 103.00000000  14685.192219540477 14738.553273830788 -53.361054290312 
  1.32160804   1.68888476 103.00000000  15105.589218407869 15158.656580637831 -53.067362229962 
  0.74874372   1.68888476 103.00000000  15180.666869938374 15287.482377108236 -106.815507169862 
  1.32914573   1.68888476 103.00000000  15526.546126067638 15578.690531542146 -52.144405474508 
  1.33668342   1.68888476 103.00000000  15947.978781208396 15998.490433463978 -50.511652255582 
  1.34422111   1.68888476 103.00000000  16369.814172297716 16417.897083508848 -48.082911211131 
  0.74120603   1.68888476 103.00000000  16682.366055145860 16836.827289516965 -154.461234371105 
  1.35175879   1.68888476 103.00000000  16791.990525797009 16836.756061918048 -44.765536121038 
  1.35929648   1.68888476 103.00000000  17214.459847405553 17254.919812675846 -40.459965270293 
  1.36446195   1.68888476 103.00000000  17504.121776148677 17541.005178914846 -36.883402766169 
  1.36683417   1.68888476 103.00000000  17637.185723930597 17672.244176960437 -35.058453029840 
  1.37437186   1.68888476 103.00000000  18060.145858868957 18088.590493068816 -28.444634199859 
  0.73366834   1.68888476 103.00000000  18287.703882485628 18506.995227113679 -219.291344628051 
  1.38190955   1.68888476 103.00000000  18483.333225786686 18503.824924011282 -20.491698224596 
  1.38944724   1.68888476 103.00000000  18906.757520169020 18917.818347832166 -11.060827663146 
  1.39698492   1.68888476 103.00000000  19330.446249246597 19330.445707363011 0.000541883586 
  1.40452261   1.68888476 103.00000000  19754.449788555503 19741.588099531029 12.861689024474 
  0.72613065   1.68888476 103.00000000  20002.034114807844 20308.463852379900 -306.429737572056 
  1.41206030   1.68888476 103.00000000  20178.841420486569 20151.129396602028 27.712023884542 
  1.41959799   1.68888476 103.00000000  20603.723856747150 20558.958347869822 44.765508877328 
  1.42713568   1.68888476 103.00000000  21029.234858453274 20964.967944809829 64.266913643445 
  1.43467337   1.68888476 103.00000000  21455.555506497622 21369.055337616512 86.500168881110 
  0.71859296   1.68888476 103.00000000  21830.998667612672 22253.287538568951 -422.288870956279 
  1.44221106   1.68888476 103.00000000  21882.921814441681 21771.121754355449 111.800060086232 
  1.44974874   1.68888476 103.00000000  22311.641083657742 22171.071893200329 140.569190457412 
  1.45728643   1.68888476 103.00000000  22742.119392916560 22568.815965351565 173.303427564995 
  1.46446195   1.68888476 103.00000000  23154.040245175362 22945.319587530466 208.720657644895 
  1.46482412   1.68888476 103.00000000  23174.896939963102 22964.266436170470 210.630503792632 
  1.47236181   1.68888476 103.00000000  23610.716166675091 23357.340076815544 253.376089859546 
  0.71105528   1.68888476 103.00000000  23780.629273429513 24355.390658874396 -574.761385444883 
  1.47989950   1.68888476 103.00000000  24050.641714632511 23747.957359632510 302.684355000001 
  1.48743719   1.68888476 103.00000000  24496.323135688901 24136.042386508456 360.280749180445 
  1.49497487   1.68888476 103.00000000  24950.745834693313 24521.522308352283 429.223526341029 
  1.51005025   1.68888476 103.00000000  25318.707682698965 25284.397407031876 34.310275667089 
  1.50251256   1.68888476 103.00000000  25421.728158921003 24904.329297022450 517.398861898553 
  1.51758794   1.68888476 103.00000000  25592.942224174738 25661.664555405987 -68.722331231249 
  0.70351759   1.68888476 103.00000000  25857.026481017470 26630.929537773085 -773.903056755615 
  1.52512563   1.68888476 103.00000000  25863.748424813151 26036.071939545214 -172.323514732063 
  1.53266332   1.68888476 103.00000000  26131.100356981158 26407.563968504761 -276.463611523603 
  1.54020101   1.68888476 103.00000000  26394.970342695713 26776.088194497217 -381.117851801504 
  1.54773869   1.68888476 103.00000000  26655.329387634993 27141.594761701002 -486.265374066010 
  1.55527638   1.68888476 103.00000000  26912.149124443531 27504.038273749149 -591.889149305618 
  1.56281407   1.68888476 103.00000000  27165.399865701795 27863.374816219359 -697.974950517564 
  1.56446195   1.68888476 103.00000000  27220.286916315556 27941.514586542351 -721.227670226795 
  1.57035176   1.68888476 103.00000000  27415.052254259586 28219.563832508913 -804.511578249327 
  1.57788945   1.68888476 103.00000000  27661.077303856611 28572.567569254152 -911.490265397540 
  1.58542714   1.68888476 103.00000000  27903.446642592549 28922.351008845220 -1018.904366252671 
  0.69597990   1.68888476 103.00000000  28066.886531308293 29098.690006481967 -1031.803475173674 
  1.59296482   1.68888476 103.00000000  28142.132490038872 29268.881344578502 -1126.748854539630 
  1.60050251   1.68888476 103.00000000  28377.108454316854 29612.129748203577 -1235.021293886723 
  1.60804020   1.68888476 103.00000000  28608.348820954561 29952.068544666519 -1343.719723711958 
  1.61557789   1.68888476 103.00000000  28835.829242929816 30288.672988868406 -1452.843745938590 
  1.62311558   1.68888476 103.00000000  29059.526967138052 30621.920737562734 -1562.393770424682 
  1.63065327   1.68888476 103.00000000  29279.421156600118 30951.791783506535 -1672.370626906417 
  1.63819095   1.68888476 103.00000000  29495.492592632771 31278.267959142438 -1782.775366509668 
  1.64572864   1.68888476 103.00000000  29707.725396662951 31601.334599585938 -1893.609202922988 
  1.65326633   1.68888476 103.00000000  29916.105489164591 31920.977879307007 -2004.872390142416 
  1.66080402   1.68888476 103.00000000  30120.622346103191 32237.186485147078 -2116.564139043887 
  1.66446195   1.68888476 103.00000000  30218.476795896888 32389.397180428474 -2170.920384531586 
  1.66834171   1.68888476 103.00000000  30321.269008636475 32549.951117484085 -2228.682108847610 
  0.68844221   1.68888476 103.00000000  30417.186236366630 31780.586970310407 -1363.400733943778 
  1.67587940   1.68888476 103.00000000  30518.042830079794 32859.264427379225 -2341.221597299431 
  1.68341709   1.68888476 103.00000000  30710.946026921272 33165.120954363410 -2454.174927442138 
  1.69095477   1.68888476 103.00000000  30899.985915556550 33467.516666019575 -2567.530750463025 
  1.69849246   1.68888476 103.00000000  31085.176790401340 33766.450497285441 -2681.273706884102 
  1.70603015   1.68888476 103.00000000  31266.539220362902 34061.921883307274 -2795.382662944372 
  1.71356784   1.68888476 103.00000000  31444.101281970739 34353.932309464435 -2909.831027493696 
  1.72110553   1.68888476 103.00000000  31617.900085076690 34642.484849424916 -3024.584764348227 
  1.72864322   1.68888476 103.00000000  31787.980478048325 34927.584107522285 -3139.603629473961 
  1.73618090   1.68888476 103.00000000  31954.396682709455 35209.235790632338 -3254.839107922882 
  1.74371859   1.68888476 103.00000000  32117.212721794844 35487.448142382680 -3370.235420587836 
  1.75125628   1.68888476 103.00000000  32276.500708088279 35762.229646295629 -3485.728938207350 
  1.75879397   1.68888476 103.00000000  32432.341282293200 36033.590471009826 -3601.249188716625 
  1.76446195   1.68888476 103.00000000  32547.308162584901 36235.394431835492 -3688.086269250591 
  1.76633166   1.68888476 103.00000000  32584.822676688433 36301.542041329834 -3716.719364641402 
  1.77386935   1.68888476 103.00000000  32734.039087861776 36566.096986205186 -3832.057898343410 
  1.78140704   1.68888476 103.00000000  32880.089321523905 36827.269087711735 -3947.179766187830 
  0.68090452   1.68888476 103.00000000  32915.288115292788 34702.237165876511 -1786.949050583724 
  1.78894472   1.68888476 103.00000000  33023.074813082814 37085.072891256066 -4061.998078173252 
  1.79648241   1.68888476 103.00000000  33163.098589301109 37339.525020209498 -4176.426430908388 
  1.80402010   1.68888476 103.00000000  33300.262084037066 37590.642075884069 -4290.379991847003 
  1.81155779   1.68888476 103.00000000  33434.664498761296 37838.441963169607 -4403.777464408311 
  1.81909548   1.68888476 103.00000000  33566.400772705674 38082.943500449110 -4516.542727743436 
  1.82663317   1.68888476 103.00000000  33695.560775443912 38324.166374823748 -4628.605599379836 
  1.83417085   1.68888476 103.00000000  33822.227956324816 38562.130784852037 -4739.902828527222 
  1.84170854   1.68888476 103.00000000  33946.479798421264 38796.858656371893 -4850.378857950629 
  1.84924623   1.68888476 103.00000000  34068.386451348662 39028.371706758655 -4959.985255409993 
  1.85678392   1.68888476 103.00000000  34188.011513546109 39256.692671491088 -5068.681157944979 
  1.86432161   1.68888476 103.00000000  34305.412179023027 39481.844946830992 -5176.432767807964 
  1.86446195   1.68888476 103.00000000  34307.577260091901 39486.007035179660 -5178.429775087759 
  1.87185930   1.68888476 103.00000000  34420.639721870422 39703.852551414464 -5283.212829544042 
  1.87939698   1.68888476 103.00000000  34533.739730075002 39922.739800560586 -5389.000070485585 
  1.88693467   1.68888476 103.00000000  34644.753783553839 40138.532427373131 -5493.778643819292 
  1.89447236   1.68888476 103.00000000  34753.718721702695 40351.255805165558 -5597.537083462863 
  1.90201005   1.68888476 103.00000000  34860.667523950338 40560.936078870545 -5700.268554920207 
  1.90954774   1.68888476 103.00000000  34965.631242021918 40767.599839347495 -5801.968597325576 
  1.91708543   1.68888476 103.00000000  35068.637517347932 40971.274091150939 -5902.636573803007 
  1.92462312   1.68888476 103.00000000  35169.712569102645 41171.986221293126 -6002.273652190481 
  1.93216080   1.68888476 103.00000000  35268.880846276879 41369.763708537714 -6100.882862260834 
  1.93969849   1.68888476 103.00000000  35366.165473207831 41564.635139754195 -6198.469666546363 
  1.94723618   1.68888476 103.00000000  35461.589624166489 41756.628607331935 -6295.038983165447 
  1.95477387   1.68888476 103.00000000  35555.175108790398 41945.772735179635 -6390.597626389237 
  0.67336683   1.68888476 103.00000000  35568.964188754559 37893.635734102587 -2324.671545348028 
  1.96231156   1.68888476 103.00000000  35646.942484423518 42132.096387935526 -6485.153903512008 
  1.96446195   1.68888476 103.00000000  35672.791834533215 42184.738694771375 -6511.946860238160 
  1.96984925   1.68888476 103.00000000  35736.913077861071 42315.628645413060 -6578.715567551990 
  1.97738693   1.68888476 103.00000000  35825.108283668756 42496.398539939233 -6671.290256270477 
  1.98492462   1.68888476 103.00000000  35911.549099445343 42674.435988189376 -6762.886888744033 
  1.99246231   1.68888476 103.00000000  35996.256172508001 42849.770329396939 -6853.514156888938 
  2.00000000   1.68888476 103.00000000  36079.250721171498 43022.431266185748 -6943.180545014249 
  2.01000000   1.68888476 103.00000000  36186.750496938825 43247.419732993869 -7060.669236055044 
  2.02000000   1.68888476 103.00000000  36291.323846668005 43467.825153629761 -7176.501306961756 
  2.03000000   1.68888476 103.00000000  36393.021777734160 43683.717494980177 -7290.695717246017 
  2.04000000   1.68888476 103.00000000  36491.895897448063 43895.166816051737 -7403.270918603674 
  2.05000000   1.68888476 103.00000000  36587.997836798429 44102.243196038580 -7514.245359240151 
  2.06000000   1.68888476 103.00000000  36681.380327373743 44305.016666334093 -7623.636338960350 
  2.07000000   1.68888476 103.00000000  36772.096634805202 44503.557146358522 -7731.460511553320 
  2.08000000   1.68888476 103.00000000  36860.200141698122 44697.934383075415 -7837.734241377293 
  2.09000000   1.68888476 103.00000000  36945.744835957885 44888.217894069727 -7942.473058111842 
  2.10000000   1.68888476 103.00000000  37028.784804269671 45074.476914062405 -8045.692109792733 
  2.11000000   1.68888476 103.00000000  37109.374319389462 45256.780344736741 -8147.406025347278 
  2.12000000   1.68888476 103.00000000  37187.567883029580 45435.196707753850 -8247.628824724270 
  2.13000000   1.68888476 103.00000000  37263.419525444508 45609.794100836225 -8346.374575391717 
  2.14000000   1.68888476 103.00000000  37336.983600422740 45780.640156800131 -8443.656556377391 
  2.15000000   1.68888476 103.00000000  37408.314181894064 45947.802005419755 -8539.487823525691 
  2.16000000   1.68888476 103.00000000  37477.464968293905 46111.346238008569 -8633.881269714664 
  2.17000000   1.68888476 103.00000000  37544.489489689469 46271.338874605295 -8726.849384915826 
  2.18000000   1.68888476 103.00000000  37609.440859794617 46427.845333654644 -8818.404473860028 
  2.19000000   1.68888476 103.00000000  37672.371558561921 46580.930404075305 -8908.558845513384 
  2.20000000   1.68888476 103.00000000  37733.333685502410 46730.658219610872 -8997.324534108462 
  2.21000000   1.68888476 103.00000000  37792.378783166409 46877.092235361240 -9084.713452194832 
  2.22000000   1.68888476 103.00000000  37849.557648286223 47020.295206395655 -9170.737558109431 
  2.23000000   1.68888476 103.00000000  37904.920425087214 47160.329168350618 -9255.408743263404 
  2.24000000   1.68888476 103.00000000  37958.516618713737 47297.255419919355 -9338.738801205618 
  2.25000000   1.68888476 103.00000000  38010.395093455911 47431.134507141665 -9420.739413685755 
  2.26000000   1.68888476 103.00000000  38060.603698730469 47562.026209406671 -9501.422510676202 
  2.27000000   1.68888476 103.00000000  38109.189614772797 47689.989527082696 -9580.799912309900 
  2.28000000   1.68888476 103.00000000  38156.199231714010 47815.082670692485 -9658.883438978475 
  2.29000000   1.68888476 103.00000000  38201.677844539285 47937.363051553883 -9735.685207014598 
  2.30000000   1.68888476 103.00000000  38245.670041680336 48056.887273809298 -9811.217232128962 
  2.31000000   1.68888476 103.00000000  38288.219540089369 48173.711127769755 -9885.491587680386 
  2.32000000   1.68888476 103.00000000  38329.369825363159 48287.889584502409 -9958.519759139250 
  2.33000000   1.68888476 103.00000000  38369.161783635616 48399.476791592497 -10030.315007956880 
  0.66582915   1.68888476 103.00000000  38386.417133644223 41389.945627134723 -3003.528493490499 
  2.34000000   1.68888476 103.00000000  38407.636765956879 48508.526070013788 -10100.889304056909 
  2.35000000   1.68888476 103.00000000  38444.834872260690 48615.089912043957 -10170.255039783267 
  2.36000000   1.68888476 103.00000000  38480.795289754868 48719.219980163602 -10238.424690408734 
  2.37000000   1.68888476 103.00000000  38515.556435778737 48820.967106880671 -10305.410671101934 
  2.38000000   1.68888476 103.00000000  38549.154664888978 48920.381295423591 -10371.226630534613 
  2.39000000   1.68888476 103.00000000  38581.627355217934 49017.511721249517 -10435.884366031583 
  2.40000000   1.68888476 103.00000000  38613.009563222528 49112.406734315999 -10499.397171093471 
  2.41000000   1.68888476 103.00000000  38643.335937574506 49205.113862066559 -10561.777924492053 
  2.42000000   1.68888476 103.00000000  38672.639986336231 49295.679813082919 -10623.039826746688 
  2.43000000   1.68888476 103.00000000  38700.954626128078 49384.150481358847 -10683.195855230770 
  2.44000000   1.68888476 103.00000000  38728.311458170414 49470.570951152105 -10742.259492981691 
  2.45000000   1.68888476 103.00000000  38754.741552203894 49554.985502373740 -10800.243950169846 
  2.46000000   1.68888476 103.00000000  38780.275399640203 49637.437616474985 -10857.162216834782 
  2.47000000   1.68888476 103.00000000  38804.941780358553 49717.969982794632 -10913.028202436079 
  2.48000000   1.68888476 103.00000000  38828.769387409091 49796.624505330939 -10967.855117921848 
  2.49000000   1.68888476 103.00000000  38851.785798415542 49873.442309904276 -11021.656511488734 
  2.50000000   1.68888476 103.00000000  38874.017837166786 49948.463751678035 -11074.445914511249 
  2.51000000   1.68888476 103.00000000  38895.491670489311 50021.728423007211 -11126.236752517900 
  0.66446195   1.68888476 103.00000000  38915.667828217149 42059.889824424230 -3144.221996207081 
  2.53020408   1.68888476 103.00000000  38936.666309118271 50164.550674780949 -11227.884365662678 
  2.55040816   1.68888476 103.00000000  38975.047233790159 50300.670530144336 -11325.623296354177 
  2.57061224   1.68888476 103.00000000  39010.821313410997 50430.386922168080 -11419.565608757082 
  2.59081633   1.68888476 103.00000000  39044.163754269481 50553.987014281847 -11509.823260012367 
  2.61102041   1.68888476 103.00000000  39075.239683672786 50671.746277328886 -11596.506593656100 
  2.63122449   1.68888476 103.00000000  39104.202841356397 50783.929182844142 -11679.726341487745 
  2.65142857   1.68888476 103.00000000  39131.197427690029 50890.789287265427 -11759.591859575397 
  2.67163265   1.68888476 103.00000000  39156.358325347304 50992.569629636593 -11836.211304289289 
  2.69183673   1.68888476 103.00000000  39179.812919020653 51089.503068056758 -11909.690149036105 
  2.71204082   1.68888476 103.00000000  39201.675379812717 51181.812660502554 -11980.137280689836 
  2.73224490   1.68888476 103.00000000  39222.060272604227 51269.711818998629 -12047.651546394402 
  2.75244898   1.68888476 103.00000000  39241.066607043147 51353.404915363848 -12112.338308320701 
  2.77265306   1.68888476 103.00000000  39258.791332304478 51433.087424160542 -12174.296091856064 
  2.79285714   1.68888476 103.00000000  39275.323578104377 51508.946292561188 -12233.622714456811 
  2.81306122   1.68888476 103.00000000  39290.746271654963 51581.160257816839 -12290.413986161875 
  2.83326531   1.68888476 103.00000000  39305.136580437422 51649.900191686131 -12344.763611248709 
  2.85346939   1.68888476 103.00000000  39318.566943585873 51715.329270548602 -12396.762326962729 
  2.87367347   1.68888476 103.00000000  39331.097914621234 51777.603476692340 -12446.505562071106 
  2.89387755   1.68888476 103.00000000  39342.806472495198 51836.871750321967 -12494.065277826769 
  2.91408163   1.68888476 103.00000000  39353.738666266203 51893.276306329164 -12539.537640062961 
  2.93428571   1.68888476 103.00000000  39363.952852085233 51946.952908173625 -12583.000056088393 
  2.95448980   1.68888476 103.00000000  39373.497321560979 51998.031158263140 -12624.533836702161 
  2.97469388   1.68888476 103.00000000  39382.419580906630 52046.634655600028 -12664.215074693398 
  2.99489796   1.68888476 103.00000000  39390.762380436063 52092.881396570752 -12702.119016134689 
  3.01510204   1.68888476 103.00000000  39398.566976621747 52136.883913525075 -12738.316936903328 
  3.03530612   1.68888476 103.00000000  39405.870053917170 52178.749533367984 -12772.879479450814 
  3.05551020   1.68888476 103.00000000  39412.706910490990 52218.580602071059 -12805.873691580069 
  3.07571429   1.68888476 103.00000000  39419.110827431083 52256.474719406368 -12837.363891975285 
  3.09591837   1.68888476 103.00000000  39425.108740672469 52292.524873382172 -12867.416132709703 
  3.11612245   1.68888476 103.00000000  39430.730739280581 52326.819753392912 -12896.089014112331 
  3.13632653   1.68888476 103.00000000  39436.001937329769 52359.443867324815 -12923.441929995046 
  3.15653061   1.68888476 103.00000000  39440.945705756545 52390.477746331235 -12949.532040574690 
  3.17673469   1.68888476 103.00000000  39445.586423620582 52419.998123076934 -12974.411699456352 
  3.19693878   1.68888476 103.00000000  39449.948493853211 52448.078116419951 -12998.129622566739 
  3.21714286   1.68888476 103.00000000  39454.041769310832 52474.787340744457 -13020.745571433625 
  3.23734694   1.68888476 103.00000000  39457.888587936759 52500.192146784735 -13042.303558847976 
  3.25755102   1.68888476 103.00000000  39461.506194069982 52524.355716329243 -13062.849522259261 
  3.27775510   1.68888476 103.00000000  39464.910198912024 52547.338221124148 -13082.428022212123 
  3.29795918   1.68888476 103.00000000  39468.114119499922 52569.196961419861 -13101.082841919939 
  3.31816327   1.68888476 103.00000000  39471.128659576178 52589.986508648552 -13118.857849072374 
  3.33836735   1.68888476 103.00000000  39473.973033294082 52609.758791742170 -13135.785758448088 
  3.35857143   1.68888476 103.00000000  39476.655063375831 52628.563280280126 -13151.908216904296 
  3.37877551   1.68888476 103.00000000  39479.185535266995 52646.447058981670 -13167.261523714675 
  3.39897959   1.68888476 103.00000000  39481.574801757932 52663.454949304563 -13181.880147546632 
  3.41918367   1.68888476 103.00000000  39483.829703480005 52679.629615584789 -13195.799912104783 
  3.43938776   1.68888476 103.00000000  39485.962998256087 52695.011673880275 -13209.048675624188 
  3.45959184   1.68888476 103.00000000  39487.980512470007 52709.639758796511 -13221.659246326504 
  3.47979592   1.68888476 103.00000000  39489.889333844185 52723.550661666501 -13233.661327822316 
  3.50000000   1.68888476 103.00000000  39491.697235539556 52736.779388075673 -13245.082152536117 
  0.65829146   1.68888476 103.00000000  41376.322926208377 45232.447608712238 -3856.124682503862 
  0.65075377   1.68888476 103.00000000  44547.836913362145 49469.602366707331 -4921.765453345186 
  0.64321608   1.68888476 103.00000000  47910.639775380492 54158.342619830946 -6247.702844450454 
