New model:
f      0    0    0  0.964461950000
f      0    0    0  1.691040661129
f      0    0    0  103.000000000000
f      0    0    0  1.000000000000
f      0    0    0  1.000000000000
f      0    0    0  -0.442991352638
f      0    2    0  96221.138073705326
f      0    3    0  -85908.976640123976
f      0    4    0  14699.342053681019
f      0    5    0  -23566.906804603837
f      0    6    0  5890.480529031322
f      0    7    0  5940.542862046106
f      0    8    0  -14540.860519336691

Grid of energies:
  0.96446195   1.68969849 103.00000000  -0.275789439678 -0.269215342333 -0.006574097345 
  0.96446195   1.68888476 103.00000000  0.000000000000 0.006065151633 -0.006065151633 
  0.96446195   1.69388476 103.00000000  0.323700785637 0.331154670130 -0.007453884493 
  0.96446195   1.69597990 103.00000000  1.874265193939 1.882599272839 -0.008334078900 
  0.96446195   1.68388476 103.00000000  4.546859413385 4.551462206046 -0.004602792661 
  0.96446195   1.68341709 103.00000000  5.226159140468 5.230645517036 -0.004486376569 
  0.96446195   1.70226131 103.00000000  11.407573103905 11.417370244624 -0.009797140719 
  0.96446195   1.67888476 103.00000000  14.104127973318 14.106771764023 -0.002643790705 
  0.96446195   1.70388476 103.00000000  15.040008738637 15.050149139623 -0.010140400986 
  0.96446195   1.67713568 103.00000000  18.656181991100 18.658441819592 -0.002259828491 
  0.96446195   1.70854271 103.00000000  28.062484219670 28.073625812916 -0.011141593246 
  0.96446195   1.67388476 103.00000000  28.813123106956 28.814516415127 -0.001393308171 
  0.96446195   1.67085427 103.00000000  40.297925397754 40.298144384088 -0.000218986335 
  0.96446195   1.71388476 103.00000000  47.640566915274 47.652322495670 -0.011755580396 
  0.96446195   1.66888476 103.00000000  48.821003600955 48.820388363426 0.000615237529 
  0.96446195   1.71482412 103.00000000  51.585158541799 51.597066981748 -0.011908439949 
  0.96446195   1.66457286 103.00000000  70.443829283118 70.441686939749 0.002142343370 
  0.96446195   1.66388476 103.00000000  74.275460392237 74.273324434947 0.002135957290 
  0.96446195   1.72110553 103.00000000  81.727842554450 81.740207754497 -0.012365200047 
  0.96446195   1.65888476 103.00000000  105.329820573330 105.325583199577 0.004237373753 
  0.96446195   1.65829146 103.00000000  109.393067568541 109.389132234718 0.003935333823 
  0.96446195   1.72738693 103.00000000  118.249919950962 118.262213917765 -0.012293966803 
  0.96446195   1.65388476 103.00000000  142.138262271881 142.132824271469 0.005438000412 
  0.96446195   1.65201005 103.00000000  157.455560252070 157.449180319764 0.006379932307 
  0.96446195   1.73366834 103.00000000  160.916293144226 160.928938046784 -0.012644902558 
  0.96446195   1.73888476 103.00000000  200.856390714645 200.868307766845 -0.011917052199 
  0.96446195   1.73994975 103.00000000  209.500306621194 209.512389446662 -0.012082825468 
  0.96446195   1.64572864 103.00000000  214.947547689080 214.939052386205 0.008495302875 
  0.96446195   1.74388476 103.00000000  242.851090833545 242.862749937736 -0.011659104191 
  0.96446195   1.74623116 103.00000000  263.779782146215 263.790782350686 -0.011000204471 
  0.96446195   1.63944724 103.00000000  282.194535642862 282.184873450150 0.009662192713 
  0.96446195   1.74888476 103.00000000  288.368747472763 288.379385378712 -0.010637905948 
  0.96446195   1.63888476 103.00000000  288.703557074070 288.693781812921 0.009775261149 
  0.96446195   1.75251256 103.00000000  323.538405731320 323.548214496787 -0.009808765467 
  0.96446195   1.75388476 103.00000000  337.301410675049 337.310925402806 -0.009514727757 
  0.96446195   1.63388476 103.00000000  350.159123852849 350.148472202624 0.010651650225 
  0.96446195   1.63316583 103.00000000  359.533402830362 359.522334791869 0.011068038493 
  0.96446195   1.75879397 103.00000000  388.566188737750 388.574893049867 -0.008704312117 
  0.96446195   1.75888476 103.00000000  389.544464603066 389.552390476681 -0.007925873615 
  0.96446195   1.62888476 103.00000000  418.201951920986 418.190395013205 0.011556907781 
  0.96446195   1.76388476 103.00000000  444.994023531675 445.001060239904 -0.007036708229 
  0.96446195   1.62688442 103.00000000  447.308136507869 447.296335927440 0.011800580429 
  0.96446195   1.76507538 103.00000000  458.659805327654 458.666405222699 -0.006599895045 
  0.96446195   1.62388476 103.00000000  493.009554654360 492.997411856761 0.012142797599 
  0.96446195   1.76888476 103.00000000  503.550610184669 503.556424811489 -0.005814626820 
  0.96446195   1.77135678 103.00000000  533.619132816792 533.623814413808 -0.004681597017 
  0.96446195   1.62060302 103.00000000  545.874096542597 545.861524649601 0.012571892996 
  0.96446195   1.77388476 103.00000000  565.116011381149 565.120137343821 -0.004125962672 
  0.96446195   1.61888476 103.00000000  574.764001846313 574.751407166214 0.012594680100 
  0.96446195   1.77763819 103.00000000  613.251267969608 613.253906438346 -0.002638468738 
  0.96446195   1.61432161 103.00000000  655.595619753003 655.583146744621 0.012473008382 
  0.96446195   1.61388476 103.00000000  663.650808125734 663.638387396033 0.012420729702 
  0.96446195   1.78391960 103.00000000  697.367611497641 697.368329726926 -0.000718229285 
  0.96446195   1.60888476 103.00000000  759.861025780439 759.848583038548 0.012442741892 
  0.96446195   1.60804020 103.00000000  776.848693341017 776.836420441083 0.012272899934 
  0.96446195   1.79020101 103.00000000  785.785215243697 785.783926461252 0.001288782445 
  0.96446195   1.60388476 103.00000000  863.588353991508 863.576553532518 0.011800458991 
  0.96446195   1.79648241 103.00000000  878.325936242938 878.322332098443 0.003604144495 
  0.96446195   1.60175879 103.00000000  910.018761649728 910.007472566797 0.011289082931 
  0.96446195   1.79888476 103.00000000  914.771838277578 914.767463241417 0.004375036161 
  0.96446195   1.80276382 103.00000000  974.816086500883 974.810440996162 0.005645504721 
  0.96446195   1.59888476 103.00000000  975.031894549727 975.021295141285 0.010599408442 
  0.96446195   1.59547739 103.00000000  1055.502956390381 1055.493286674302 0.009669716078 
  0.96446195   1.80888476 103.00000000  1072.479634344578 1072.472137336982 0.007497007596 
  0.96446195   1.80904523 103.00000000  1075.087314009666 1075.079395833606 0.007918176060 
  0.96446195   1.59388476 103.00000000  1094.395918369293 1094.386351878845 0.009566490449 
  0.96446195   1.81388476 103.00000000  1154.816107779741 1154.806977350951 0.009130428790 
  0.96446195   1.81532663 103.00000000  1178.974055916071 1178.964880116106 0.009175799965 
  0.96446195   1.58919598 103.00000000  1213.711273118854 1213.702999002134 0.008274116720 
  0.96446195   1.58888476 103.00000000  1221.887898907065 1221.879929562491 0.007969344574 
  0.96446195   1.82160804 103.00000000  1286.318351507187 1286.307522787645 0.010828719542 
  0.96446195   1.58291457 103.00000000  1385.063172891736 1385.056872214183 0.006300677553 
  0.96446195   1.82788945 103.00000000  1396.964151442051 1396.951790475842 0.012360966208 
  0.96446195   1.57888476 103.00000000  1502.113683298230 1502.109486891359 0.004196406872 
  0.96446195   1.83417085 103.00000000  1510.759666174650 1510.746348375707 0.013317798943 
  0.96446195   1.57663317 103.00000000  1569.991353437304 1569.987271313450 0.004082123855 
  0.96446195   1.83888476 103.00000000  1598.138430982828 1598.124667990454 0.013762992374 
  0.96446195   1.84045226 103.00000000  1627.558209642768 1627.544519096776 0.013690545992 
  0.96446195   1.57035176 103.00000000  1768.940875411034 1768.940029531416 0.000845879618 
  0.96446195   1.56888476 103.00000000  1817.473638430238 1817.473388339258 0.000250090980 
  0.96446195   1.85301508 103.00000000  1869.597042515874 1869.582932256771 0.014110259103 
  0.96446195   1.56407035 103.00000000  1982.371792241931 1982.373085010474 -0.001292768543 
  0.96446195   1.56388476 103.00000000  1988.902767464519 1988.904215460797 -0.001447996279 
  0.96446195   1.85929648 103.00000000  1994.561999917030 1994.548519763809 0.013480153222 
  0.96446195   1.86557789 103.00000000  2121.981645449996 2121.968635218273 0.013010231723 
  0.96446195   1.55778894 103.00000000  2210.752703458071 2210.758052086718 -0.005348628647 
  0.96446195   1.87185930 103.00000000  2251.727245956659 2251.715081451146 0.012164505513 
  0.96446195   1.87814070 103.00000000  2383.673630759120 2383.663170980733 0.010459778387 
  0.96446195   1.55150754 103.00000000  2454.572413921356 2454.579967544195 -0.007553622839 
  0.96446195   1.88442211 103.00000000  2517.701428696513 2517.692284569256 0.009144127258 
  0.96446195   1.89070352 103.00000000  2653.691312298179 2653.684524718554 0.006787579625 
  0.96446195   1.54522613 103.00000000  2714.328390702605 2714.339312925477 -0.010922222872 
  0.96446195   1.89698492 103.00000000  2791.530256822705 2791.525248306852 0.005008515854 
  0.96446195   1.90326633 103.00000000  2931.106444224715 2931.103657793818 0.002786430898 
  0.96446195   1.53894472 103.00000000  2990.535885155201 2990.550147098153 -0.014261942952 
  0.96446195   1.53888476 103.00000000  2993.253779798746 2993.267719312352 -0.013939513606 
  0.96446195   1.91582915 103.00000000  3215.041270330548 3215.043390833038 -0.002120502490 
  0.96446195   1.53266332 103.00000000  3283.724951863289 3283.741628727354 -0.016676864065 
  0.96446195   1.52638191 103.00000000  3594.440949440002 3594.460026169280 -0.019076729277 
  0.96446195   1.94095477 103.00000000  3799.203741773963 3799.213150681354 -0.009408907391 
  0.96446195   1.52010050 103.00000000  3923.245125874877 3923.266426114422 -0.021300239545 
  0.96446195   1.94723618 103.00000000  3948.079680353403 3948.090740264391 -0.011059910988 
  0.96446195   1.95351759 103.00000000  4097.909401446581 4097.921540945377 -0.012139498796 
  0.96446195   1.95979899 103.00000000  4248.606856465340 4248.619433152066 -0.012576686726 
  0.96446195   1.51381910 103.00000000  4270.715323731303 4270.738528665683 -0.023204934379 
  0.96446195   1.96608040 103.00000000  4400.088322028518 4400.101501242794 -0.013179214277 
  0.96446195   1.97236181 103.00000000  4552.273443102837 4552.286533199712 -0.013090096875 
  0.96446195   1.50753769 103.00000000  4637.402965858579 4637.472977682376 -0.070011823797 
  0.96446195   1.97864322 103.00000000  4705.083316132426 4705.095919936357 -0.012603803931 
  0.96446195   1.98492462 103.00000000  4858.441046789289 4858.453113876817 -0.012067087529 
  0.96446195   1.50125628 103.00000000  5024.011081472039 5024.082601396542 -0.071519924502 
  0.96446195   2.00376884 103.00000000  5321.075970828533 5321.083881622854 -0.007910794321 
  0.96446195   1.49497487 103.00000000  5431.126106396317 5431.199169844229 -0.073063447911 
  0.96446195   2.01005025 103.00000000  5475.908621519804 5475.914678876824 -0.006057357020 
  0.96446195   1.48888476 103.00000000  5846.134476155043 5846.111565460739 0.022910694303 
  0.96446195   1.48869347 103.00000000  5859.495685428381 5859.472750695119 0.022934733262 
  0.96446195   2.02889447 103.00000000  5941.349749460816 5941.349614745159 0.000134715658 
  0.96446195   2.03517588 103.00000000  6096.605794250965 6096.603361331768 0.002432919197 
  0.96446195   1.48241206 103.00000000  6309.603231266141 6309.575080597983 0.028150668158 
  0.96446195   2.04773869 103.00000000  6406.929502204061 6406.923283060440 0.006219143621 
  0.96446195   2.05402010 103.00000000  6561.886675506830 6561.879229074031 0.007446432799 
  0.96446195   1.47613065 103.00000000  6782.227914556861 6782.196104228047 0.031810328814 
  0.96446195   2.07286432 103.00000000  7025.313075810671 7025.303434435787 0.009641374883 
  0.96446195   1.46984925 103.00000000  7278.081240251660 7278.046504425300 0.034735826361 
  0.96446195   2.08542714 103.00000000  7332.569217726588 7332.560701969563 0.008515757026 
  0.96446195   2.09798995 103.00000000  7638.041215941310 7638.036073859190 0.005142082120 
  0.96446195   2.10427136 103.00000000  7790.001528054476 7789.998649378243 0.002878676232 
  0.96446195   1.46356784 103.00000000  7797.897393181920 7797.860895531750 0.036497650171 
  0.96446195   2.11055276 103.00000000  7941.389690861106 7941.389891108089 -0.000200246983 
  0.96446195   1.45728643 103.00000000  8342.430416271091 8342.393770184512 0.036646086579 
  0.96446195   1.44472362 103.00000000  9508.781373918056 9508.750397304793 0.030976613263 
  0.96446195   2.19849246 103.00000000  9981.366407245398 9981.371683186813 -0.005275941416 
  0.96446195   1.43844221 103.00000000  10132.228418052197 10132.203112716727 0.025305335470 
  0.96446195   1.43216080 103.00000000  10783.649415716529 10783.631864410685 0.017551305844 
  0.96446195   1.42587940 103.00000000  11463.920679762959 11463.912763405006 0.007916357954 
  0.96446195   1.41331658 103.00000000  12914.665070191026 12914.679443093801 -0.014372902775 
  0.96446195   1.40703518 103.00000000  13687.029187500477 13687.053873365367 -0.024685864890 
  0.96446195   1.40075377 103.00000000  14492.033707410097 14492.066313313455 -0.032605903358 
  0.96446195   1.39447236 103.00000000  15330.698883235455 15330.734179289322 -0.035296053868 
  0.96446195   1.38888476 103.00000000  16105.869176372886 16105.900783878367 -0.031607505482 
  0.96446195   1.38819095 103.00000000  16204.076390579343 16204.106845397628 -0.030454818285 
  0.96446195   1.38190955 103.00000000  17113.250570103526 17113.263806821258 -0.013236717732 
  0.96446195   1.37562814 103.00000000  18059.343466937542 18059.321374334770 0.022092602772 
  0.96446195   1.36934673 103.00000000  19043.507047399879 19043.424842941015 0.082204458864 
