New model:
f      0    0    0  0.964461950000
f      0    0    0  1.688884760000
f      0    0    0  103.000000000000
f      0    0    0  1.000000000000
f      0    0    0  1.000000000000
f      0    0    0  3576.882597749359
f      0    0    1  11250.039611896667
f      0    0    2  -25079.286078284804
f      0    0    3  12204.928599575667
f      0    0    4  2580.788341878921
f      0    0    5  -11847.245863748163
f      0    0    6  13987.526164703562
f      0    0    7  -11140.469296030478
f      0    0    8  6732.925944712306
f      0    0    9  -3129.344791721335
f      0    0   10  1087.176498478667
f      0    0   11  -257.725394225914
f      0    0   12  33.198647374357

Grid of energies:
  0.96446195   1.68888476 103.00000000  0.000000000000 -1.262823266223 1.262823266223 
  0.96446195   1.68888476 102.61306533  0.859109133482 -0.280160534268 1.139269667750 
  0.96446195   1.68888476 101.90954774  7.405311435461 6.544100006405 0.861211429056 
  0.96446195   1.68888476 101.20603015  20.434946089983 19.880016886475 0.554929203508 
  0.96446195   1.68888476 100.50251256  40.010398909450 39.751138228456 0.259260680994 
  0.96446195   1.68888476  99.79899497  66.193020835519 66.191602879773 0.001417955746 
  0.96446195   1.68888476  99.09547739  99.043253377080 99.245138535720 -0.201885158640 
  0.96446195   1.68888476  98.39195980  138.622186988592 138.963817353688 -0.341630365096 
  0.96446195   1.68888476  97.68844221  184.989098727703 185.406625542268 -0.417526814565 
  0.96446195   1.68888476  96.98492462  238.203911140561 238.637928139833 -0.434016999272 
  0.96446195   1.68888476  96.28140704  298.326269373298 298.725896827456 -0.399627454158 
  0.96446195   1.68888476  95.57788945  365.414282679558 365.740983524672 -0.326700845114 
  0.96446195   1.68888476  94.87437186  439.526584610343 439.754495949834 -0.227911339491 
  0.96446195   1.68888476  94.17085427  520.721464529634 520.837352755537 -0.115888225904 
  0.96446195   1.68888476  93.46733668  609.056135579944 609.059053751611 -0.002918171668 
  0.96446195   1.68888476  92.76381910  704.587698996067 704.486901892102 0.100797103965 
  0.96446195   1.68888476  92.06030151  807.372960314155 807.185501356268 0.187458957887 
  0.96446195   1.68888476  91.35678392  917.469406336546 917.216511212539 0.252895124006 
  0.96446195   1.68888476  90.65326633  1034.932626634836 1034.638665959839 0.293960674997 
  0.96446195   1.68888476  89.94974874  1159.818003073335 1159.508012940913 0.309990132422 
  0.96446195   1.68888476  89.24623116  1292.182756856084 1291.878331363998 0.304425492086 
  0.96446195   1.68888476  88.54271357  1432.082443088293 1431.801693984951 0.280749103342 
  0.96446195   1.68888476  87.83919598  1579.572982639074 1579.329089845318 0.243892793756 
  0.96446195   1.68888476  87.13567839  1734.708793759346 1734.511092697897 0.197701061449 
  0.96446195   1.68888476  86.43216080  1897.547877877951 1897.398498249810 0.149379628141 
  0.96446195   1.68888476  85.72864322  2068.145005911589 2068.042897525360 0.102108386228 
  0.96446195   1.68888476  85.02512563  2246.557402923703 2246.497168489911 0.060234433792 
  0.96446195   1.68888476  84.32160804  2432.841955780983 2432.815830929826 0.026124851157 
  0.96446195   1.68888476  83.61809045  2627.057216286659 2627.055308137224 0.001908149435 
  0.96446195   1.68888476  82.91457286  2829.260545372963 2829.274067547214 -0.013522174251 
  0.96446195   1.68888476  82.21105528  3039.512132316828 3039.532671813424 -0.020539496596 
  0.96446195   1.68888476  81.50753769  3257.873549014330 3257.893786015683 -0.020237001353 
  0.96446195   1.68888476  80.80402010  3484.407124355435 3484.422132457194 -0.015008101758 
  0.96446195   1.68888476  80.10050251  3719.176726758480 3719.184492494727 -0.007765736247 
  0.96446195   1.68888476  79.39698492  3962.250233575702 3962.249749853982 0.000483721719 
  0.96446195   1.68888476  78.69346734  4213.696153268218 4213.689024150175 0.007129118043 
  0.96446195   1.68888476  77.98994975  4473.587601780891 4473.575940481363 0.011661299528 
  0.96446195   1.68888476  77.28643216  4741.999922275543 4741.986998354615 0.012923920928 
  0.96446195   1.68888476  76.58291457  5019.012865632772 5019.002117262409 0.010748370363 
  0.96446195   1.68888476  75.87939698  5304.712517336011 5304.705299948690 0.007217387320 
  0.96446195   1.68888476  75.17587940  5599.187810599804 5599.185414286640 0.002396313163 
  0.96446195   1.68888476  74.47236181  5902.533910274506 5902.537091528629 -0.003181254124 
  0.96446195   1.68888476  73.76884422  6214.854423165321 6214.861649048263 -0.007225882941 
  0.96446195   1.68888476  73.06532663  6536.258120670915 6536.268091896232 -0.009971225318 
  0.96446195   1.68888476  72.36180905  6866.864363044500 6866.874100339963 -0.009737295462 
  0.96446195   1.68888476  71.65829146  7206.799223631620 7206.807039127752 -0.007815496131 
  0.96446195   1.68888476  70.95477387  7556.200780868530 7556.204907482052 -0.004126613522 
  0.96446195   1.68888476  70.25125628  7915.217692673206 7915.217331548568 0.000361124638 
  0.96446195   1.68888476  69.54773869  8284.011328145862 8284.006551312377 0.004776833484 
  0.96446195   1.68888476  68.84422111  8662.756193995476 8662.748459670331 0.007734325145 
  0.96446195   1.68888476  68.14070352  9051.642521426082 9051.633766389301 0.008755036781 
  0.96446195   1.68888476  67.43718593  9450.876935794950 9450.869254725174 0.007681069776 
  0.96446195   1.68888476  66.73366834  9860.683596804738 9860.679284290787 0.004312513951 
  0.96446195   1.68888476  66.03015075  10281.307245403528 10281.307494847131 -0.000249443603 
  0.96446195   1.68888476  65.32663317  10713.013997048140 10713.018753227358 -0.004756179218 
  0.96446195   1.68888476  64.62311558  11156.092768594623 11156.101366590479 -0.008597995857 
  0.96446195   1.68888476  63.91959799  11610.859771236777 11610.869432359459 -0.009661122682 
  0.96446195   1.68888476  62.51256281  12556.857644706964 12556.862544723977 -0.004900017013 
  0.96446195   1.68888476  61.10552764  13554.128427863121 13554.123276877306 0.005150985815 
  0.96446195   1.68888476  60.40201005  14073.117643818259 14073.109986288706 0.007657529553 
  0.96446195   1.68888476  59.69849246  14606.354937583208 14606.348488215186 0.006449368022 
  0.96446195   1.68888476  58.99497487  15154.403241470456 15154.401717728961 0.001523741495 
  0.96446195   1.68888476  58.29145729  15717.872296303511 15717.877248348897 -0.004952045387 
  0.96446195   1.68888476  57.58793970  16297.421811863780 16297.430523294286 -0.008711430506 
  0.96446195   1.68888476  56.88442211  16893.763525187969 16893.769450297001 -0.005925109032 
  0.96446195   1.68888476  56.18090452  17507.666788414121 17507.661358824407 0.005429589713 
  0.96446195   1.68888476  55.47738693  18139.958941489458 18139.943165916240 0.015775573218 
  0.96446195   1.68888476  54.77386935  18791.532818526030 18791.535780817700 -0.002962291670 
