New model:
f      0    0    0  0.964462292226
f      0    0    0  1.688884760000
f      0    0    0  103.000000000000
f      0    0    0  1.000000000000
f      0    0    0  1.000000000000
f      0    0    0  -193.900077609979
f      1    0    0  5102.067696079275
f      2    0    0  158438.451057691593
f      3    0    0  -112256.691343090060
f      4    0    0  -40722.798157514342
f      5    0    0  149.275956426346
f      6    0    0  10251.029554774632
f      7    0    0  8523.163999020620
f      8    0    0  5868.312954673843

Grid of energies:
  0.96446195   1.68888476 103.00000000  0.000000000000 -193.901823650813 193.901823650813 
  0.96733668   1.68888476 103.00000000  1.710188731551 -177.953191797812 179.663380529363 
  0.95979899   1.68888476 103.00000000  4.377197906375 -214.275103898302 218.652301804677 
  0.95946195   1.68888476 103.00000000  5.042832508683 -215.480567922501 220.523400431184 
  0.97487437   1.68888476 103.00000000  21.610441744328 -124.179009774714 145.789451519041 
  0.95226131   1.68888476 103.00000000  30.837764397264 -232.449280903647 263.287045300911 
  0.98241206   1.68888476 103.00000000  62.908673420548 -53.631085374464 116.539758795012 
  0.94472362   1.68888476 103.00000000  82.374098882079 -231.763105244357 314.137204126436 
  0.98994975   1.68888476 103.00000000  124.488068744540 33.028694990251 91.459373754289 
  0.93718593   1.68888476 103.00000000  160.334203988314 -211.486370994869 371.820574983183 
  0.99446195   1.68888476 103.00000000  170.611481234431 92.345835707612 78.265645526820 
  0.99946195   1.68888476 103.00000000  229.495860040188 164.384447331287 65.111412708901 
  0.92964824   1.68888476 103.00000000  266.126693129539 -170.871113057091 436.997806186630 
  0.92946195   1.68888476 103.00000000  269.106353417039 -169.603280522803 438.709633939842 
  1.00446195   1.68888476 103.00000000  296.273056536913 242.879728607176 53.393327929737 
  0.92446195   1.68888476 103.00000000  355.846447646618 -130.716848842289 486.563296488907 
  1.00946195   1.68888476 103.00000000  370.660025775433 327.653005759587 43.007020015846 
  0.92211055   1.68888476 103.00000000  401.230404421687 -109.151275893912 510.381680315599 
  1.01446195   1.68888476 103.00000000  452.384135425091 418.528615330216 33.855520094874 
  0.91946195   1.68888476 103.00000000  455.948740407825 -82.307940619902 538.256681027726 
  1.01946195   1.68888476 103.00000000  541.178644597530 515.333869207677 25.844775389854 
  0.91457286   1.68888476 103.00000000  567.195196449757 -25.542416042435 592.737612492192 
  0.91446195   1.68888476 103.00000000  569.876092687249 -24.144779657306 594.020872344555 
  1.02446195   1.68888476 103.00000000  636.786399051547 617.899019882740 18.887379168807 
  0.90946195   1.68888476 103.00000000  698.106545314193 44.008048885471 654.098496428722 
  1.02763819   1.68888476 103.00000000  700.945377036929 685.968742351219 14.976634685710 
  1.02946195   1.68888476 103.00000000  738.957369953394 726.057225929766 12.900144023627 
  0.90703518   1.68888476 103.00000000  765.646477147937 80.758441447090 684.888035700847 
  0.90446195   1.68888476 103.00000000  841.134348303080 122.389637399026 718.744710904054 
  1.03446195   1.68888476 103.00000000  847.449782103300 839.644517715100 7.805264388200 
  1.03517588   1.68888476 103.00000000  863.443340733647 856.296710104927 7.146630628721 
  1.03946195   1.68888476 103.00000000  962.028467074037 958.499763332878 3.528703741159 
  0.89949749   1.68888476 103.00000000  998.288723677397 210.573699526897 787.715024150500 
  0.89946195   1.68888476 103.00000000  999.469266027212 211.242794946247 788.226471080965 
  1.04271357   1.68888476 103.00000000  1039.699055343866 1038.545910964118 1.153144379748 
  1.04446195   1.68888476 103.00000000  1082.464933797717 1082.464634768924 0.000299028794 
  0.89446195   1.68888476 103.00000000  1173.637335866690 310.814086596456 862.823249270234 
  1.04946195   1.68888476 103.00000000  1208.538396731019 1211.383574293179 -2.845177562160 
  1.05025126   1.68888476 103.00000000  1228.941355466843 1232.177650679590 -3.236295212748 
  0.89195980   1.68888476 103.00000000  1266.909526318312 364.744649634697 902.164876683615 
  1.05446195   1.68888476 103.00000000  1340.034120321274 1345.103761081248 -5.069640759974 
  0.88946195   1.68888476 103.00000000  1364.180507272482 421.353872971734 942.826634300747 
  1.05778894   1.68888476 103.00000000  1430.432805135846 1436.667153345427 -6.234348209581 
  1.05946195   1.68888476 103.00000000  1476.744041323662 1483.475078065455 -6.731036741793 
  0.88446195   1.68888476 103.00000000  1571.660743221641 543.116350005488 1028.544393216153 
  0.88442211   1.68888476 103.00000000  1573.383650064468 544.132311932805 1029.251338131663 
  1.06446195   1.68888476 103.00000000  1618.465879812837 1626.350079015994 -7.884199203157 
  1.06532663   1.68888476 103.00000000  1643.468522593379 1651.504402779435 -8.035880186056 
  0.87946195   1.68888476 103.00000000  1796.656050190330 676.359588913262 1120.296461277068 
  1.07286432   1.68888476 103.00000000  1867.375870212913 1876.192258185790 -8.816387972877 
  1.07446195   1.68888476 103.00000000  1916.168208479881 1925.034506186064 -8.866297706183 
  0.87688442   1.68888476 103.00000000  1919.678880006075 749.617619501429 1170.061260504646 
  1.08446195   1.68888476 103.00000000  2231.641934543848 2240.029653122176 -8.387718578328 
  0.86946195   1.68888476 103.00000000  2301.601997867227 978.340254937351 1323.261742929876 
  0.86934673   1.68888476 103.00000000  2307.861447900534 982.101730819871 1325.759717080663 
  1.08793970   1.68888476 103.00000000  2345.259183153510 2353.199179706423 -7.939996552913 
  1.09547739   1.68888476 103.00000000  2598.033283159137 2604.590644038225 -6.557360879089 
  0.86180905   1.68888476 103.00000000  2740.096671208739 1242.505980344464 1497.590690864275 
  1.10301508   1.68888476 103.00000000  2859.271690085530 2863.977018622333 -4.705328536803 
  1.11055276   1.68888476 103.00000000  3128.437344759703 3130.925742832957 -2.488398073254 
  0.85446195   1.68888476 103.00000000  3205.970734387636 1524.096054891440 1681.874679496197 
  1.11446195   1.68888476 103.00000000  3270.982875078917 3272.209437259799 -1.226562180882 
  1.11809045   1.68888476 103.00000000  3405.017072424293 3405.017530101296 -0.000457677003 
  1.12562814   1.68888476 103.00000000  3688.520321771502 3685.844005651404 2.676316120098 
  0.84673367   1.68888476 103.00000000  3745.943593472242 1850.868041777448 1895.075551694794 
  1.13316583   1.68888476 103.00000000  3978.477136999369 3973.008879961800 5.468257037569 
  1.14070352   1.68888476 103.00000000  4274.439676329494 4266.127368500846 8.312307828647 
  0.83946195   1.68888476 103.00000000  4303.139470532537 2187.892339432075 2115.247131100462 
  0.83919598   1.68888476 103.00000000  4324.453433692455 2200.774496719708 2123.678936972747 
  1.14824121   1.68888476 103.00000000  4575.978302583098 4564.825963433697 11.152339149401 
  0.83165829   1.68888476 103.00000000  4956.824809238315 2582.500040400496 2374.324768837818 
  1.16331658   1.68888476 103.00000000  5194.158162996173 5177.524061335127 16.634101661046 
  1.17085427   1.68888476 103.00000000  5510.031820505857 5490.831322813779 19.200497692078 
  0.82412060   1.68888476 103.00000000  5645.827075853944 2997.073887282875 2648.753188571069 
  1.17839196   1.68888476 103.00000000  5829.942821562290 5808.332956851183 21.609864711108 
  0.81658291   1.68888476 103.00000000  6394.369401678443 3445.547736010350 2948.821665668093 
  1.19346734   1.68888476 103.00000000  6480.329810798168 6454.647495869764 25.682314928404 
  0.81446195   1.68888476 103.00000000  6616.425939112902 3577.997754281646 3038.428184831255 
  1.20100503   1.68888476 103.00000000  6810.362112060189 6782.849179594989 27.512932465201 
  1.20854271   1.68888476 103.00000000  7143.142041832209 7114.021936644697 29.120105187511 
  0.80904523   1.68888476 103.00000000  7205.797401532531 3928.995437745261 3276.801963787269 
  1.21608040   1.68888476 103.00000000  7478.380967989564 7447.884807367787 30.496160621777 
  1.22361809   1.68888476 103.00000000  7815.803205057979 7784.164659981176 31.638545076803 
  0.80150754   1.68888476 103.00000000  8082.756858751178 4448.515944106291 3634.240914644886 
  1.23115578   1.68888476 103.00000000  8155.144835993648 8122.597746256994 32.547089736654 
  1.23869347   1.68888476 103.00000000  8496.151739224792 8462.929068541012 33.222670683779 
  1.24623116   1.68888476 103.00000000  8838.583687245846 8804.912186920494 33.671500325352 
  0.79396985   1.68888476 103.00000000  9028.904667854309 5005.229800437308 4023.674867417001 
  1.25376884   1.68888476 103.00000000  9182.206690803170 9148.308572677892 33.898118125278 
  1.26130653   1.68888476 103.00000000  9526.800943315029 9492.889245050519 33.911698264510 
  1.26446195   1.68888476 103.00000000  9671.291421651840 9637.435372711643 33.856048940197 
  0.78643216   1.68888476 103.00000000  10047.793370500207 5600.282005739195 4447.511364761012 
  1.28391960   1.68888476 103.00000000  10564.327597558498 10531.554172769105 32.773424789393 
  1.29145729   1.68888476 103.00000000  10910.769326314330 10878.728443137907 32.040883176423 
  0.77889447   1.68888476 103.00000000  11143.159924983978 6234.841740601568 4908.318184382410 
  1.29899497   1.68888476 103.00000000  11257.206755176187 11226.052952243650 31.153802932537 
  1.30653266   1.68888476 103.00000000  11603.470178902149 11573.344023464831 30.126155437318 
  1.31407035   1.68888476 103.00000000  11949.395419195294 11920.423540141031 28.971879054263 
  1.32160804   1.68888476 103.00000000  12294.826550304890 12267.120622507398 27.705927797491 
  0.77135678   1.68888476 103.00000000  12318.935760036111 6910.102716634879 5408.833043401231 
  1.32914573   1.68888476 103.00000000  12639.613890439272 12613.271003268717 26.342887170555 
  1.33668342   1.68888476 103.00000000  12983.614272952080 12958.716866482004 24.897406470076 
  1.34422111   1.68888476 103.00000000  13326.690643057227 13303.306689008237 23.383954048990 
  0.76446195   1.68888476 103.00000000  13468.364981859922 7564.452066166154 5903.912915693769 
  0.76381910   1.68888476 103.00000000  13579.255332767963 7627.282549902937 5951.972782865027 
  1.35929648   1.68888476 103.00000000  14009.551360458136 13989.342196551956 20.209163906180 
  1.36446195   1.68888476 103.00000000  14242.380565240979 14223.288519235835 19.092046005144 
  1.37437186   1.68888476 103.00000000  14687.215372413397 14670.286243281333 16.929129132064 
  0.75628141   1.68888476 103.00000000  14928.475990533829 8387.626979429228 6540.849011104601 
  1.38190955   1.68888476 103.00000000  15023.813707858324 15008.532487953749 15.281219904575 
  1.38944724   1.68888476 103.00000000  15358.782001897693 15345.137143624004 13.644858273688 
  1.39698492   1.68888476 103.00000000  15692.018772229552 15679.988067227016 12.030705002537 
  1.40452261   1.68888476 103.00000000  16023.428780540824 16012.979562481756 10.449218059068 
  1.41206030   1.68888476 103.00000000  16352.920110136271 16344.009578166320 8.910531969950 
  0.74874372   1.68888476 103.00000000  16371.178367927670 9192.404522711684 7178.773845215987 
  1.41959799   1.68888476 103.00000000  16680.405065357685 16672.981353872390 7.423711485295 
  1.42713568   1.68888476 103.00000000  17005.799620658159 16999.802843290276 5.996777367884 
  1.43467337   1.68888476 103.00000000  17329.024251595140 17324.386585291635 4.637666303504 
  1.44221106   1.68888476 103.00000000  17650.002140626311 17646.649577367811 3.352563258501 
  0.74120603   1.68888476 103.00000000  17912.188198372722 10042.910590685455 7869.277607687267 
  1.44974874   1.68888476 103.00000000  17968.660672456026 17966.512728677139 2.147943778888 
  1.45728643   1.68888476 103.00000000  18284.931186348200 18283.902432374311 1.028753973889 
  1.46446195   1.68888476 103.00000000  18583.725588113070 18583.679432380497 0.046155732573 
  1.46482412   1.68888476 103.00000000  18598.746525719762 18598.747899735765 -0.001374016003 
  1.47236181   1.68888476 103.00000000  18910.044551327825 18910.982743533357 -0.938192205533 
  1.47989950   1.68888476 103.00000000  19218.764758691192 19220.544436990716 -1.779678299525 
  1.48743719   1.68888476 103.00000000  19524.850526675582 19527.374200933755 -2.523674258173 
  0.73366834   1.68888476 103.00000000  19556.588353157043 10940.466936285511 8616.121416871532 
  1.49497487   1.68888476 103.00000000  19828.247029125690 19831.416491661766 -3.169462536076 
  1.50251256   1.68888476 103.00000000  20128.904251143336 20132.620502263471 -3.716251120135 
  1.51005025   1.68888476 103.00000000  20426.772290781140 20430.937636055070 -4.165345273930 
  1.51758794   1.68888476 103.00000000  20721.805415496230 20726.323019678963 -4.517604182733 
  1.52512563   1.68888476 103.00000000  21013.960369735956 21018.734995867719 -4.774626131762 
  1.53266332   1.68888476 103.00000000  21303.195208340883 21308.135023531471 -4.939815190588 
  0.72613065   1.68888476 103.00000000  21309.733328238130 11886.422032223989 9423.311296014141 
  1.54020101   1.68888476 103.00000000  21589.471482917666 21594.487579921464 -5.016097003798 
  1.54773869   1.68888476 103.00000000  21872.752097249031 21877.759691094830 -5.007593845799 
  1.55527638   1.68888476 103.00000000  22153.003333434463 22157.922337310312 -4.919003875850 
  1.56281407   1.68888476 103.00000000  22430.192449063063 22434.948106371070 -4.755657308007 
  1.57035176   1.68888476 103.00000000  22704.290345489979 22708.812611223319 -4.522265733340 
  1.57788945   1.68888476 103.00000000  22975.266940116882 22979.494024286600 -4.227084169717 
  0.71859296   1.68888476 103.00000000  23177.263932958245 12882.151455213818 10295.112477744427 
  1.58542714   1.68888476 103.00000000  23243.097800001502 23246.972991574308 -3.875191572806 
  1.59296482   1.68888476 103.00000000  23507.757330507040 23511.232200279977 -3.474869772937 
  1.60050251   1.68888476 103.00000000  23769.225086316466 23772.257694755870 -3.032608439404 
  1.61557789   1.68888476 103.00000000  24282.499484181404 24284.558913629266 -2.059429447861 
  1.62311558   1.68888476 103.00000000  24534.271058514714 24535.816149091475 -1.545090576761 
  1.63065327   1.68888476 103.00000000  24782.778367489576 24783.802188334241 -1.023820844664 
  1.63819095   1.68888476 103.00000000  25028.006201937795 25028.512422543481 -0.506220605686 
  0.71105528   1.68888476 103.00000000  25165.125984966755 13929.056853869219 11236.069131097536 
  1.64572864   1.68888476 103.00000000  25269.944173857570 25269.945067825440 -0.000893967870 
  1.65326633   1.68888476 103.00000000  25508.581453144550 25508.099147697380 0.482305447171 
  1.66080402   1.68888476 103.00000000  25743.907465457916 25742.975728108697 0.931737349219 
  1.66446195   1.68888476 103.00000000  25856.913008242846 25855.777434547719 1.135573695126 
  1.66834171   1.68888476 103.00000000  25975.916783109307 25974.577524347729 1.339258761578 
  1.67587940   1.68888476 103.00000000  26204.601790279150 26202.908836402785 1.692953876365 
  1.68341709   1.68888476 103.00000000  26429.959388941526 26427.975485928935 1.983903012591 
  1.69095477   1.68888476 103.00000000  26651.984455063939 26649.784462685708 2.199992378231 
  1.69849246   1.68888476 103.00000000  26870.676744461060 26868.345037383042 2.331707078018 
  1.70603015   1.68888476 103.00000000  27086.034696131945 27083.666937730257 2.367758401688 
  0.70351759   1.68888476 103.00000000  27279.992588907480 15028.571971173866 12251.420617733615 
  1.71356784   1.68888476 103.00000000  27298.059407398105 27295.761472951079 2.297934447026 
  1.72110553   1.68888476 103.00000000  27506.753447785974 27504.641181975829 2.112265810145 
  1.72864322   1.68888476 103.00000000  27712.120109334588 27710.319779514473 1.800329820115 
  1.73618090   1.68888476 103.00000000  27914.162819340825 27912.811837026598 1.350982314227 
  1.74371859   1.68888476 103.00000000  28112.888109356165 28112.133801957254 0.754307398911 
  1.75125628   1.68888476 103.00000000  28308.302442550659 28308.302336218927 0.000106331732 
  1.76633166   1.68888476 103.00000000  28689.232426255941 28691.251666986293 -2.019240730351 
  1.77386935   1.68888476 103.00000000  28874.766940802336 28878.071012654575 -3.304071852239 
  1.78140704   1.68888476 103.00000000  29057.029656663537 29061.813935829650 -4.784279166113 
  1.78894472   1.68888476 103.00000000  29236.031433254480 29242.501544819530 -6.470111565050 
  1.79648241   1.68888476 103.00000000  29411.786916002631 29420.156416867092 -8.369500864461 
  0.69597990   1.68888476 103.00000000  29527.674684733152 16182.154722159536 13345.519962573617 
  1.81155779   1.68888476 103.00000000  29753.614153936505 29766.459132321703 -12.844978385197 
  1.81909548   1.68888476 103.00000000  29919.716691166162 29935.154569982569 -15.437878816407 
