New model:
f      0    0    0  0.964461950000
f      0    0    0  1.688884760000
f      0    0    0  103.000000000000
f      0    0    0  1.000000000000
f      0    0    0  2.000000000000
f      0    0    0  0.000814753533
f      0    1    0  27.977424469134
f      0    2    0  22227.888658824621
f      0    3    0  -1546.852545258036
f      0    4    0  2496.937285848693
f      0    5    0  687.412857381394
f      0    6    0  460.373530992417
f      0    7    0  426.307327720782
f      0    8    0  328.621809447212
f      0    0    0  9643.066838789457
f      0    1    0  3377.028333356037
f      0    2    0  3197.569206156380
f      0    3    0  2072.376154236729
f      0    4    0  1453.148150913113
f      0    5    0  942.350215167497
f      0    6    0  439.241419776436
f      0    7    0  531.649416788798
f      0    8    0  -324.224491330739

Grid of energies:
  0.96446195   1.68888476 103.00000000  0.000000000000 0.000814753533 -0.000814753533 
  0.96446195   1.68969849 103.00000000  0.110378339887 0.111469661547 -0.001091321660 
  0.96446195   1.68341709 103.00000000  2.668619573116 2.669700291122 -0.001080718006 
  0.96446195   1.69597990 103.00000000  5.290544018149 5.291323932360 -0.000779914211 
  0.96446195   1.67713568 103.00000000  13.240503698587 13.241675480667 -0.001171782080 
  0.96446195   1.70226131 103.00000000  17.940598592162 17.941129787210 -0.000531195048 
  0.96446195   1.67085427 103.00000000  32.109302148223 32.110785517068 -0.001483368846 
  0.96446195   1.70854271 103.00000000  37.799557924271 37.799994187379 -0.000436263108 
  0.96446195   1.66457286 103.00000000  59.566924557090 59.568390847316 -0.001466290226 
  0.96446195   1.71482412 103.00000000  64.614165708423 64.614199914703 -0.000034206280 
  0.96446195   1.65829146 103.00000000  95.911969035864 95.914003465378 -0.002034429514 
  0.96446195   1.72110553 103.00000000  98.137116119266 98.136809671356 0.000306447910 
  0.96446195   1.72738693 103.00000000  138.128235831857 138.127514229355 0.000721602501 
  0.96446195   1.65201005 103.00000000  141.454298779368 141.455785270521 -0.001486491152 
  0.96446195   1.73366834 103.00000000  184.352968260646 184.352679602347 0.000288658299 
  0.96446195   1.64572864 103.00000000  196.509337052703 196.510463262562 -0.001126209859 
  0.96446195   1.73994975 103.00000000  236.585252568126 236.584779081658 0.000473486468 
  0.96446195   1.63944724 103.00000000  261.402434319258 261.403705637211 -0.001271317953 
  0.96446195   1.74623116 103.00000000  294.603181123734 294.602458868036 0.000722255697 
  0.96446195   1.63316583 103.00000000  336.469992280006 336.470779865579 -0.000787585572 
  0.96446195   1.75251256 103.00000000  358.190937384963 358.190200770769 0.000736614194 
  0.96446195   1.62688442 103.00000000  422.055586263537 422.056223179150 -0.000636915613 
  0.96446195   1.75879397 103.00000000  427.139098420739 427.138568659270 0.000529761469 
  0.96446195   1.76507538 103.00000000  501.244363948703 501.243438729399 0.000925219303 
  0.96446195   1.62060302 103.00000000  518.514505997300 518.514376498619 0.000129498681 
  0.96446195   1.77135678 103.00000000  580.306988537312 580.306109737234 0.000878800077 
  0.96446195   1.61432161 103.00000000  626.210758194327 626.210229952554 0.000528241774 
  0.96446195   1.77763819 103.00000000  664.134473636746 664.133566166557 0.000907470189 
  0.96446195   1.60804020 103.00000000  745.520156204700 745.518822195915 0.001334008786 
  0.96446195   1.78391960 103.00000000  752.538291618228 752.537576088696 0.000715529532 
  0.96446195   1.79020101 103.00000000  845.335621282458 845.335045354883 0.000575927575 
  0.96446195   1.60175879 103.00000000  876.828086137772 876.826167124845 0.001919012927 
  0.96446195   1.79648241 103.00000000  942.348221316934 942.347600696444 0.000620620489 
  0.96446195   1.59547739 103.00000000  1020.531418591738 1020.529211558382 0.002207033355 
  0.96446195   1.80276382 103.00000000  1043.402570188046 1043.402081383106 0.000488804939 
  0.96446195   1.80904523 103.00000000  1148.330223172903 1148.329483449230 0.000739723673 
  0.96446195   1.58919598 103.00000000  1177.040097624063 1177.037122501095 0.002975122969 
  0.96446195   1.81532663 103.00000000  1256.965383753181 1256.965270586282 0.000113166898 
  0.96446195   1.58291457 103.00000000  1346.773889869452 1346.770279513285 0.003610356167 
  0.96446195   1.82160804 103.00000000  1369.150009006262 1369.149799907039 0.000209099223 
  0.96446195   1.82788945 103.00000000  1484.727549761534 1484.727166736479 0.000383025054 
  0.96446195   1.57663317 103.00000000  1530.165230989456 1530.161242138118 0.003988851338 
  0.96446195   1.83417085 103.00000000  1603.545794099569 1603.545585560456 0.000208539113 
  0.96446195   1.84045226 103.00000000  1725.457781508565 1725.457871653705 -0.000090145140 
  0.96446195   1.57035176 103.00000000  1727.659744039178 1727.656108589756 0.003635449422 
  0.96446195   1.56407035 103.00000000  1939.716957733035 1939.713165656911 0.003792076124 
  0.96446195   1.85301508 103.00000000  1977.992581009865 1977.992747822255 -0.000166812390 
  0.96446195   1.85929648 103.00000000  2108.338786557317 2108.339208762792 -0.000422205475 
  0.96446195   1.55778894 103.00000000  2166.806603640318 2166.804447538186 0.002156102132 
  0.96446195   1.86557789 103.00000000  2241.227247819304 2241.227518469012 -0.000270649708 
  0.96446195   1.87185930 103.00000000  2376.528295770288 2376.528519836244 -0.000224065956 
  0.96446195   1.55150754 103.00000000  2409.416857630014 2409.415483001636 0.001374628378 
  0.96446195   1.87814070 103.00000000  2514.115978345275 2514.116475002638 -0.000496657363 
  0.96446195   1.88442211 103.00000000  2653.869176179171 2653.869650261145 -0.000474081974 
  0.96446195   1.54522613 103.00000000  2668.046129480004 2668.047305819620 -0.001176339616 
  0.96446195   1.89070352 103.00000000  2795.667874172330 2795.668914585127 -0.001040412797 
  0.96446195   1.89698492 103.00000000  2939.397506386042 2939.398297620951 -0.000791234910 
  0.96446195   1.53894472 103.00000000  2943.210074201226 2943.214593985589 -0.004519784363 
  0.96446195   1.90326633 103.00000000  3084.944530382752 3084.945608741171 -0.001078358418 
  0.96446195   1.53266332 103.00000000  3235.439197629690 3235.447180550076 -0.007982920386 
  0.96446195   1.91582915 103.00000000  3381.056323200464 3381.057721737747 -0.001398537283 
  0.96446195   1.52638191 103.00000000  3545.279404804111 3545.292054332657 -0.012649528546 
  0.96446195   1.52010050 103.00000000  3873.292766377330 3873.311073060815 -0.018306683485 
  0.96446195   1.94095477 103.00000000  3990.461610510945 3990.462308693069 -0.000698182124 
  0.96446195   1.94723618 103.00000000  4145.822243615985 4145.822876294559 -0.000632678574 
  0.96446195   1.51381910 103.00000000  4220.057773530483 4220.082749733696 -0.024976203213 
  0.96446195   1.95351759 103.00000000  4302.201738163829 4302.202147463493 -0.000409299664 
  0.96446195   1.95979899 103.00000000  4459.511728689075 4459.511717690739 0.000010998336 
  0.96446195   1.50753769 103.00000000  4586.171767279506 4586.204578608891 -0.032811329385 
  0.96446195   1.96608040 103.00000000  4617.666353881359 4617.666323451323 0.000030430036 
  0.96446195   1.97236181 103.00000000  4776.582674920559 4776.582279699629 0.000395220930 
  0.96446195   1.97864322 103.00000000  4936.179147809744 4936.178422366483 0.000725443261 
  0.96446195   1.50125628 103.00000000  4972.249021023512 4972.290283648902 -0.041262625390 
  0.96446195   1.98492462 103.00000000  5096.376426517963 5096.375546942803 0.000879575160 
  0.96446195   1.49497487 103.00000000  5378.922113522887 5378.972576279113 -0.050462756226 
  0.96446195   2.00376884 103.00000000  5579.818754971027 5579.817452765477 0.001302205550 
  0.96446195   2.01005025 103.00000000  5741.674069896340 5741.672716309625 0.001353586716 
  0.96446195   1.48869347 103.00000000  5806.939570009708 5806.902522758538 0.037047251170 
  0.96446195   2.02889447 103.00000000  6228.401271045208 6228.400309270002 0.000961775206 
  0.96446195   1.48241206 103.00000000  6256.786053925753 6256.752929621059 0.033124304694 
  0.96446195   2.03517588 103.00000000  6390.814954325557 6390.813961672525 0.000992653032 
  0.96446195   2.04773869 103.00000000  6715.527395218611 6715.527149171861 0.000246046749 
  0.96446195   1.47613065 103.00000000  6729.242804020643 6729.214909829529 0.027894191115 
  0.96446195   2.05402010 103.00000000  6877.709193319082 6877.709559919068 -0.000366599986 
  0.96446195   1.46984925 103.00000000  7225.022839546204 7225.000443627227 0.022395918977 
  0.96446195   2.07286432 103.00000000  7362.888856381178 7362.889874856556 -0.001018475378 
  0.96446195   2.08542714 103.00000000  7684.677369251847 7684.678775248087 -0.001405996240 
  0.96446195   1.46356784 103.00000000  7744.862400725484 7744.845616014882 0.016784710602 
  0.96446195   2.09798995 103.00000000  8004.672370225191 8004.673205867613 -0.000835642421 
  0.96446195   2.10427136 103.00000000  8163.880922242999 8163.881217268993 -0.000295025994 
  0.96446195   1.45728643 103.00000000  8289.517611131072 8289.506620266482 0.010990864590 
  0.96446195   2.11055276 103.00000000  8322.504228919744 8322.503451701925 0.000777217820 
  0.96446195   1.44472362 103.00000000  9456.421103104949 9456.419934889711 0.001168215238 
  0.96446195   1.43844221 103.00000000  10080.304255351424 10080.306462071816 -0.002206720392 
  0.96446195   2.19849246 103.00000000  10460.130777418613 10460.130523940212 0.000253478402 
  0.96446195   1.43216080 103.00000000  10732.272554472089 10732.277098148619 -0.004543676530 
  0.96446195   1.42587940 103.00000000  11413.206549778581 11413.212157946587 -0.005608168007 
  0.96446195   1.41331658 103.00000000  12865.641549229622 12865.645369064358 -0.003819834736 
  0.96446195   1.40703518 103.00000000  13639.043881148100 13639.045605680836 -0.001724532736 
  0.96446195   1.40075377 103.00000000  14445.224074244499 14445.223325604711 0.000748639788 
  0.96446195   1.39447236 103.00000000  15285.209063634276 15285.206109914649 0.002953719628 
  0.96446195   1.38819095 103.00000000  16160.058566197753 16160.055102550838 0.003463646915 
  0.96446195   1.38190955 103.00000000  17070.865578144789 17070.863222988457 0.002355156332 
  0.96446195   1.37562814 103.00000000  18018.761899948120 18018.761840346186 0.000059601934 
  0.96446195   1.36934673 103.00000000  19004.910360470414 19004.912771335101 -0.002410864687 
  0.96446195   1.36306533 103.00000000  20030.510768815875 20030.512876646495 -0.002107830620 
  0.96446195   1.35050251 103.00000000  22205.073634892702 22205.040686158016 0.032948734686 
  0.96446195   1.33793970 103.00000000  24552.849829941988 24552.637307207006 0.212522734982 
  0.96446195   1.32537688 103.00000000  27084.922587007284 27084.140134414160 0.782452593125 
  0.96446195   1.31909548 103.00000000  28423.727192997932 28422.369226894887 1.357966103045 
  0.96446195   1.30025126 103.00000000  32749.957696035504 32744.354412213655 5.603283821849 
  0.96446195   1.29396985 103.00000000  34300.809065967798 34292.315281146715 8.493784821083 
  0.96446195   1.28768844 103.00000000  35908.932708397508 35896.329020550984 12.603687846524 
  0.96446195   1.28140704 103.00000000  37576.145763024688 37557.781581106923 18.364181917765 
  0.96446195   1.26884422 103.00000000  41095.423967361450 41058.200907934137 37.223059427313 
  0.96446195   1.26256281 103.00000000  42951.429860830307 42899.472942166794 51.956918663513 
  0.96446195   1.25628141 103.00000000  44874.416533768177 44802.714383694823 71.702150073354 
