New model:
f      0    0    0  0.950551760000
f      0    0    0  1.687184910000
f      0    0    0  103.259542820000
f      0    0    0  2.000000000000
f      0    0    0  1.000000000000
f      2    0    0  63587.574815000618
f      3    0    0  1267.236297806359
f      4    0    0  -8431.897568859196
f      5    0    0  -16634.263565898113
f      6    0    0  -103.062053385059

Grid of energies:
  1.51005025   1.68888476 103.00000000  25318.707682698965 25174.555469172174 144.152213526791 
  1.50251256   1.68888476 103.00000000  25421.728158921003 24877.325216325477 544.402942595527 
  1.51758794   1.68888476 103.00000000  25592.942224174738 25466.958322424704 125.983901750034 
  0.70351759   1.68888476 103.00000000  25857.026481017470 25990.351998910621 -133.325517893150 
  1.52512563   1.68888476 103.00000000  25863.748424813151 25754.550112330766 109.198312482386 
  1.53266332   1.68888476 103.00000000  26131.100356981158 26037.350729281079 93.749627700079 
  1.54020101   1.68888476 103.00000000  26394.970342695713 26315.383401043626 79.586941652087 
  1.54773869   1.68888476 103.00000000  26655.329387634993 26588.674124703877 66.655262931115 
  1.55527638   1.68888476 103.00000000  26912.149124443531 26857.252909977738 54.896214465793 
  1.56281407   1.68888476 103.00000000  27165.399865701795 27121.151411024945 44.248454676850 
  1.56446195   1.68888476 103.00000000  27220.286916315556 27178.224473432303 42.062442883253 
  1.57035176   1.68888476 103.00000000  27415.052254259586 27380.404197742046 34.648056517541 
  1.57788945   1.68888476 103.00000000  27661.077303856611 27635.048212289435 26.029091567176 
  1.58542714   1.68888476 103.00000000  27903.446642592549 27885.122598594298 18.324043998251 
  0.69597990   1.68888476 103.00000000  28066.886531308293 28151.737782617431 -84.851251309137 
  1.59296482   1.68888476 103.00000000  28142.132490038872 28130.668216169179 11.464273869693 
  1.60050251   1.68888476 103.00000000  28377.108454316854 28371.728780618429 5.379673698426 
  1.60804020   1.68888476 103.00000000  28608.348820954561 28608.348759392695 0.000061561866 
  1.61557789   1.68888476 103.00000000  28835.829242929816 28840.574537509314 -4.745294579498 
  1.62311558   1.68888476 103.00000000  29059.526967138052 29068.453951895601 -8.926984757549 
  1.63065327   1.68888476 103.00000000  29279.421156600118 29292.036160647418 -12.615004047300 
  1.63819095   1.68888476 103.00000000  29495.492592632771 29511.371230076165 -15.878637443395 
  1.64572864   1.68888476 103.00000000  29707.725396662951 29726.511174035462 -18.785777372512 
  1.65326633   1.68888476 103.00000000  29916.105489164591 29937.508094762943 -21.402605598352 
  1.66080402   1.68888476 103.00000000  30120.622346103191 30144.415244458964 -23.792898355772 
  1.66446195   1.68888476 103.00000000  30218.476795896888 30243.366409065642 -24.889613168754 
  1.66834171   1.68888476 103.00000000  30321.269008636475 30347.286628837741 -26.017620201266 
  0.68844221   1.68888476 103.00000000  30417.186236366630 30456.496120837532 -39.309884470902 
  1.67587940   1.68888476 103.00000000  30518.042830079794 30546.176909552421 -28.134079472627 
  1.68341709   1.68888476 103.00000000  30710.946026921272 30741.141311530733 -30.195284609461 
  1.69095477   1.68888476 103.00000000  30899.985915556550 30932.235284075752 -32.249368519202 
  1.69849246   1.68888476 103.00000000  31085.176790401340 31119.515426443159 -34.338636041819 
  1.70603015   1.68888476 103.00000000  31266.539220362902 31303.037887904793 -36.498667541891 
  1.71356784   1.68888476 103.00000000  31444.101281970739 31482.859312181918 -38.758030211178 
  1.72110553   1.68888476 103.00000000  31617.900085076690 31659.036510777267 -41.136425700577 
  1.72864322   1.68888476 103.00000000  31787.980478048325 31831.626396319702 -43.645918271377 
  1.73618090   1.68888476 103.00000000  31954.396682709455 32000.685697729132 -46.289015019676 
  1.74371859   1.68888476 103.00000000  32117.212721794844 32166.271793439173 -49.059071644329 
  1.75125628   1.68888476 103.00000000  32276.500708088279 32328.441310072692 -51.940601984414 
  1.75879397   1.68888476 103.00000000  32432.341282293200 32487.250971815436 -54.909689522236 
  1.76446195   1.68888476 103.00000000  32547.308162584901 32604.489258134301 -57.181095549400 
  1.76633166   1.68888476 103.00000000  32584.822676688433 32642.757324660990 -57.934647972557 
  1.77386935   1.68888476 103.00000000  32734.039087861776 32795.016690362405 -60.977602500629 
  1.78140704   1.68888476 103.00000000  32880.089321523905 32944.085123347293 -63.995801823388 
  0.68090452   1.68888476 103.00000000  32915.288115292788 32915.288121488855 -0.000006196067 
  1.78894472   1.68888476 103.00000000  33023.074813082814 33090.018178921549 -66.943365838735 
  1.79648241   1.68888476 103.00000000  33163.098589301109 33232.871645987812 -69.773056686703 
  1.80402010   1.68888476 103.00000000  33300.262084037066 33372.700350597508 -72.438266560443 
  1.81155779   1.68888476 103.00000000  33434.664498761296 33509.558901998818 -74.894403237522 
  1.81909548   1.68888476 103.00000000  33566.400772705674 33643.501466895337 -77.100694189663 
  1.82663317   1.68888476 103.00000000  33695.560775443912 33774.581741644914 -79.020966201002 
  1.83417085   1.68888476 103.00000000  33822.227956324816 33902.852758289831 -80.624801965016 
  1.84170854   1.68888476 103.00000000  33946.479798421264 34028.367537938931 -81.887739517668 
  1.84924623   1.68888476 103.00000000  34068.386451348662 34151.178048229413 -82.791596880750 
  1.85678392   1.68888476 103.00000000  34188.011513546109 34271.335867933281 -83.324354387172 
  1.86432161   1.68888476 103.00000000  34305.412179023027 34388.891996986247 -83.479817963220 
  1.86446195   1.68888476 103.00000000  34307.577260091901 34391.056360186893 -83.479100094992 
  1.87185930   1.68888476 103.00000000  34420.639721870422 34503.896840238085 -83.257118367663 
  1.87939698   1.68888476 103.00000000  34533.739730075002 34616.400045199334 -82.660315124333 
  1.88693467   1.68888476 103.00000000  34644.753783553839 34726.451082625688 -81.697299071850 
  1.89447236   1.68888476 103.00000000  34753.718721702695 34834.098339439370 -80.379617736675 
  1.90201005   1.68888476 103.00000000  34860.667523950338 34939.389708718110 -78.722184767772 
  1.90954774   1.68888476 103.00000000  34965.631242021918 35042.372429828931 -76.741187807012 
  1.91708543   1.68888476 103.00000000  35068.637517347932 35143.093080702492 -74.455563354561 
  1.92462312   1.68888476 103.00000000  35169.712569102645 35241.597571278748 -71.885002176103 
  1.93216080   1.68888476 103.00000000  35268.880846276879 35337.931011677341 -69.050165400462 
  1.93969849   1.68888476 103.00000000  35366.165473207831 35432.138216116728 -65.972742908896 
  1.94723618   1.68888476 103.00000000  35461.589624166489 35524.262932772792 -62.673308606303 
  1.95477387   1.68888476 103.00000000  35555.175108790398 35614.348355314665 -59.173246524268 
  0.67336683   1.68888476 103.00000000  35568.964188754559 35539.941287159170 29.022901595388 
  1.96231156   1.68888476 103.00000000  35646.942484423518 35702.436992062911 -55.494507639392 
  1.96446195   1.68888476 103.00000000  35672.791834533215 35727.207134742064 -54.415300208850 
  1.96984925   1.68888476 103.00000000  35736.913077861071 35788.570665204417 -51.657587343347 
  1.97738693   1.68888476 103.00000000  35825.108283668756 35872.790400301230 -47.682116632473 
  1.98492462   1.68888476 103.00000000  35911.549099445343 35955.136871385032 -43.587771939689 
  1.99246231   1.68888476 103.00000000  35996.256172508001 36035.649732044076 -39.393559536074 
  2.00000000   1.68888476 103.00000000  36079.250721171498 36114.368066858951 -35.117345687453 
  2.01000000   1.68888476 103.00000000  36186.750496938825 36216.097078050931 -29.346581112106 
  2.02000000   1.68888476 103.00000000  36291.323846668005 36314.823005443897 -23.499158775892 
  2.03000000   1.68888476 103.00000000  36393.021777734160 36410.631610783581 -17.609833049421 
  2.04000000   1.68888476 103.00000000  36491.895897448063 36503.606594981604 -11.710697533541 
  2.05000000   1.68888476 103.00000000  36587.997836798429 36593.829618528638 -5.831781730209 
  2.06000000   1.68888476 103.00000000  36681.380327373743 36681.380323999110 0.000003374633 
  2.07000000   1.68888476 103.00000000  36772.096634805202 36766.336360432993 5.760274372209 
  2.08000000   1.68888476 103.00000000  36860.200141698122 36848.773409393645 11.426732304477 
  2.09000000   1.68888476 103.00000000  36945.744835957885 36928.765212513877 16.979623444007 
  2.10000000   1.68888476 103.00000000  37028.784804269671 37006.383600354828 22.401203914844 
  2.11000000   1.68888476 103.00000000  37109.374319389462 37081.698522413899 27.675796975564 
  2.12000000   1.68888476 103.00000000  37187.567883029580 37154.778078129377 32.789804900203 
  2.13000000   1.68888476 103.00000000  37263.419525444508 37225.688548739468 37.730976705039 
  2.14000000   1.68888476 103.00000000  37336.983600422740 37294.494429864229 42.489170558511 
  2.15000000   1.68888476 103.00000000  37408.314181894064 37361.258464687577 47.055717206487 
  2.16000000   1.68888476 103.00000000  37477.464968293905 37426.041677625857 51.423290668048 
  2.17000000   1.68888476 103.00000000  37544.489489689469 37488.903408378101 55.586081311369 
  2.18000000   1.68888476 103.00000000  37609.440859794617 37549.901346260500 59.539513534117 
  2.19000000   1.68888476 103.00000000  37672.371558561921 37609.091564735754 63.279993826167 
  2.20000000   1.68888476 103.00000000  37733.333685502410 37666.528556054560 66.805129447850 
  2.21000000   1.68888476 103.00000000  37792.378783166409 37722.265265933471 70.113517232938 
  2.22000000   1.68888476 103.00000000  37849.557648286223 37776.353128199415 73.204520086809 
  2.23000000   1.68888476 103.00000000  37904.920425087214 37828.842099337162 76.078325750052 
  2.24000000   1.68888476 103.00000000  37958.516618713737 37879.780692881672 78.735925832065 
  2.25000000   1.68888476 103.00000000  38010.395093455911 37929.216013602083 81.179079853828 
  2.26000000   1.68888476 103.00000000  38060.603698730469 37977.193791429374 83.409907301095 
  2.27000000   1.68888476 103.00000000  38109.189614772797 38023.758415084005 85.431199688792 
  2.28000000   1.68888476 103.00000000  38156.199231714010 38068.952965364391 87.246266349619 
  2.29000000   1.68888476 103.00000000  38201.677844539285 38112.819248060594 88.858596478691 
  2.30000000   1.68888476 103.00000000  38245.670041680336 38155.397826461936 90.272215218400 
  2.31000000   1.68888476 103.00000000  38288.219540089369 38196.728053430146 91.491486659223 
  2.32000000   1.68888476 103.00000000  38329.369825363159 38236.848103013348 92.521722349811 
  2.33000000   1.68888476 103.00000000  38369.161783635616 38275.795001578867 93.366782056750 
  0.66582915   1.68888476 103.00000000  38386.417133644223 38343.583537373626 42.833596270597 
  2.34000000   1.68888476 103.00000000  38407.636765956879 38313.604658445860 94.032107511019 
  2.35000000   1.68888476 103.00000000  38444.834872260690 38350.311896001469 94.522976259221 
  2.36000000   1.68888476 103.00000000  38480.795289754868 38385.950479286083 94.844810468785 
  2.37000000   1.68888476 103.00000000  38515.556435778737 38420.553145036429 95.003290742308 
  2.38000000   1.68888476 103.00000000  38549.154664888978 38454.151630176231 95.003034712747 
  2.39000000   1.68888476 103.00000000  38581.627355217934 38486.776699747279 94.850655470655 
  2.40000000   1.68888476 103.00000000  38613.009563222528 38518.458174274259 94.551388948268 
  2.41000000   1.68888476 103.00000000  38643.335937574506 38549.224956559548 94.110981014957 
  2.42000000   1.68888476 103.00000000  38672.639986336231 38579.105057904599 93.534928431633 
  2.43000000   1.68888476 103.00000000  38700.954626128078 38608.125623756845 92.829002371232 
  2.44000000   1.68888476 103.00000000  38728.311458170414 38636.312958781622 91.998499388792 
  2.45000000   1.68888476 103.00000000  38754.741552203894 38663.692551360218 91.049000843675 
  2.46000000   1.68888476 103.00000000  38780.275399640203 38690.289097515852 89.986302124351 
  2.47000000   1.68888476 103.00000000  38804.941780358553 38716.126524270847 88.815256087706 
  2.48000000   1.68888476 103.00000000  38828.769387409091 38741.228012438398 87.541374970693 
  2.49000000   1.68888476 103.00000000  38851.785798415542 38765.616018854009 86.169779561533 
  2.50000000   1.68888476 103.00000000  38874.017837166786 38789.312298051605 84.705539115181 
  2.51000000   1.68888476 103.00000000  38895.491670489311 38812.337923390398 83.153747098913 
  0.66446195   1.68888476 103.00000000  38915.667828217149 38872.403011669121 43.264816548028 
  2.53020408   1.68888476 103.00000000  38936.666309118271 38856.895564003782 79.770745114489 
  2.55040816   1.68888476 103.00000000  38975.047233790159 38898.958715094697 76.088518695462 
  2.57061224   1.68888476 103.00000000  39010.821313410997 38938.677844798134 72.143468612863 
  2.59081633   1.68888476 103.00000000  39044.163754269481 38976.194023325093 67.969730944387 
  2.61102041   1.68888476 103.00000000  39075.239683672786 39011.639429771749 63.600253901037 
  2.63122449   1.68888476 103.00000000  39104.202841356397 39045.138011063224 59.064830293173 
  2.65142857   1.68888476 103.00000000  39131.197427690029 39076.805923234722 54.391504455307 
  2.67163265   1.68888476 103.00000000  39156.358325347304 39106.752037351755 49.606287995550 
  2.69183673   1.68888476 103.00000000  39179.812919020653 39135.078397903271 44.734521117382 
  2.71204082   1.68888476 103.00000000  39201.675379812717 39161.880666994519 39.794712818199 
  2.73224490   1.68888476 103.00000000  39222.060272604227 39187.248477537541 34.811795066686 
  2.75244898   1.68888476 103.00000000  39241.066607043147 39211.265893764692 29.800713278455 
  2.77265306   1.68888476 103.00000000  39258.791332304478 39234.011715201363 24.779617103115 
  2.79285714   1.68888476 103.00000000  39275.323578104377 39255.559826015335 19.763752089042 
  2.81306122   1.68888476 103.00000000  39290.746271654963 39275.979509897843 14.766761757121 
  2.83326531   1.68888476 103.00000000  39305.136580437422 39295.335754588319 9.800825849103 
  2.85346939   1.68888476 103.00000000  39318.566943585873 39313.689490703619 4.877452882254 
  2.87367347   1.68888476 103.00000000  39331.097914621234 39331.097908281074 0.000006340160 
  2.89387755   1.68888476 103.00000000  39342.806472495198 39347.614660577055 -4.808188081857 
  2.91408163   1.68888476 103.00000000  39353.738666266203 39363.290100991217 -9.551434725014 
  2.93428571   1.68888476 103.00000000  39363.952852085233 39378.171495555405 -14.218643470173 
  2.95448980   1.68888476 103.00000000  39373.497321560979 39392.303228524150 -18.805906963171 
  2.97469388   1.68888476 103.00000000  39382.419580906630 39405.726960668333 -23.307379761703 
  2.99489796   1.68888476 103.00000000  39390.762380436063 39418.481845027352 -27.719464591290 
  3.01510204   1.68888476 103.00000000  39398.566976621747 39430.604661071935 -32.037684450188 
  3.03530612   1.68888476 103.00000000  39405.870053917170 39442.129973749827 -36.259919832657 
  3.05551020   1.68888476 103.00000000  39412.706910490990 39453.090275409493 -40.383364918504 
  3.07571429   1.68888476 103.00000000  39419.110827431083 39463.516123444941 -44.405296013858 
  3.09591837   1.68888476 103.00000000  39425.108740672469 39473.436243819116 -48.327503146647 
  3.11612245   1.68888476 103.00000000  39430.730739280581 39482.877677750519 -52.146938469938 
  3.13632653   1.68888476 103.00000000  39436.001937329769 39491.865868948502 -55.863931618733 
  3.15653061   1.68888476 103.00000000  39440.945705756545 39500.424769901525 -59.479064144980 
  3.17673469   1.68888476 103.00000000  39445.586423620582 39508.576936216617 -62.990512596036 
  3.19693878   1.68888476 103.00000000  39449.948493853211 39516.343618490115 -66.395124636903 
  3.21714286   1.68888476 103.00000000  39454.041769310832 39523.744829431998 -69.703060121166 
  3.23734694   1.68888476 103.00000000  39457.888587936759 39530.799443799217 -72.910855862458 
  3.25755102   1.68888476 103.00000000  39461.506194069982 39537.525254659151 -76.019060589169 
  3.27775510   1.68888476 103.00000000  39464.910198912024 39543.939044418854 -79.028845506829 
  3.29795918   1.68888476 103.00000000  39468.114119499922 39550.056647504709 -81.942528004787 
  3.31816327   1.68888476 103.00000000  39471.128659576178 39555.893011747052 -84.764352170874 
  3.33836735   1.68888476 103.00000000  39473.973033294082 39561.462241687877 -87.489208393796 
  3.35857143   1.68888476 103.00000000  39476.655063375831 39566.777667042079 -90.122603666248 
  3.37877551   1.68888476 103.00000000  39479.185535266995 39571.851878809262 -92.666343542267 
  3.39897959   1.68888476 103.00000000  39481.574801757932 39576.696776910707 -95.121975152775 
  3.41918367   1.68888476 103.00000000  39483.829703480005 39581.323611961845 -97.493908481840 
  3.43938776   1.68888476 103.00000000  39485.962998256087 39585.743026470562 -99.780028214474 
  3.45959184   1.68888476 103.00000000  39487.980512470007 39589.965082722374 -101.984570252367 
  3.47979592   1.68888476 103.00000000  39489.889333844185 39593.999310069907 -104.109976225722 
  3.50000000   1.68888476 103.00000000  39491.697235539556 39597.854728059203 -106.157492519647 
  0.65829146   1.68888476 103.00000000  41376.322926208377 41340.811310398625 35.511615809752 
  0.65075377   1.68888476 103.00000000  44547.836913362145 44547.836914268628 -0.000000906482 
  0.64321608   1.68888476 103.00000000  47910.639775380492 47982.691101222590 -72.051325842098 
