New model:
f      0    0    0  0.964461950000
f      0    0    0  1.688884760000
f      0    0    0  103.000000000000
f      0    0    0  1.000000000000
f      0    0    0  1.000000000000
f      0    0    0  14043.180176320555
f      0    0    1  -5413.519655548736
f      0    0    2  13775.745090059056
f      0    0    3  -4681.457065763297
f      0    0    4  226.464709933664
f      0    0    5  -680.929068896486
f      0    0    6  237.073628115092
f      0    0    7  -122.749016565217
f      0    0    8  51.818663436172
f      0    0    9  -2.721424544283
f      0    0   10  -0.283094153233
f      0    0   11  3.822835535285
f      0    0   12  -1.542304841115
f      0    0   13  0.618451502110
f      0    0   14  -0.279899980953

Grid of energies:
  0.96446195   1.68888476 103.00000000  0.000000000000 0.000730540613 -0.000730540613 
  0.96446195   1.68888476 103.31658291  0.734456002712 0.735781261291 -0.001325258579 
  0.96446195   1.68888476 102.61306533  0.859109133482 0.859357245561 -0.000248112079 
  0.96446195   1.68888476 104.02010050  6.969081491232 6.970982972717 -0.001901481485 
  0.96446195   1.68888476 101.90954774  7.405311435461 7.404424831297 0.000886604164 
  0.96446195   1.68888476 104.72361809  19.498930543661 19.501812229784 -0.002881686123 
  0.96446195   1.68888476 101.20603015  20.434946089983 20.433261154766 0.001684935217 
  0.96446195   1.68888476 105.42713568  38.261058792472 38.264682388715 -0.003623596243 
  0.96446195   1.68888476 100.50251256  40.010398909450 40.007705585715 0.002693323734 
  0.96446195   1.68888476 106.13065327  63.191729530692 63.195569288077 -0.003839757385 
  0.96446195   1.68888476  99.79899497  66.193020835519 66.189158755306 0.003862080213 
  0.96446195   1.68888476 106.83417085  94.225896254182 94.230008543642 -0.004112289461 
  0.96446195   1.68888476  99.09547739  99.043253377080 99.038581239499 0.004672137581 
  0.96446195   1.68888476 107.53768844  131.299016550183 131.303093817676 -0.004077267493 
  0.96446195   1.68888476  98.39195980  138.622186988592 138.616495274436 0.005691714156 
  0.96446195   1.68888476 108.24120603  174.345221251249 174.349469034660 -0.004247783411 
  0.96446195   1.68888476  97.68844221  184.989098727703 184.982982631965 0.006116095738 
  0.96446195   1.68888476 108.94472362  223.299646332860 223.303323195638 -0.003676862778 
  0.96446195   1.68888476  96.98492462  238.203911140561 238.197688386626 0.006222753935 
  0.96446195   1.68888476 109.64824121  278.094960063696 278.098381230830 -0.003421167134 
  0.96446195   1.68888476  96.28140704  298.326269373298 298.319823333922 0.006446039376 
  0.96446195   1.68888476 110.35175879  338.665288388729 338.667892324422 -0.002603935692 
  0.96446195   1.68888476  95.57788945  365.414282679558 365.408173456015 0.006109223543 
  0.96446195   1.68888476 111.05527638  404.942171692848 404.944620521044 -0.002448828196 
  0.96446195   1.68888476  94.87437186  439.526584610343 439.521103450517 0.005481159826 
  0.96446195   1.68888476 111.75879397  476.859362661839 476.860824387941 -0.001461726102 
  0.96446195   1.68888476  94.17085427  520.721464529634 520.716571949095 0.004892580538 
  0.96446195   1.68888476 112.46231156  554.347452163696 554.348242867165 -0.000790703469 
  0.96446195   1.68888476  93.46733668  609.056135579944 609.052146438867 0.003989141077 
  0.96446195   1.68888476 113.16582915  637.338241621852 637.338074532145 0.000167089707 
  0.96446195   1.68888476  92.76381910  704.587698996067 704.585022039081 0.002676956987 
  0.96446195   1.68888476 113.86934673  725.761713683605 725.760953899015 0.000759784591 
  0.96446195   1.68888476  92.06030151  807.372960314155 807.372052365927 0.000907948227 
  0.96446195   1.68888476 114.57286432  819.548494324088 819.546931625215 0.001562698873 
  0.96446195   1.68888476  91.35678392  917.469406336546 917.469772606469 -0.000366269923 
  0.96446195   1.68888476  90.65326633  1034.932626634836 1034.934442765998 -0.001816131161 
  0.96446195   1.68888476  89.94974874  1159.818003073335 1159.822091858651 -0.004088785316 
  0.96446195   1.68888476  89.24623116  1292.182756856084 1292.188570005134 -0.005813149050 
  0.96446195   1.68888476  88.54271357  1432.082443088293 1432.089619673847 -0.007176585553 
  0.96446195   1.68888476 118.79396985  1490.892173826694 1490.889032411533 0.003141415161 
  0.96446195   1.68888476  87.83919598  1579.572982639074 1579.580938710458 -0.007956071383 
  0.96446195   1.68888476 119.49748744  1620.205512017012 1620.202266362213 0.003245654799 
  0.96446195   1.68888476  87.13567839  1734.708793759346 1734.718274012953 -0.009480253607 
  0.96446195   1.68888476 120.20100503  1754.296806529164 1754.293997436591 0.002809092573 
  0.96446195   1.68888476 120.90452261  1893.090081349015 1893.087442789991 0.002638559024 
  0.96446195   1.68888476  86.43216080  1897.547877877951 1897.557519235425 -0.009641357474 
  0.96446195   1.68888476 121.60804020  2036.506958171725 2036.504850029908 0.002108141817 
  0.96446195   1.68888476  85.72864322  2068.145005911589 2068.154826566138 -0.009820654549 
  0.96446195   1.68888476 122.31155779  2184.469130396843 2184.467433304019 0.001697092824 
  0.96446195   1.68888476  85.02512563  2246.557402923703 2246.566747094452 -0.009344170749 
  0.96446195   1.68888476 123.01507538  2336.896954923868 2336.895326807103 0.001628116765 
  0.96446195   1.68888476  84.32160804  2432.841955780983 2432.850364820451 -0.008409039468 
  0.96446195   1.68888476 123.71859296  2493.708954930305 2493.707524060312 0.001430869993 
  0.96446195   1.68888476  83.61809045  2627.057216286659 2627.063474641441 -0.006258354782 
  0.96446195   1.68888476 124.42211055  2654.822865426540 2654.821828204343 0.001037222197 
  0.96446195   1.68888476 125.12562814  2820.155948773026 2820.154777806448 0.001170966578 
  0.96446195   1.68888476  82.91457286  2829.260545372963 2829.264770204443 -0.004224831480 
  0.96446195   1.68888476 125.82914573  2989.622454538941 2989.621592789359 0.000861749582 
  0.96446195   1.68888476  82.21105528  3039.512132316828 3039.514055042181 -0.001922725353 
  0.96446195   1.68888476 126.53266332  3163.137111350894 3163.136107211842 0.001004139051 
  0.96446195   1.68888476  81.50753769  3257.873549014330 3257.872495077373 0.001053936957 
  0.96446195   1.68888476 127.23618090  3340.611673027277 3340.610699603372 0.000973423905 
  0.96446195   1.68888476  80.80402010  3484.407124355435 3484.402869840741 0.004254514694 
  0.96446195   1.68888476 127.93969849  3521.956836372614 3521.956233891573 0.000602481041 
  0.96446195   1.68888476 128.64321608  3707.082173123956 3707.081972914488 0.000200209467 
  0.96446195   1.68888476  80.10050251  3719.176726758480 3719.169884796761 0.006841961719 
  0.96446195   1.68888476 129.34673367  3895.896020025015 3895.895514936326 0.000505088689 
  0.96446195   1.68888476  79.39698492  3962.250233575702 3962.240503038390 0.009730537312 
  0.96446195   1.68888476 130.05025126  4088.302456647158 4088.302715406358 -0.000258759200 
  0.96446195   1.68888476  78.69346734  4213.696153268218 4213.684313393039 0.011839875179 
  0.96446195   1.68888476 130.75376884  4284.207398101687 4284.207606105352 -0.000208003665 
  0.96446195   1.68888476  77.98994975  4473.587601780891 4473.573956842885 0.013644938006 
  0.96446195   1.68888476 131.45728643  4483.511806890368 4483.512325903888 -0.000519013520 
  0.96446195   1.68888476 132.16080402  4686.116423755884 4686.117021133015 -0.000597377130 
  0.96446195   1.68888476  77.28643216  4741.999922275543 4741.985560678622 0.014361596921 
  0.96446195   1.68888476 132.86432161  4891.918082773685 4891.919771148897 -0.001688375211 
  0.96446195   1.68888476  76.58291457  5019.012865632772 5018.999255362617 0.013610270155 
  0.96446195   1.68888476 133.56783920  5100.814593508840 5100.816497309490 -0.001903800650 
  0.96446195   1.68888476  75.87939698  5304.712517336011 5304.699724456737 0.012792879274 
  0.96446195   1.68888476 134.27135678  5312.698795214295 5312.700868799264 -0.002073584968 
  0.96446195   1.68888476 134.97487437  5527.461609303951 5527.464220546311 -0.002611242359 
  0.96446195   1.68888476  75.17587940  5599.187810599804 5599.176808394768 0.011002205036 
  0.96446195   1.68888476 135.67839196  5744.992449522018 5744.995437789716 -0.002988267697 
  0.96446195   1.68888476  74.47236181  5902.533910274506 5902.526187920028 0.007722354478 
  0.96446195   1.68888476 136.38190955  5965.177622735500 5965.180867381317 -0.003244645816 
  0.96446195   1.68888476 137.08542714  6187.901083096862 6187.904210588583 -0.003127491721 
  0.96446195   1.68888476  73.76884422  6214.854423165321 6214.850088193669 0.004334971652 
  0.96446195   1.68888476 137.78894472  6413.043274536729 6413.046412020772 -0.003137484043 
  0.96446195   1.68888476  73.06532663  6536.258120670915 6536.258091498257 0.000029172657 
  0.96446195   1.68888476 138.49246231  6640.482638180256 6640.485560820657 -0.002922640401 
  0.96446195   1.68888476  72.36180905  6866.864363044500 6866.867995605795 -0.003632561295 
  0.96446195   1.68888476 139.19597990  6870.094344452024 6870.096755912416 -0.002411460393 
  0.96446195   1.68888476 139.89949749  7101.750122576952 7101.751999227219 -0.001876650267 
  0.96446195   1.68888476  71.65829146  7206.799223631620 7206.806775497381 -0.007551865760 
  0.96446195   1.68888476 140.60301508  7335.318691581488 7335.320068924969 -0.001377343481 
  0.96446195   1.68888476  70.95477387  7556.200780868530 7556.211577888645 -0.010797020115 
  0.96446195   1.68888476 141.30653266  7570.665988847613 7570.666388375737 -0.000399528124 
  0.96446195   1.68888476 142.01005025  7807.653033837676 7807.652907876020 0.000125961657 
  0.96446195   1.68888476  70.25125628  7915.217692673206 7915.230846920833 -0.013154247627 
  0.96446195   1.68888476 142.71356784  8046.138850510120 8046.137948952579 0.000901557542 
  0.96446195   1.68888476  69.54773869  8284.011328145862 8284.025515181891 -0.014187036029 
  0.96446195   1.68888476 143.41708543  8285.978146821260 8285.976078338495 0.002068482765 
  0.96446195   1.68888476 144.12060302  8527.020890191197 8527.017961750316 0.002928440881 
  0.96446195   1.68888476  68.84422111  8662.756193995476 8662.770286743214 -0.014092747739 
  0.96446195   1.68888476 144.82412060  8769.113954812288 8769.110214389950 0.003740422339 
  0.96446195   1.68888476 145.52763819  9012.099649414420 9012.095265967935 0.004383446485 
  0.96446195   1.68888476  68.14070352  9051.642521426082 9051.655044199111 -0.012522773030 
  0.96446195   1.68888476 146.23115578  9255.815893247724 9255.811189162032 0.004704085692 
  0.96446195   1.68888476  67.43718593  9450.876935794950 9450.886302397759 -0.009366602810 
  0.96446195   1.68888476 146.93467337  9500.096595168114 9500.091561048728 0.005034119386 
  0.96446195   1.68888476 147.63819095  9744.770148634911 9744.765303287066 0.004845347845 
  0.96446195   1.68888476  66.73366834  9860.683596804738 9860.688819992729 -0.005223187991 
  0.96446195   1.68888476 148.34170854  9989.661023542285 9989.656543558995 0.004479983290 
  0.96446195   1.68888476 149.04522613  10234.588158831000 10234.584443823116 0.003715007884 
  0.96446195   1.68888476  66.03015075  10281.307245403528 10281.307291482994 -0.000046079465 
  0.96446195   1.68888476 149.74874372  10479.365843325853 10479.363066310550 0.002777015303 
  0.96446195   1.68888476  65.32663317  10713.013997048140 10713.008148085253 0.005848962886 
  0.96446195   1.68888476 150.45226131  10723.802559494972 10723.801226655441 0.001332839531 
  0.96446195   1.68888476 151.15577889  10967.702127158642 10967.702353322156 -0.000226163515 
  0.96446195   1.68888476  64.62311558  11156.092768594623 11156.081501183058 0.011267411564 
  0.96446195   1.68888476 151.85929648  11210.862397208810 11210.864372622194 -0.001975413385 
  0.96446195   1.68888476 152.56281407  11453.075464785099 11453.079569545507 -0.004104760408 
  0.96446195   1.68888476  63.91959799  11610.859771236777 11610.843137095217 0.016634141561 
  0.96446195   1.68888476 153.26633166  11694.128585591912 11694.134496208397 -0.005910616484 
  0.96446195   1.68888476  62.51256281  12556.857644706964 12556.835873751788 0.021770955176 
  0.96446195   1.68888476 156.78391960  12874.110891252756 12874.123216102014 -0.012324849258 
  0.96446195   1.68888476 157.48743719  13103.392183974385 13103.404185482166 -0.012001507781 
  0.96446195   1.68888476 158.19095477  13329.854412153363 13329.865352242739 -0.010940089376 
  0.96446195   1.68888476 158.89447236  13553.237029910088 13553.246148487009 -0.009118576922 
  0.96446195   1.68888476  61.10552764  13554.128427863121 13554.110845894003 0.017581969118 
  0.96446195   1.68888476 159.59798995  13773.273215860128 13773.280422381315 -0.007206521186 
  0.96446195   1.68888476 160.30150754  13989.692360669374 13989.696664974485 -0.004304305110 
  0.96446195   1.68888476  60.40201005  14073.117643818259 14073.106401216233 0.011242602026 
  0.96446195   1.68888476 161.00502513  14202.217220813036 14202.218277001939 -0.001056188903 
  0.96446195   1.68888476 161.70854271  14410.566300392151 14410.563897296752 0.002403095399 
  0.96446195   1.68888476  59.69849246  14606.354937583208 14606.352371156619 0.002566426589 
  0.96446195   1.68888476 162.41206030  14614.453883349895 14614.447812461833 0.006070888063 
  0.96446195   1.68888476 163.11557789  14813.589080080390 14813.580408812908 0.008671267482 
  0.96446195   1.68888476 163.81909548  15007.679349198937 15007.668731118374 0.010618080563 
  0.96446195   1.68888476  58.99497487  15154.403241470456 15154.410524600849 -0.007283130393 
  0.96446195   1.68888476 164.52261307  15196.429446846247 15196.417108751697 0.012338094550 
  0.96446195   1.68888476 165.22613065  15379.540045380592 15379.527869640786 0.012175739806 
  0.96446195   1.68888476 165.92964824  15556.712872192264 15556.702159293951 0.010712898313 
  0.96446195   1.68888476  58.29145729  15717.872296303511 15717.888400675187 -0.016104371676 
  0.96446195   1.68888476 166.63316583  15727.648482024670 15727.640830539434 0.007651485235 
  0.96446195   1.68888476 167.33668342  15892.048244878650 15892.045460098559 0.002784780090 
  0.96446195   1.68888476 168.04020101  16049.616358518600 16049.619456216224 -0.003097697623 
  0.96446195   1.68888476 168.74371859  16200.059459999204 16200.069273831870 -0.009813832667 
  0.96446195   1.68888476  57.58793970  16297.421811863780 16297.442236640733 -0.020424776952 
  0.96446195   1.68888476 169.44723618  16343.089025229216 16343.105749210225 -0.016723981009 
  0.96446195   1.68888476 170.15075377  16478.423158466816 16478.445523121070 -0.022364654254 
  0.96446195   1.68888476 171.55778894  16724.913471043110 16724.939972942524 -0.026501899414 
  0.96446195   1.68888476 172.26130653  16835.549456313252 16835.571437611605 -0.021981298352 
  0.96446195   1.68888476  56.88442211  16893.763525187969 16893.779860467333 -0.016335279364 
  0.96446195   1.68888476 172.96482412  16937.451785296202 16937.463390171506 -0.011604875304 
  0.96446195   1.68888476 173.66834171  17030.391167998314 17030.386808182873 0.004359815441 
  0.96446195   1.68888476 174.37185930  17114.155735939741 17114.129275542149 0.026460397592 
  0.96446195   1.68888476 175.07537688  17188.549550384283 17188.497082823775 0.052467560508 
  0.96446195   1.68888476 175.77889447  17253.396260768175 17253.317386790393 0.078873977782 
  0.96446195   1.68888476 176.48241206  17308.539828836918 17308.440394438236 0.099434398682 
  0.96446195   1.68888476 177.18592965  17353.844849079847 17353.741569741989 0.103279337858 
  0.96446195   1.68888476 177.88944724  17389.199739947915 17389.123819592089 0.075920355826 
  0.96446195   1.68888476 178.59296482  17414.517283946276 17414.519633148760 -0.002349202485 
  0.96446195   1.68888476 179.29648241  17429.733304053545 17429.893137970332 -0.159833916787 
  0.96446195   1.68888476  56.18090452  17507.666788414121 17507.663688301334 0.003100112786 
  0.96446195   1.68888476  55.47738693  18139.958941489458 18139.913683709561 0.045257779897 
  0.96446195   1.68888476  54.77386935  18791.532818526030 18791.410289323034 0.122529202996 
