New model:
f      0    0    0  0.964461950000
f      0    0    0  1.688884760000
f      0    0    0  103.000000000000
f      0    0    0  1.000000000000
f      0    0    0  1.000000000000
f      0    0    0  12219.330429451284
f      0    0    1  7971.360364801327
f      0    0    2  13342.573948512867
f      0    0    3  1749.942996567911
f      0    0    4  1676.336590645531
f      0    0    5  413.026362799377
f      0    0    6  340.193600819076
f      0    0    7  73.395720459527
f      0    0    8  49.983770030740

Grid of energies:
  0.96446195   1.68888476 103.00000000  0.000000000000 2.485329704757 -2.485329704757 
  0.96446195   1.68888476 103.31658291  0.734456002712 3.067198554927 -2.332742552215 
  0.96446195   1.68888476 102.61306533  0.859109133482 3.514395455329 -2.655286321847 
  0.96446195   1.68888476 104.02010050  6.969081491232 8.920678085077 -1.951596593845 
  0.96446195   1.68888476 101.90954774  7.405311435461 10.319399482128 -2.914088046667 
  0.96446195   1.68888476 104.72361809  19.498930543661 21.018436575137 -1.519506031476 
  0.96446195   1.68888476 101.20603015  20.434946089983 23.540185813968 -3.105239723985 
  0.96446195   1.68888476 105.42713568  38.261058792472 39.304676778459 -1.043617985987 
  0.96446195   1.68888476 100.50251256  40.010398909450 43.235661693287 -3.225262783838 
  0.96446195   1.68888476 106.13065327  63.191729530692 63.724049635430 -0.532320104738 
  0.96446195   1.68888476  99.79899497  66.193020835519 69.465728784962 -3.272707949443 
  0.96446195   1.68888476 106.83417085  94.225896254182 94.221485180784 0.004411073398 
  0.96446195   1.68888476  99.09547739  99.043253377080 102.291318399850 -3.248065022770 
  0.96446195   1.68888476 107.53768844  131.299016550183 130.742012126683 0.557004423500 
  0.96446195   1.68888476  98.39195980  138.622186988592 141.774401810519 -3.152214821927 
  0.96446195   1.68888476 108.24120603  174.345221251249 173.230562487689 1.114658763561 
  0.96446195   1.68888476  97.68844221  184.989098727703 187.977968118267 -2.988869390564 
  0.96446195   1.68888476 108.94472362  223.299646332860 221.631773131087 1.667873201773 
  0.96446195   1.68888476  96.98492462  238.203911140561 240.965979206684 -2.762068066123 
  0.96446195   1.68888476 109.64824121  278.094960063696 275.889781242314 2.205178821382 
  0.96446195   1.68888476  96.28140704  298.326269373298 300.803294864329 -2.477025491032 
  0.96446195   1.68888476 110.35175879  338.665288388729 335.948018533906 2.717269854823 
  0.96446195   1.68888476  95.57788945  365.414282679558 367.555577278181 -2.141294598623 
  0.96446195   1.68888476 111.05527638  404.942171692848 401.749012348305 3.193159344543 
  0.96446195   1.68888476  94.87437186  439.526584610343 441.289163325886 -1.762578715543 
  0.96446195   1.68888476 111.75879397  476.859362661839 473.234183804315 3.625178857523 
  0.96446195   1.68888476  94.17085427  520.721464529634 522.070924075815 -1.349459546181 
  0.96446195   1.68888476 112.46231156  554.347452163696 550.343663085070 4.003789078627 
  0.96446195   1.68888476  93.46733668  609.056135579944 609.968101931407 -0.911966351464 
  0.96446195   1.68888476 113.16582915  637.338241621852 633.016112097088 4.322129524764 
  0.96446195   1.68888476  92.76381910  704.587698996067 705.048132400839 -0.460433404772 
  0.96446195   1.68888476 113.86934673  725.761713683605 721.188560766331 4.573152917274 
  0.96446195   1.68888476  92.06030151  807.372960314155 807.378461985593 -0.005501671438 
  0.96446195   1.68888476 114.57286432  819.548494324088 814.796266162152 4.752228161937 
  0.96446195   1.68888476  91.35678392  917.469406336546 917.026346116481 0.443060220065 
  0.96446195   1.68888476  90.65326633  1034.932626634836 1034.058659051258 0.873967583578 
  0.96446195   1.68888476  89.94974874  1159.818003073335 1158.541700995890 1.276302077445 
  0.96446195   1.68888476  89.24623116  1292.182756856084 1290.541014031237 1.641742824846 
  0.96446195   1.68888476  88.54271357  1432.082443088293 1430.121222897870 1.961220190423 
  0.96446195   1.68888476 118.79396985  1490.892173826694 1486.705500912805 4.186672913889 
  0.96446195   1.68888476  87.83919598  1579.572982639074 1577.345878316368 2.227104322706 
  0.96446195   1.68888476 119.49748744  1620.205512017012 1616.376416199043 3.829095817969 
  0.96446195   1.68888476  87.13567839  1734.708793759346 1732.277346585712 2.431447173634 
  0.96446195   1.68888476 120.20100503  1754.296806529164 1750.889845885968 3.406960643196 
  0.96446195   1.68888476 120.90452261  1893.090081349015 1890.161911639033 2.928169709982 
  0.96446195   1.68888476  86.43216080  1897.547877877951 1894.976723864321 2.571154013630 
  0.96446195   1.68888476 121.60804020  2036.506958171725 2034.106672040274 2.400286131451 
  0.96446195   1.68888476  85.72864322  2068.145005911589 2065.503789949689 2.641215961899 
  0.96446195   1.68888476 122.31155779  2184.469130396843 2182.636196796346 1.832933600497 
  0.96446195   1.68888476  85.02512563  2246.557402923703 2243.917020643960 2.640382279743 
  0.96446195   1.68888476 123.01507538  2336.896954923868 2335.660676374960 1.236278548908 
  0.96446195   1.68888476  84.32160804  2432.841955780983 2430.273628016492 2.568327764491 
  0.96446195   1.68888476 123.71859296  2493.708954930305 2493.088532828863 0.620422101442 
  0.96446195   1.68888476  83.61809045  2627.057216286659 2624.629682698514 2.427533588145 
  0.96446195   1.68888476 124.42211055  2654.822865426540 2654.826554391636 -0.003688965096 
  0.96446195   1.68888476 125.12562814  2820.155948773026 2820.780015232453 -0.624066459427 
  0.96446195   1.68888476  82.91457286  2829.260545372963 2827.040287416964 2.220257955999 
  0.96446195   1.68888476 125.82914573  2989.622454538941 2990.852821998653 -1.230367459711 
  0.96446195   1.68888476  82.21105528  3039.512132316828 3037.559817855050 1.952314461778 
  0.96446195   1.68888476 126.53266332  3163.137111350894 3164.947650454770 -1.810539103876 
  0.96446195   1.68888476  81.50753769  3257.873549014330 3256.242250920123 1.631298094207 
  0.96446195   1.68888476 127.23618090  3340.611673027277 3342.966079589368 -2.354406562091 
  0.96446195   1.68888476  80.80402010  3484.407124355435 3483.141538868530 1.265585486905 
  0.96446195   1.68888476 127.93969849  3521.956836372614 3524.808732852684 -2.851896480070 
  0.96446195   1.68888476 128.64321608  3707.082173123956 3710.375385004827 -3.293211880871 
  0.96446195   1.68888476  80.10050251  3719.176726758480 3718.312092029723 0.864634728757 
  0.96446195   1.68888476 129.34673367  3895.896020025015 3899.565081816878 -3.669061791863 
  0.96446195   1.68888476  79.39698492  3962.250233575702 3961.809327629743 0.440905945959 
  0.96446195   1.68888476 130.05025126  4088.302456647158 4092.276231532024 -3.973774884866 
  0.96446195   1.68888476  78.69346734  4213.696153268218 4213.690300013969 0.005853254249 
  0.96446195   1.68888476 130.75376884  4284.207398101687 4288.406677227652 -4.199279125964 
  0.96446195   1.68888476  77.98994975  4473.587601780891 4474.014431327832 -0.426829546941 
  0.96446195   1.68888476 131.45728643  4483.511806890368 4487.853761477983 -4.341954587615 
  0.96446195   1.68888476 132.16080402  4686.116423755884 4690.514338698427 -4.397914942543 
  0.96446195   1.68888476  77.28643216  4741.999922275543 4742.844287921849 -0.844365646306 
  0.96446195   1.68888476 132.86432161  4891.918082773685 4896.284788546679 -4.366705772994 
  0.96446195   1.68888476  76.58291457  5019.012865632772 5020.246472293678 -1.233606660906 
  0.96446195   1.68888476 133.56783920  5100.814593508840 5105.060986617878 -4.246393109039 
  0.96446195   1.68888476  75.87939698  5304.712517336011 5306.292574272956 -1.580056936945 
  0.96446195   1.68888476 134.27135678  5312.698795214295 5316.738244342389 -4.039449128094 
  0.96446195   1.68888476 134.97487437  5527.461609303951 5531.211232160513 -3.749622856561 
  0.96446195   1.68888476  75.17587940  5599.187810599804 5601.060194413454 -1.872383813650 
  0.96446195   1.68888476 135.67839196  5744.992449522018 5748.373839865738 -3.381390343719 
  0.96446195   1.68888476  74.47236181  5902.533910274506 5904.634056276239 -2.100146001733 
  0.96446195   1.68888476 136.38190955  5965.177622735500 5968.119033879171 -2.941411143671 
  0.96446195   1.68888476 137.08542714  6187.901083096862 6190.338666466815 -2.437583369953 
  0.96446195   1.68888476  73.76884422  6214.854423165321 6217.107138092856 -2.252714927535 
  0.96446195   1.68888476 137.78894472  6413.043274536729 6414.923252191110 -1.879977654381 
  0.96446195   1.68888476  73.06532663  6536.258120670915 6538.581900076016 -2.323779405101 
  0.96446195   1.68888476 138.49246231  6640.482638180256 6641.761728843874 -1.279090663618 
  0.96446195   1.68888476  72.36180905  6866.864363044500 6869.171531392726 -2.307168348226 
  0.96446195   1.68888476 139.19597990  6870.094344452024 6870.741156392420 -0.646811940396 
  0.96446195   1.68888476 139.89949749  7101.750122576952 7101.746419779707 0.003702797245 
  0.96446195   1.68888476  71.65829146  7206.799223631620 7209.001260321029 -2.202036689408 
  0.96446195   1.68888476 140.60301508  7335.318691581488 7334.659890231796 0.658801349692 
  0.96446195   1.68888476  70.95477387  7556.200780868530 7558.209641729761 -2.008860861230 
  0.96446195   1.68888476 141.30653266  7570.665988847613 7569.361063731110 1.304925116503 
  0.96446195   1.68888476 142.01005025  7807.653033837676 7805.726196898766 1.926836938910 
  0.96446195   1.68888476  70.25125628  7915.217692673206 7916.949903877708 -1.732211204502 
  0.96446195   1.68888476 142.71356784  8046.138850510120 8043.627893937679 2.510956572442 
  0.96446195   1.68888476  69.54773869  8284.011328145862 8285.391271405622 -1.379943259761 
  0.96446195   1.68888476 143.41708543  8285.978146821260 8282.934715500933 3.043431320328 
  0.96446195   1.68888476 144.12060302  8527.020890191197 8523.510763971226 3.510126219971 
  0.96446195   1.68888476  68.84422111  8662.756193995476 8663.720273115192 -0.964079119716 
  0.96446195   1.68888476 144.82412060  8769.113954812288 8765.215266443183 3.898688369105 
  0.96446195   1.68888476 145.52763819  9012.099649414420 9007.902177744056 4.197471670364 
  0.96446195   1.68888476  68.14070352  9051.642521426082 9052.142047725660 -0.499526299578 
  0.96446195   1.68888476 146.23115578  9255.815893247724 9251.419757127685 4.396136120038 
  0.96446195   1.68888476  67.43718593  9450.876935794950 9450.881551135144 -0.004615340195 
  0.96446195   1.68888476 146.93467337  9500.096595168114 9495.610192721990 4.486402446124 
  0.96446195   1.68888476 147.63819095  9744.770148634911 9740.309224194070 4.460924440840 
  0.96446195   1.68888476  66.73366834  9860.683596804738 9860.184756638195 0.498840166543 
  0.96446195   1.68888476 148.34170854  9989.661023542285 9985.345810580618 4.315212961666 
  0.96446195   1.68888476 149.04522613  10234.588158831000 10230.541793113736 4.046365717264 
  0.96446195   1.68888476  66.03015075  10281.307245403528 10280.319751197230 0.987494206298 
  0.96446195   1.68888476 149.74874372  10479.365843325853 10475.711627983852 3.654215342001 
  0.96446195   1.68888476  65.32663317  10713.013997048140 10711.577736556830 1.436260491309 
  0.96446195   1.68888476 150.45226131  10723.802559494972 10720.662142095020 3.140417399953 
  0.96446195   1.68888476 151.15577889  10967.702127158642 10965.192334213838 2.509792944804 
  0.96446195   1.68888476  64.62311558  11156.092768594623 11154.273949766764 1.818818827858 
  0.96446195   1.68888476 151.85929648  11210.862397208810 11209.093243629177 1.769153579633 
  0.96446195   1.68888476 152.56281407  11453.075464785099 11452.147838626139 0.927626158960 
  0.96446195   1.68888476  63.91959799  11610.859771236777 11608.748393451360 2.111377785417 
  0.96446195   1.68888476 153.26633166  11694.128585591912 11694.130998360499 -0.002412768587 
  0.96446195   1.68888476  62.51256281  12556.857644706964 12554.519489029259 2.338155677706 
  0.96446195   1.68888476 156.78391960  12874.110891252756 12879.538946036269 -5.428054783513 
  0.96446195   1.68888476 157.48743719  13103.392183974385 13109.925023191339 -6.532839216954 
  0.96446195   1.68888476 158.19095477  13329.854412153363 13337.448290045855 -7.593877892492 
  0.96446195   1.68888476 158.89447236  13553.237029910088 13561.825735512795 -8.588705602708 
  0.96446195   1.68888476  61.10552764  13554.128427863121 13552.126148571891 2.002279291230 
  0.96446195   1.68888476 159.59798995  13773.273215860128 13782.769021976688 -9.495806116560 
  0.96446195   1.68888476 160.30150754  13989.692360669374 13999.985162512667 -10.292801843292 
  0.96446195   1.68888476  60.40201005  14073.117643818259 14071.493180039190 1.624463779070 
  0.96446195   1.68888476 161.00502513  14202.217220813036 14213.177249093844 -10.960028280808 
  0.96446195   1.68888476 161.70854271  14410.566300392151 14422.045245300827 -11.478944908677 
  0.96446195   1.68888476  59.69849246  14606.354937583208 14605.221392503281 1.133545079927 
  0.96446195   1.68888476 162.41206030  14614.453883349895 14626.286854289627 -11.832970939731 
  0.96446195   1.68888476 163.11557789  14813.589080080390 14825.598413341526 -12.009333261136 
  0.96446195   1.68888476 163.81909548  15007.679349198937 15019.675869519200 -11.996520320263 
  0.96446195   1.68888476  58.99497487  15154.403241470456 15153.831400360772 0.571841109684 
  0.96446195   1.68888476 164.52261307  15196.429446846247 15208.215786303028 -11.786339456781 
  0.96446195   1.68888476 165.22613065  15379.540045380592 15390.916390668026 -11.376345287434 
  0.96446195   1.68888476 165.92964824  15556.712872192264 15567.478666625468 -10.765794433204 
  0.96446195   1.68888476  58.29145729  15717.872296303511 15717.868106487173 0.004189816338 
  0.96446195   1.68888476 166.63316583  15727.648482024670 15737.607449676048 -9.958967651379 
  0.96446195   1.68888476 167.33668342  15892.048244878650 15901.012566979281 -8.964322100632 
  0.96446195   1.68888476 168.04020101  16049.616358518600 16057.409976611223 -7.793618092623 
  0.96446195   1.68888476 168.74371859  16200.059459999204 16206.522911917946 -6.463451918742 
  0.96446195   1.68888476  57.58793970  16297.421811863780 16297.899625098686 -0.477813234906 
  0.96446195   1.68888476 169.44723618  16343.089025229216 16348.083032986789 -4.994007757574 
  0.96446195   1.68888476 170.15075377  16478.423158466816 16481.831545750163 -3.408387283347 
  0.96446195   1.68888476 171.55778894  16724.913471043110 16724.912986778956 0.000484264154 
  0.96446195   1.68888476 172.26130653  16835.549456313252 16833.785963798076 1.763492515176 
  0.96446195   1.68888476  56.88442211  16893.763525187969 16894.515852008983 -0.752326821013 
  0.96446195   1.68888476 172.96482412  16937.451785296202 16933.929484708842 3.522300587359 
  0.96446195   1.68888476 173.66834171  17030.391167998314 17025.148547836288 5.242620162026 
  0.96446195   1.68888476 174.37185930  17114.155735939741 17107.263818183957 6.891917755784 
  0.96446195   1.68888476 175.07537688  17188.549550384283 17180.112463214213 8.437087170070 
  0.96446195   1.68888476 175.77889447  17253.396260768175 17243.548923512761 9.847337255414 
  0.96446195   1.68888476 176.48241206  17308.539828836918 17297.445597362501 11.094231474417 
  0.96446195   1.68888476 177.18592965  17353.844849079847 17341.693454723856 12.151394355991 
  0.96446195   1.68888476 177.88944724  17389.199739947915 17376.202560125723 12.997179822192 
  0.96446195   1.68888476 178.59296482  17414.517283946276 17400.902506677048 13.614777269227 
  0.96446195   1.68888476 179.29648241  17429.733304053545 17415.742758610737 13.990545442808 
  0.96446195   1.68888476  56.18090452  17507.666788414121 17508.326834810854 -0.660046396733 
  0.96446195   1.68888476  55.47738693  18139.958941489458 18139.960817319203 -0.001875829745 
  0.96446195   1.68888476  54.77386935  18791.532818526030 18790.061992497129 1.470826028901 
