New model:
f      0    0    0  0.964461950000
f      0    0    0  1.688884760000
f      0    0    0  103.000000000000
f      0    0    0  1.000000000000
f      0    0    0  1.000000000000
f      0    0    0  48063.203864631250
f      0    0    1  -68713.914236996905
f      0    0    2  64616.815525641789
f      0    0    3  -39651.701289846817
f      0    0    4  20522.891651766313
f      0    0    5  -10359.985965352897
f      0    0    6  3852.610934943366
f      0    0    7  -1083.077111850190
f      0    0    8  189.523571228678

Grid of energies:
  0.96446195   1.68888476 103.00000000  0.000000000000 0.784125314047 -0.784125314047 
  0.96446195   1.68888476 103.31658291  0.655099093914 1.137630853470 -0.482531759556 
  0.96446195   1.68888476 104.02010050  6.710089758039 6.710825426954 -0.000735668916 
  0.96446195   1.68888476 104.72361809  19.056636273861 18.786992094122 0.269644179739 
  0.96446195   1.68888476 105.42713568  37.632176876068 37.250886292245 0.381290583823 
  0.96446195   1.68888476 106.13065327  62.373486235738 61.995554425974 0.377931809764 
  0.96446195   1.68888476 106.83417085  93.216279372573 92.921302688603 0.294976683970 
  0.96446195   1.68888476 107.53768844  130.096499279141 129.934749382923 0.161749896218 
  0.96446195   1.68888476 108.24120603  172.949026748538 172.947949697246 0.001077051292 
  0.96446195   1.68888476 108.94472362  221.709358617663 221.877597606486 -0.168238988823 
  0.96446195   1.68888476 109.64824121  276.311027884483 276.644294493346 -0.333266608863 
  0.96446195   1.68888476 110.35175879  336.688503175974 337.171882128562 -0.483378952588 
  0.96446195   1.68888476 111.05527638  402.774248346686 403.386841117830 -0.612592771144 
  0.96446195   1.68888476 111.75879397  474.502119079232 475.217737983689 -0.715618904457 
  0.96446195   1.68888476 112.46231156  551.803564414382 552.594734475606 -0.791170061224 
  0.96446195   1.68888476 113.16582915  634.610719516873 635.449142886943 -0.838423370070 
  0.96446195   1.68888476 113.86934673  722.854171335697 723.713027671372 -0.858856335675 
  0.96446195   1.68888476 114.57286432  816.464868113399 817.318856907109 -0.853988793711 
  0.96446195   1.68888476 118.79396985  1486.855454564095 1487.331558341725 -0.476103777631 
  0.96446195   1.68888476 119.49748744  1616.029480874538 1616.416540503250 -0.387059628712 
  0.96446195   1.68888476 120.20100503  1749.987630873919 1750.287040876772 -0.299410002854 
  0.96446195   1.68888476 120.90452261  1888.653815314174 1888.868870017308 -0.215054703134 
  0.96446195   1.68888476 121.60804020  2031.949849024415 2032.086442176007 -0.136593151592 
  0.96446195   1.68888476 122.31155779  2179.797371655703 2179.862698372710 -0.065326717007 
  0.96446195   1.68888476 123.01507538  2332.116620406508 2332.119060749421 -0.002440342912 
  0.96446195   1.68888476 123.71859296  2488.826295286417 2488.775384573128 0.050910713289 
  0.96446195   1.68888476 124.42211055  2649.844060823321 2649.749931172351 0.094129650970 
  0.96446195   1.68888476 125.12562814  2815.086956292391 2814.959324525677 0.127631766713 
  0.96446195   1.68888476 125.82914573  2984.469408050179 2984.318534358601 0.150873691579 
  0.96446195   1.68888476 126.53266332  3157.905856356025 3157.740850917010 0.165005439014 
  0.96446195   1.68888476 127.23618090  3335.308150723577 3335.137860624878 0.170290098699 
  0.96446195   1.68888476 127.93969849  3516.586875483394 3516.419434293906 0.167441189488 
  0.96446195   1.68888476 128.64321608  3701.651545166969 3701.493688641679 0.157856525290 
  0.96446195   1.68888476 129.34673367  3890.410161703825 3890.266970380554 0.143191323271 
  0.96446195   1.68888476 130.05025126  4082.767191305757 4082.643824116999 0.123367188757 
  0.96446195   1.68888476 130.75376884  4278.627973675728 4278.526955299471 0.101018376257 
  0.96446195   1.68888476 131.45728643  4477.893763467669 4477.817201657473 0.076561810197 
  0.96446195   1.68888476 132.16080402  4680.465082675219 4680.413470471770 0.051612203449 
  0.96446195   1.68888476 132.86432161  4886.239009782672 4886.212696703686 0.026313078986 
  0.96446195   1.68888476 133.56783920  5095.112850427628 5095.109779772828 0.003070654800 
  0.96446195   1.68888476 134.27135678  5306.979643419385 5306.997512097454 -0.017868678069 
  0.96446195   1.68888476 134.97487437  5521.730355039239 5521.766514432670 -0.036159393431 
  0.96446195   1.68888476 135.67839196  5739.254297256470 5739.305132461778 -0.050835205308 
  0.96446195   1.68888476 136.38190955  5959.437800601125 5959.499354727775 -0.061554126651 
  0.96446195   1.68888476 137.08542714  6182.164704650640 6182.232706772500 -0.068002121860 
  0.96446195   1.68888476 137.78894472  6407.315636679530 6407.386136301829 -0.070499622298 
  0.96446195   1.68888476 138.49246231  6634.768979460001 6634.837905805245 -0.068926345244 
  0.96446195   1.68888476 139.19597990  6864.399883270264 6864.463444785728 -0.063561515464 
  0.96446195   1.68888476 139.89949749  7096.080238625407 7096.135225967816 -0.054987342409 
  0.96446195   1.68888476 140.60301508  7329.678734660149 7329.722618011378 -0.043883351230 
  0.96446195   1.68888476 141.30653266  7565.061327308416 7565.091731065560 -0.030403757143 
  0.96446195   1.68888476 142.01005025  7802.089268147945 7802.105272760647 -0.016004612702 
  0.96446195   1.68888476 142.71356784  8040.621400579810 8040.622365147270 -0.000964567460 
  0.96446195   1.68888476 143.41708543  8280.512568265200 8280.498390364832 0.014177900368 
  0.96446195   1.68888476 144.12060302  8521.612858995795 8521.584815874116 0.028043121680 
  0.96446195   1.68888476 144.82412060  8763.769145593047 8763.729016896308 0.040128696739 
  0.96446195   1.68888476 145.52763819  9006.823885619640 9006.774114572594 0.049771047046 
  0.96446195   1.68888476 146.23115578  9250.614985197783 9250.558779443450 0.056205754332 
  0.96446195   1.68888476 146.93467337  9494.976387232542 9494.917070466048 0.059316766494 
  0.96446195   1.68888476 147.63819095  9739.736635014415 9739.678255961044 0.058379053371 
  0.96446195   1.68888476 148.34170854  9984.720131754875 9984.666659572691 0.053472182184 
  0.96446195   1.68888476 149.04522613  10229.745927155018 10229.701477278664 0.044449876354 
  0.96446195   1.68888476 149.74874372  10474.628252670169 10474.596636820394 0.031615849775 
  0.96446195   1.68888476 150.45226131  10719.175682723522 10719.160649251389 0.015033472133 
  0.96446195   1.68888476 151.15577889  10963.191999942064 10963.196471987849 -0.004472045784 
  0.96446195   1.68888476 151.85929648  11206.475008517504 11206.501402764479 -0.026394246976 
  0.96446195   1.68888476 152.56281407  11448.816846624017 11448.866954662983 -0.050108038966 
  0.96446195   1.68888476 153.26633166  11690.004589900374 11690.078783888768 -0.074193988394 
  0.96446195   1.68888476 156.78391960  12870.745008528233 12870.913574105241 -0.168565577009 
  0.96446195   1.68888476 157.48743719  13100.193727135658 13100.368502805070 -0.174775669411 
  0.96446195   1.68888476 158.19095477  13326.828110352159 13327.002916162466 -0.174805810308 
  0.96446195   1.68888476 158.89447236  13550.387300223112 13550.555494802436 -0.168194579324 
  0.96446195   1.68888476 159.59798995  13770.604350700974 13770.759514087005 -0.155163386031 
  0.96446195   1.68888476 160.30150754  13987.207976251841 13987.343099564181 -0.135123312341 
  0.96446195   1.68888476 161.00502513  14199.920662254095 14200.029516165254 -0.108853911159 
  0.96446195   1.68888476 161.70854271  14408.460480511189 14408.537511140652 -0.077030629463 
  0.96446195   1.68888476 162.41206030  14612.541064858437 14612.581728764901 -0.040663906464 
  0.96446195   1.68888476 163.11557789  14811.871304497123 14811.873156208256 -0.001851711133 
  0.96446195   1.68888476 163.81909548  15006.157896935940 15006.119663682679 0.038233253261 
  0.96446195   1.68888476 164.52261307  15195.104718461633 15195.026598156541 0.078120305092 
  0.96446195   1.68888476 165.22613065  15378.412164255977 15378.297449999649 0.114714256328 
  0.96446195   1.68888476 165.92964824  15555.781106397510 15555.634609152401 0.146497245109 
  0.96446195   1.68888476 166.63316583  15726.911322250962 15726.740176157798 0.171146093164 
  0.96446195   1.68888476 167.33668342  15891.503570213914 15891.316884499893 0.186685714021 
  0.96446195   1.68888476 168.04020101  16049.261006921530 16049.069099379809 0.191907541721 
  0.96446195   1.68888476 168.74371859  16199.889580667019 16199.703911164379 0.185669502640 
  0.96446195   1.68888476 169.44723618  16343.099905788898 16342.932338132467 0.167567656432 
  0.96446195   1.68888476 170.15075377  16478.609031900764 16478.470611379034 0.138420521729 
  0.96446195   1.68888476 171.55778894  16725.428940042853 16725.376274319075 0.052665723779 
  0.96446195   1.68888476 172.26130653  16836.217543900013 16836.215454638597 0.002089261416 
  0.96446195   1.68888476 172.96482412  16938.263153076172 16938.311457554257 -0.048304478085 
  0.96446195   1.68888476 173.66834171  17031.335859820247 17031.430044763350 -0.094184943104 
  0.96446195   1.68888476 174.37185930  17115.222577959299 17115.352434506916 -0.129856547617 
  0.96446195   1.68888476 175.07537688  17189.726728633046 17189.877463664503 -0.150735031457 
  0.96446195   1.68888476 175.77889447  17254.671001821756 17254.823899928320 -0.152898106564 
  0.96446195   1.68888476 176.48241206  17309.898610800505 17310.032894144148 -0.134283343643 
  0.96446195   1.68888476 177.18592965  17355.273569241166 17355.370599765407 -0.097030524241 
  0.96446195   1.68888476 177.88944724  17390.683645784855 17390.730949036020 -0.047303251165 
  0.96446195   1.68888476 178.59296482  17416.040877550840 17416.038598193754 0.002279357086 
  0.96446195   1.68888476 179.29648241  17431.280899077654 17431.252048493061 0.028850584593 
  0.96446195   1.68888476 180.00000000  17436.365348339081 17436.366944164587 -0.001595825506 
