nu1 nu2 nu3  J Ka Kc               E         unc transitions Gamma   Nb     Etrove  Obs-Calc
  0   0   0  0  0  0     0.000000000 0.000000000           8    A'    1     0.0000  0.000000
  0   0   0 10  6  4   767.910213196 0.000400053          20    A'    7   767.9077  0.002513
  0   0   0 10  6  5   767.910252252 0.000400073          20    A"    6   767.9077  0.002552
  0   0   0 15  8  7  1379.818184099 0.000489989           8    A"   17  1379.8152  0.002984
  0   0   0 15  8  8  1379.818186829 0.000529168           9    A'   14  1379.8152  0.002987
  0   0   0 10  7  4  1022.886519488 0.000447279          11    A'   12  1022.8931  0.006581
  0   0   0 10  7  3  1022.886494190 0.000447261           9    A"   10  1022.8931  0.006606
  2   0   0 15  4 11  7462.002347995 0.001337045           8    A"  537  7461.9954  0.006948
  0   0   0 10  5  5   551.123876867 0.000346505          42    A"    5   551.1146  0.009277
  0   0   0 10  5  6   551.123882609 0.000346528          37    A'    6   551.1146  0.009283
  0   0   0 15  9  7  1709.347290109 0.000529191           4    A"   25  1709.3582  0.010910
  0   0   0 15  9  6  1709.347288162 0.000529206           4    A'   21  1709.3582  0.010912
  3   1   0 15  2 14 11669.379442377 0.005019962           1    A' 1620 11669.3671  0.012342
  0   0   0 10  4  6   373.026071874 0.000346438          61    A'    5   373.0121  0.013972
  0   0   0 10  4  7   373.026077437 0.000346461          56    A"    4   373.0121  0.013977
  0   0   0 15  7  8  1087.291069620 0.000489934          11    A'   10  1087.2763  0.014770
  0   0   0 15  7  9  1087.291070404 0.000489989          13    A"   12  1087.2763  0.014770
  0   0   0 10  3  8   234.042310295 0.000346419          68    A'    4   234.0254  0.016910
  0   0   0 10  3  7   234.042313930 0.000282876          70    A"    3   234.0254  0.016914
  0   0   0 20  9 12  1798.247814981 0.000663392           5    A'   25  1798.2306  0.017215
  0   0   0 20  9 11  1798.247822696 0.000663336           5    A"   21  1798.2306  0.017223
  0   0   0 10  8  3  1315.490463617 0.000489958           9    A"   14  1315.5085  0.018036
  0   0   0 10  8  2  1315.490439947 0.000489942           8    A'   17  1315.5085  0.018060
  0   0   0 10  2  9   134.514048330 0.000346435          67    A"    2   134.4955  0.018548
  0   0   0 10  2  8   134.517150844 0.000346422          68    A'    3   134.4986  0.018551
  0   0   0 10  1 10    74.336208577 0.000346422          57    A'    2    74.3171  0.019109
  0   0   0 10  0 10    54.735207993 0.000346422          49    A'    1    54.7156  0.019608
  0   0   0 10  1  9    75.053045174 0.000346426          56    A"    1    75.0334  0.019645
  0   0   1 10  2  8   858.270648344 0.000529156           9    A'   10   858.2908  0.020152
  0   0   1 10  2  9   858.267490202 0.000489916           9    A"    8   858.2877  0.020210
  1   0   0 15  7  8  4658.079259648 0.001565259           2    A'  151  4658.1027  0.023440
  3   1   0 15  2 13 11669.390885808 0.005019961           1    A" 1794 11669.3671  0.023786
  1   0   1  0  0  0  4331.908978656 0.000785875           1    A'   18  4331.9330  0.024021
  0   0   0 15  6  9   832.382265723 0.000489989          20    A"    7   832.3580  0.024266
  0   0   0 15  6 10   832.382277050 0.000489934          19    A'    6   832.3580  0.024277
  3   1   0 10  0 10 11532.336168306 0.002019903           2    A' 1586 11532.3614  0.025232
  2   0   0 20  2 19  7331.509484926 0.000822778           7    A"  447  7331.5377  0.028215
  2   0   0 20  2 18  7331.565684741 0.000822757           5    A'  499  7331.5941  0.028415
  0   0   0 15 10  6  2075.217217841 0.000565723           2    A'   27  2075.2457  0.028482
  0   0   0 15 10  5  2075.217217462 0.000565737           2    A"   32  2075.2457  0.028483
  0   0   0 15  5 11   615.653634086 0.000489989          43    A"    6   615.6223  0.031334
  0   0   0 15  5 10   615.653636144 0.000489934          47    A'    5   615.6223  0.031336
  0   0   0 10  9  2  1645.105603474 0.000529206           4    A'   25  1645.1372  0.031597
  0   0   0 10  9  1  1645.105580224 0.000529191           4    A"   21  1645.1372  0.031620
  0   0   0 20  8 13  1468.837803445 0.000663335          10    A"   14  1468.8057  0.032103
  0   0   0 20  8 12  1468.837811718 0.000632470           9    A'   17  1468.8057  0.032112
  2   0   0 15  3 13  7333.994755919 0.001337045           6    A"  512  7334.0270  0.032244
  2   0   0 15  3 12  7333.994487610 0.001337017           6    A'  457  7334.0270  0.032512
  0   0   1 15  0 15   842.645141518 0.000565699           5    A"    8   842.6120  0.033142
  0   0   0 15  4 12   437.603847787 0.000489913          61    A'    4   437.5675  0.036348
  0   0   0 15  4 11   437.603850790 0.000489989          65    A"    5   437.5675  0.036351
  0   0   0 15  3 12   298.658168657 0.000489912          62    A'    3   298.6186  0.039569
  0   0   0 15  3 13   298.658147000 0.000447235          60    A"    4   298.6185  0.039647
  0   0   0 15  2 13   199.168357375 0.000489911          60    A"    3   199.1269  0.041457
  0   0   0 15  2 14   199.153361709 0.000447233          59    A'    2   199.1119  0.041462
  0   0   0 15  1 15   138.567700614 0.000447231          54    A"    2   138.5259  0.041801
  2   0   0 10  4  7  7397.612001292 0.001291369           7    A"  438  7397.5702  0.041801
  2   0   0 10  4  6  7397.612004612 0.001306753           7    A'  494  7397.5702  0.041805
  0   0   1 10  3  7   957.669723570 0.000489934          10    A"    9   957.6271  0.042624
  0   0   1 10  3  8   957.669771910 0.000529156           9    A'   11   957.6271  0.042672
  0   0   0 15  0 15   119.386048739 0.000447231          45    A"    1   119.3433  0.042749
  0   0   0 15  1 14   140.130446166 0.000447309          55    A'    1   140.0873  0.043146
  0   0   1 15  1 15   861.804180932 0.000600011           8    A"    9   861.7604  0.043781
  0   0   0 20  7 14  1176.417096221 0.000632470          12    A'   12  1176.3728  0.044296
  0   0   0 20  7 13  1176.417108788 0.000632469          10    A"   10  1176.3728  0.044309
  0   0   0 10 10  1  2011.070647975 0.000565737           1    A"   27  2011.1167  0.046052
  0   0   0 10 10  0  2011.070627757 0.000565723           1    A'   32  2011.1167  0.046072
  0   0   1 15  1 14   863.361610229 0.000565761           8    A'    7   863.3132  0.048410
  3   2   0 10  1 10 12685.127868001 0.002019903           2    A' 2072 12685.0773  0.050568
  0   0   0 20 10 10  2163.986120179 0.000663392           2    A'   32  2164.0372  0.051080
  0   0   0 20 10 11  2163.986113352 0.000663351           2    A"   27  2164.0372  0.051087
  1   0   0 20  7 13  4747.069677109 0.001615555           2    A"  151  4747.0157  0.053977
  0   0   0 20  6 15   921.601662616 0.000632469          16    A"    6   921.5474  0.054263
  0   0   0 20  6 14   921.601677980 0.000600082          17    A'    7   921.5474  0.054278
  0   0   1 10  1  9   798.881007586 0.000489916           6    A"    7   798.9386  0.057592
  4   0   0 20  0 20 13635.203007840 0.002286087           4    A' 2752 13635.2607  0.057692
  0   0   1 10  1 10   798.166599174 0.000489907           7    A'    9   798.2263  0.059701
  0   0   0 20  5 16   704.953243671 0.000600037          48    A'    6   704.8914  0.061844
  0   0   0 20  5 15   704.953259618 0.000600080          50    A"    5   704.8914  0.061860
  4   0   0 10  5  6 13902.207251429 0.002029789           4    A' 2685 13902.2695  0.062249
  4   0   0 10  5  5 13902.206386540 0.002029793           5    A" 2402 13902.2695  0.063113
  0   0   0 20  4 16   526.970183566 0.000600015          64    A'    5   526.9029  0.067284
  0   0   0 20  4 17   526.970194488 0.000600025          58    A"    4   526.9029  0.067294
  0   0   0 20  3 17   388.078180115 0.000600016          71    A"    3   388.0072  0.070980
  0   0   0 20  3 18   388.077994953 0.000565712          64    A'    4   388.0070  0.070995
  0   0   1 10  0 10   778.589656572 0.000489907           5    A'    8   778.6613  0.071643
  0   0   0 20  1 20   227.451130429 0.000529210          54    A'    2   227.3780  0.073130
  0   0   0 20  2 19   288.601534598 0.000565741          56    A"    2   288.5284  0.073135
  0   0   0 20  2 18   288.647614252 0.000565702          58    A'    3   288.5744  0.073214
  0   0   0 20  0 20   208.837730333 0.000529169          46    A'    1   208.7632  0.074530
  0   0   0 20  1 19   230.182591826 0.000565703          50    A"    1   230.1072  0.075392
  1   0   0 10  7  3  4593.770764729 0.001552439           2    A"  141  4593.8520  0.081235
  1   0   1 10  0 10  4386.051442292 0.000810931           4    A'  143  4385.9686  0.082842
  0   0   1 15  2 14   922.311531633 0.000600029           7    A'    8   922.2272  0.084332
  0   0   1 15  2 13   922.326458197 0.000600011           8    A"   10   922.2420  0.084458
  2   0   0 20  3 18  7423.153055932 0.000822757           8    A'  514  7423.0670  0.086056
  2   0   0 20  3 17  7423.153465895 0.000846711           7    A"  458  7423.0673  0.086166
  2   0   0 20  1 19  7277.886634540 0.000846711           5    A"  436  7277.9824  0.095765
  2   0   0 20  1 20  7274.982631797 0.000822751           5    A'  487  7275.0834  0.100768
  2   0   0 20  4 16  7551.108160557 0.001381195           7    A'  540  7551.0038  0.104361
  2   0   0 20  4 17  7551.108261383 0.001381183           7    A"  483  7551.0038  0.104461
  3   1   0 20  5 16 12137.681612055 0.002097622           1    A' 1965 12137.7881  0.106488
  4   0   0 15  6  9 14150.321684725 0.005027931           1    A" 3123 14150.2147  0.106985
  1   0   1 10  1 10  4404.826447003 0.000810931           5    A'  147  4404.7172  0.109247
  3   2   0 10  2  9 12742.147973347 0.002989414           2    A" 1875 12742.0364  0.111573
  1   0   1 10  1  9  4405.563823189 0.000810936           6    A"  129  4405.4513  0.112523
  4   0   0 10  6  4 14085.981252252 0.002039622           1    A' 2790 14085.8671  0.114152
  3   2   0 10  2  8 12742.151258341 0.002029779           2    A' 2099 12742.0364  0.114858
  2   0   0 10  3  8  7269.568703027 0.001306753           6    A'  470  7269.6857  0.116997
  2   0   0 10  3  7  7269.568066301 0.001291363           6    A"  416  7269.6857  0.117634
  2   0   0 20  0 20  7258.018905849 0.000822751           1    A'  484  7258.1414  0.122494
  1   0   0 20  6 14  4502.383181667 0.001627912           2    A'  150  4502.5073  0.124118
  2   0   0 15  4 12  7462.002383223 0.001337017           8    A'  480  7461.8756  0.126783
  0   0   1 10  4  7  1096.477777288 0.000529168           8    A"   11  1096.3497  0.128077
  0   0   1 10  4  6  1096.477778441 0.000529183          10    A'   13  1096.3497  0.128078
  2   0   0 15  2 14  7242.329106349 0.000772603           6    A'  447  7242.4739  0.144794
  0   0   1 15  3 12  1021.690541605 0.000600012          11    A'    9  1021.5436  0.146942
  0   0   1 15  3 13  1021.690496823 0.000600074           9    A"   11  1021.5435  0.146997
  2   0   0 15  2 13  7242.345167925 0.000772601           7    A"  499  7242.4923  0.147132
  3   1   0 10  2  8 11605.300767939 0.000608296           2    A' 1617 11605.4519  0.151132
  1   0   1 20  4 16  4843.575064668 0.001621857           4    A'  178  4843.4232  0.151865
  1   0   1 20  4 17  4843.575097367 0.001621860           4    A"  158  4843.4232  0.151897
  3   1   0 10  2  9 11605.296271835 0.000608292           2    A" 1443 11605.4518  0.155528
  4   0   0 15  4 12 13815.589190993 0.002049394           4    A' 2634 13815.7454  0.156209
  4   0   0 15  4 11 13815.586643960 0.002049412           6    A" 2908 13815.7454  0.158756
  0   0   1  0  0  0   724.358150208 0.000565686           1    A'    2   724.5184  0.160250
  3   2   0 15  3 12 12900.079231588 0.002049394           3    A' 2158 12899.9172  0.162032
  3   2   0 15  3 13 12900.079227922 0.002049412           3    A" 2385 12899.9171  0.162128
  4   0   0 15  0 15 13546.196358191 0.002049395           4    A" 2750 13546.3601  0.163742
  3   2   0 20  1 20 12836.311535045 0.002068821           1    A' 2309 12836.1450  0.166535
  0   0   1 20  0 20   931.272365832 0.000663339           4    A'    8   931.0940  0.178366
  0   0   1 20  1 20   949.865076700 0.000663339           8    A'    9   949.6777  0.187377
  1   0   1 10  2  8  4462.566537280 0.000810931           7    A'  152  4462.3780  0.188537
  3   2   0 15  1 15 12748.552293883 0.002935271           2    A" 2304 12748.3630  0.189294
  1   0   1 10  2  9  4462.564326526 0.000810936           7    A"  133  4462.3746  0.189727
  0   0   1 20  1 19   952.587087450 0.000692834           7    A"    7   952.3918  0.195287
  1   0   0 15  6  9  4413.300303412 0.001590625           1    A"  150  4413.5038  0.203497
  3   1   0 10  6  4 12182.462870882 0.002039628           1    A' 1846 12182.6735  0.210629
  3   1   0 10  6  5 12182.462841328 0.002039624           1    A" 1649 12182.6735  0.210659
  1   0   1 15  0 15  4450.002819771 0.000881824           5    A"  151  4449.7915  0.211320
  3   2   0 20  2 19 12894.622535342 0.002078465           2    A" 2116 12894.4077  0.214835
  3   1   0 20  2 18 11758.198130061 0.002068823           1    A' 1801 11757.9830  0.215130
  2   0   0 15  1 14  7188.065121289 0.000746315           5    A'  436  7188.2809  0.215779
  4   0   0 20  5 15 14055.304859636 0.002088065           6    A" 2723 14055.5208  0.215940
  2   0   0 15  1 15  7186.403495772 0.000772601           6    A"  487  7186.6223  0.218804
  4   0   0 20  5 16 14055.299521825 0.002088068           5    A' 3007 14055.5208  0.221278
  0   0   1 20  2 19  1010.935274830 0.000692834           9    A"    8  1010.7059  0.229375
  0   0   1 20  2 18  1010.980973240 0.000663347          10    A'   10  1010.7514  0.229573
  0   0   1 15  4 11  1160.460710787 0.000600074          11    A"   13  1160.2287  0.232011
  0   0   1 15  4 12  1160.460742011 0.000600029          10    A'   11  1160.2287  0.232042
  2   0   0 10  2  9  7177.878759254 0.000690592           7    A"  408  7178.1117  0.232941
  2   0   0 10  2  8  7177.882505542 0.000690586           7    A'  460  7178.1155  0.232994
  0   0   1 10  5  5  1274.350818622 0.000529206           8    A"   12  1274.1168  0.234019
  0   0   1 10  5  6  1274.350851085 0.000565702           7    A'   14  1274.1168  0.234051
  1   0   1 15  1 15  4468.347473914 0.000858846           6    A"  155  4468.1118  0.235674
  3   1   0 20  2 19 11758.095430189 0.002078465           1    A" 1626 11757.8585  0.236930
  4   0   0 15  1 14 13563.985528271 0.002049394           7    A' 2496 13564.2227  0.237172
  2   0   0 15  0 15  7168.840465850 0.000746268           5    A"  484  7169.0819  0.241434
  2   0   0 10  5  5  7561.699752676 0.001306759           3    A"  466  7561.4583  0.241453
  2   0   0 10  5  6  7561.699762491 0.001306765           3    A'  525  7561.4583  0.241462
  1   0   1 15  1 14  4469.954219943 0.000881824           4    A'  137  4469.7120  0.242220
  3   1   0 20  1 19 11705.182518508 0.002078465           1    A" 1601 11705.4288  0.246281
  3   1   0 10  1 10 11550.134359179 0.002029781           1    A' 1592 11550.3816  0.247241
  4   0   0 10  2  9 13549.384611553 0.002019905           6    A" 2234 13549.6385  0.253888
  1   0   0 20  8 12  5027.876883619 0.001615555           1    A'  193  5027.6216  0.255284
  4   0   0 10  2  8 13549.382873490 0.002029783           9    A' 2499 13549.6385  0.255627
  1   0   0 10  6  4  4348.926797745 0.001539507           2    A'  142  4349.1877  0.260902
  5   0   0 15  5 10 16878.913345019 0.002068820           1    A' 4786 16878.6399  0.273445
  1   1   0 10  0 10  4874.911293534 0.001135785           3    A'  182  4874.6363  0.274994
  0   1   0 20  1 19  1469.081471484 0.000692834           5    A"   14  1468.8057  0.275771
  3   1   0 15  1 14 11615.674441048 0.008847052           2    A' 1597 11615.3958  0.278641
  3   1   0 15  4 12 11886.790944999 0.002049399           1    A' 1711 11887.0708  0.279855
  3   1   0 15  4 11 11886.789929390 0.002049412           1    A" 1895 11887.0708  0.280871
  1   0   0 20  5 15  4294.351392944 0.001627912           2    A"  120  4294.6331  0.281707
  3   1   0 15  1 15 11613.788293883 0.008414893           2    A" 1768 11613.5058  0.282494
  3   2   0 20  2 18 12894.699286748 0.002068823           2    A' 2340 12894.4077  0.291587
  0   0   1 20  3 18  1110.286116184 0.000692834          11    A'   11  1109.9945  0.291616
  0   0   1 20  3 17  1110.286315860 0.000692842          11    A"    9  1109.9946  0.291716
  1   1   0 15  1 14  4960.029166078 0.001204165           5    A'  173  4959.7342  0.294966
  2   0   0 10  1  9  7123.153820163 0.000690592           6    A"  398  7123.4561  0.302280
  5   0   0 10  4  6 16669.288714252 0.002029787           1    A' 4572 16668.9852  0.303514
  2   0   0 10  1 10  7122.391495486 0.000690586           5    A'  449  7122.6952  0.303705
  1   0   1 10  3  7  4558.008703966 0.001546097           7    A"  138  4557.6976  0.311104
  1   0   1 10  3  8  4558.008877536 0.001558975           7    A'  157  4557.6976  0.311278
  3   0   0 15  2 14 10511.649738675 0.003026563           7    A' 1210 10511.3372  0.312539
  3   0   0 15  4 11 10722.259760553 0.006016651           7    A" 1410 10721.9425  0.317261
  3   0   0 15  4 12 10722.259767094 0.006016645           7    A' 1272 10721.9425  0.317267
  1   0   1 15  2 13  4526.521859297 0.000881824           4    A"  161  4526.2044  0.317459
  1   0   1 15  2 14  4526.505504821 0.000858886           4    A'  142  4526.1880  0.317505
  2   0   0 15  5 11  7626.043611667 0.001337045           4    A"  568  7625.7188  0.324812
  2   0   0 15  5 10  7626.043668679 0.001337025           4    A'  509  7625.7188  0.324869
  3   1   0 10  1  9 11550.996321801 0.007654229           2    A" 1421 11551.3223  0.325978
  2   0   0 10  0 10  7104.384540201 0.000690586           3    A'  446  7104.7120  0.327460
  3   0   0 15  2 13 10511.666557318 0.003033152           8    A" 1343 10511.3371  0.329457
  0   0   1 15  5 10  1338.286205299 0.000600029          10    A'   12  1337.9487  0.337505
  0   0   1 15  5 11  1338.286211350 0.000600074           8    A"   14  1337.9487  0.337511
  3   1   0 15  0 15 11596.486056966 0.000670834           2    A" 1760 11596.1421  0.343957
  0   0   1 10  6  4  1490.864539653 0.000565737           5    A'   21  1490.5068  0.357740
  0   0   1 10  6  5  1490.864604136 0.000565744           4    A"   17  1490.5068  0.357804
  1   0   0 15  5 10  4205.191357156 0.002105583           3    A'  120  4205.5519  0.360543
  0   0   1 20  4 17  1249.003245877 0.000692890          10    A"   11  1248.6270  0.376246
  0   0   1 20  4 16  1249.003284322 0.000692852          11    A'   13  1248.6270  0.376284
  4   0   0 10  3  7 13633.633942872 0.002019910           9    A" 2277 13634.0193  0.385357
  4   0   0 10  3  8 13633.632967566 0.002019906           7    A' 2546 13634.0193  0.386332
  1   0   1 20  0 20  4538.483702523 0.000926102           5    A'  151  4538.0951  0.388603
  1   0   1 20  1 20  4556.247034266 0.000926077           7    A'  155  4555.8357  0.411334
  1   2   0 20  4 17  6549.988462274 0.006823496           1    A"  336  6550.4019  0.413438
  1   2   0 20  4 16  6549.988436902 0.006823492           1    A'  376  6550.4019  0.413463
  4   0   0 15  2 14 13613.709744258 0.002748281           4    A' 2520 13613.2949  0.414844
  1   0   0 20  4 16  4123.449966229 0.001966485           3    A'  123  4123.8668  0.416834
  1   0   0 10  5  5  4140.760974384 0.002381837           3    A"  114  4141.1798  0.418826
  1   0   1 20  1 19  4559.053872552 0.000926078           5    A"  137  4558.6326  0.421273
  5   0   0 10  5  5 16814.760417199 0.002029793           1    A" 4204 16815.1818  0.421383
  3   0   0 20  5 15 10968.490763777 0.006026616           5    A" 1329 10968.0669  0.423864
  5   0   0 15  4 11 16733.405340838 0.002059131           1    A" 5140 16732.9800  0.425341
  5   0   0 10  5  6 16814.754876867 0.002029795           1    A' 4693 16815.1854  0.430523
  0   1   0 10  5  5  1807.788483381 0.000565716           4    A"   25  1807.3500  0.438483
  1   0   1 15  3 12  4621.927697811 0.001584429           5    A'  148  4621.4892  0.438498
  0   1   0 10  5  6  1807.788499038 0.001058321           3    A'   29  1807.3500  0.438499
  1   0   1 15  3 13  4621.927932570 0.001584452           5    A"  167  4621.4891  0.438833
  2   0   0 20  5 16  7715.086051916 0.001381175           6    A'  568  7714.6456  0.440452
  2   0   0 20  5 15  7715.086073090 0.001381194           6    A"  509  7714.6456  0.440473
  1   1   0 15  0 15  4939.258230478 0.001170477           4    A"  193  4938.8122  0.446030
  4   0   0 10  1  9 13499.166395858 0.002019905           5    A" 2208 13498.7151  0.451296
  3   1   0 20  4 16 11975.503926902 0.002078472           1    A' 1896 11975.9570  0.453073
  0   2   0 20  5 16  3203.398815905 0.001166381           6    A'   72  3203.8551  0.456284
  0   2   0 20  5 15  3203.398866018 0.001166403           6    A"   63  3203.8553  0.456434
  0   0   1 15  6  9  1554.742746460 0.000632483           5    A"   21  1554.2819  0.460846
  0   0   1 15  6 10  1554.742751721 0.000600029           5    A'   17  1554.2819  0.460852
  1   0   1 10  4  7  4691.289827676 0.001546103           4    A"  147  4690.8154  0.474428
  1   0   1 10  4  6  4691.289859084 0.001546098           4    A'  167  4690.8154  0.474459
  2   0   0 10  6  5  7761.444157058 0.001321981           3    A"  495  7760.9659  0.478257
  2   0   0 10  6  4  7761.444193537 0.001306784           3    A'  557  7760.9659  0.478294
  0   0   1 20  5 16  1426.762586776 0.000692891           8    A'   14  1426.2815  0.481087
  0   0   1 20  5 15  1426.762624093 0.000721122           9    A"   12  1426.2815  0.481124
  5   0   0 15  3 12 16618.850142969 0.002059130           1    A' 4566 16618.3643  0.485843
  3   0   0 20  5 16 10968.490755135 0.006026611           5    A' 1474 10968.9828  0.492045
  1   0   1 20  2 18  4615.036757081 0.000926077           6    A'  161  4614.5423  0.494457
  1   0   1 20  2 19  4614.986720429 0.000926101           6    A"  142  4614.4920  0.494720
  0   0   1 10  7  3  1745.522154314 0.000600049           3    A"   23  1745.0254  0.496754
  0   0   1 10  7  4  1745.522206842 0.000600055           3    A'   27  1745.0254  0.496807
  1   0   0 15  4 11  4034.223024519 0.001565276           6    A"  123  4034.7209  0.497875
  3   1   0 20  5 15 12137.681592930 0.002088071           1    A" 1773 12137.1771  0.504493
  3   1   0 20  0 20 11685.257028472 0.001106465           2    A' 1761 11684.7512  0.505828
  3   0   0 10  0 10 10376.804111416 0.003013305           5    A' 1189 10377.3206  0.516489
  1   1   0 10  1 10  4894.384824233 0.001135785           5    A'  184  4893.8623  0.522524
  1   1   0 10  1  9  4895.196857837 0.001135789           5    A"  161  4894.6721  0.524758
  1   0   0 20  3 17  3990.086528248 0.001603143           4    A"  101  3990.6126  0.526072
  1   0   0 20  3 18  3990.084317290 0.003052878           1    A'  115  3990.6124  0.528083
  4   0   0 20  3 17 13786.935595492 0.002078465           8    A" 2573 13787.4794  0.543805
  4   0   0 20  3 18 13786.934820768 0.002068823           6    A' 2844 13787.4794  0.544579
  3   0   0  0  0  0 10322.289537550 0.003000000           1    A'  130 10321.7422  0.547338
  1   0   0 10  4  6  3969.748998712 0.001539494           2    A'  117  3970.3024  0.553401
  2   0   0 15  6  9  7825.729082828 0.001337045           2    A"  607  7825.1705  0.558583
  2   0   0 15  6 10  7825.729089442 0.001337025           2    A'  545  7825.1705  0.558589
  1   1   0 10  4  6  5191.516277740 0.002218112           6    A'  214  5190.9517  0.564578
  1   1   0 10  4  7  5191.516295920 0.002218115           6    A"  188  5190.9517  0.564596
  3   1   0 20  1 20 11701.888535045 0.002068821           1    A' 1771 11702.4565  0.567965
  1   2   0 15  4 12  6461.314503560 0.006814693           2    A'  336  6461.8887  0.574196
  1   2   0 15  4 11  6461.314500114 0.006814697           2    A"  376  6461.8887  0.574200
  0   1   0 15  1 14  1379.239920903 0.001077073           3    A'   14  1379.8152  0.575279
  3   2   0 20  4 17 13119.561525553 0.002078484           2    A" 2221 13118.9839  0.577626
  3   2   0 20  4 16 13119.561503280 0.002078472           2    A' 2457 13118.9838  0.577703
  1   1   0 10  5  6  5368.391788494 0.002227114           3    A'  230  5368.9723  0.580512
  1   1   0 10  5  5  5368.391786674 0.002227110           3    A"  203  5368.9723  0.580513
  3   2   0 10  0 10 12666.710544227 0.002029781           2    A' 2062 12667.2944  0.583856
  3   1   0  0  0  0 11478.001437550 0.002000000           1    A'  172 11478.5864  0.584962
  3   0   0 10  6  4 11006.778283843 0.006009999           4    A' 1398 11006.1933  0.584984
  3   0   0 10  6  5 11006.778265414 0.006013321           4    A" 1247 11006.1909  0.587365
  1   2   0 20  3 18  6406.714874201 0.006823490           1    A'  352  6407.3086  0.593726
  1   2   0 20  3 17  6406.714973677 0.006823491           1    A"  314  6407.3089  0.593926
  0   0   1 15  7  8  1809.333671012 0.000632471           3    A'   23  1808.7343  0.599371
  0   0   1 15  7  9  1809.333674396 0.000632483           3    A"   27  1808.7343  0.599374
  1   0   1 15  4 11  4755.173149509 0.001584452           4    A"  177  4754.5705  0.602650
  1   0   1 15  4 12  4755.173161717 0.001584429           4    A'  157  4754.5705  0.602662
  0   0   1 20  6 15  1643.139740663 0.000721122           5    A"   17  1642.5360  0.603741
  0   0   1 20  6 14  1643.139774794 0.000721123           5    A'   21  1642.5360  0.603775
  1   0   0 20  2 19  3894.570529435 0.001603143           2    A"   95  3895.1748  0.604271
  1   0   0 15  3 12  3900.808906655 0.001590602           2    A'  100  3901.4146  0.605693
  1   0   0 20  2 18  3894.618222117 0.001807791           3    A'  109  3895.2256  0.607378
  1   1   0 10  2  8  4954.347063774 0.001135785           7    A'  193  4953.7392  0.607864
  1   1   0 10  2  9  4954.343778395 0.001153291           6    A"  169  4953.7352  0.608578
  1   1   0 15  1 15  4958.258569402 0.001170477           6    A"  195  4957.6470  0.611569
  1   0   1 20  3 18  4710.382064071 0.000947451           6    A'  167  4709.7673  0.614764
  1   0   1 20  3 17  4710.383682063 0.000947427           6    A"  148  4709.7675  0.616182
  3   1   0 10  3  7 11695.898806474 0.005011986           1    A" 1473 11695.2822  0.616606
  3   1   0 10  3  8 11695.898826759 0.005011986           1    A' 1649 11695.2822  0.616627
  3   0   0 20  4 17 10811.273400793 0.006026610           7    A" 1274 10810.6513  0.622101
  3   0   0 20  4 16 10811.273410385 0.006026609           7    A' 1413 10810.6513  0.622110
  3   1   0 20  3 17 11848.683833677 0.005031901           1    A" 1655 11849.3183  0.634466
  3   1   0 20  3 18 11848.683734201 0.005031900           1    A' 1831 11849.3183  0.634566
  1   2   0 20  2 18  6303.930835507 0.003440934           2    A'  340  6304.5737  0.642864
  0   0   1 10  8  2  2037.763787528 0.000663345           1    A'   35  2037.1150  0.648788
  0   0   1 10  8  3  2037.763821349 0.000632508           1    A"   30  2037.1150  0.648821
  1   0   0 20  1 19  3838.573224808 0.003059415           1    A"   90  3839.2255  0.652275
  1   0   0 20  1 20  3835.757417693 0.001590607           3    A'  103  3836.4133  0.655882
  3   0   0 10  1 10 10394.041855903 0.003013305           5    A' 1197 10393.3800  0.661856
  1   0   0 10  3  7  3836.296252384 0.001526439           2    A"   95  3836.9591  0.662848
  1   1   0 20  0 20  5028.284853962 0.001220663           3    A'  193  5027.6216  0.663254
  4   0   0 20  1 20 13650.588237724 0.002695041           3    A' 2759 13651.2521  0.663862
  3   0   0 10  1  9 10394.828930116 0.003013307           3    A" 1065 10394.1649  0.664030
  1   0   1 10  5  5  4862.080841412 0.001558980           2    A"  159  4861.4074  0.673441
  1   0   1 10  5  6  4862.080848856 0.001558985           2    A'  180  4861.4074  0.673449
  2   0   0 20  6 15  7914.692781444 0.001395571           2    A"  545  7914.0179  0.674881
  2   0   0 20  6 14  7914.692784883 0.001381195           2    A'  607  7914.0179  0.674885
  3   2   0 20  5 16 13287.064822508 0.002097622           2    A' 2551 13287.7415  0.676677
  3   2   0 20  5 15 13287.064800452 0.002088071           2    A" 2306 13287.7415  0.676700
  3   0   0 10  2  8 10447.273165830 0.003019936           6    A' 1213 10447.9542  0.681034
  3   0   0 10  2  9 10447.270277107 0.003013307           6    A" 1080 10447.9542  0.683923
  1   0   0 15  2 13  3805.280818219 0.001577978           3    A"  109  3805.9674  0.686582
  1   0   0 15  2 14  3805.262896645 0.001552445           1    A'   95  3805.9508  0.687903
  1   2   0 10  4  6  6397.233632263 0.006808820           2    A'  349  6397.9267  0.693068
  1   2   0 10  4  7  6397.233622884 0.006808819           2    A"  309  6397.9267  0.693077
  4   0   0 10  1 10 13498.350026062 0.002019903           5    A' 2469 13497.6547  0.695326
  1   1   0 15  2 14  5018.680421302 0.001170506           3    A'  181  5017.9819  0.698521
  1   1   0 15  2 13  5018.699775859 0.001187440           4    A"  205  5018.0010  0.698776
  1   2   0 20  2 19  6303.867372499 0.006823490           2    A"  302  6304.5737  0.706328
  1   1   0 10  3  7  5053.359360053 0.002218111           9    A"  174  5052.6300  0.729360
  1   1   0 10  3  8  5053.359792452 0.002218112           9    A'  198  5052.6299  0.729892
  1   0   0 15  1 14  3748.649104563 0.001552445           2    A'   90  3749.3813  0.732195
  1   1   0 20  1 20  5046.645477316 0.001220663           5    A'  195  5045.9104  0.735077
  1   0   0 15  1 15  3747.036625528 0.001565254           3    A"  103  3747.7724  0.735774
  3   1   0 15  3 12 11760.026404795 0.002049394           1    A' 1654 11759.2889  0.737505
  3   1   0 15  3 13 11760.026386286 0.002049412           1    A" 1830 11759.2888  0.737586
  3   0   0 20  1 20 10546.425451608 0.003046312           5    A' 1323 10547.1667  0.741248
  0   0   1 20  7 14  1897.638361159 0.000721123           2    A'   27  1896.8966  0.741761
  0   0   1 20  7 13  1897.638391520 0.000748341           2    A"   23  1896.8966  0.741792
  1   1   0 15  4 11  5255.786995275 0.002245014           7    A"  229  5255.0441  0.742895
  1   1   0 15  4 12  5255.787000141 0.002244998           7    A'  203  5255.0441  0.742900
  1   1   0 20  1 19  5049.739234552 0.001220664           5    A"  172  5048.9958  0.743435
  3   0   0 15  0 15 10441.187538738 0.003026552           5    A" 1315 10440.4426  0.744939
  1   0   0 10  2  8  3740.731695366 0.001539484           3    A'  104  3741.4767  0.745005
  1   0   0 10  2  9  3740.727493634 0.003013307           1    A"   90  3741.4732  0.745706
  0   0   1 15  8  8  2101.499475298 0.000663351           1    A'   30  2100.7485  0.750975
  0   0   1 15  8  7  2101.499478276 0.000632489           1    A"   35  2100.7485  0.750978
  1   2   0 15  3 13  6317.976942555 0.006814697           2    A"  351  6318.7311  0.754157
  1   2   0 15  3 12  6317.976958882 0.006814691           2    A'  313  6318.7312  0.754241
  4   0   0 15  3 13 13697.939118784 0.002059131           5    A" 2838 13698.6987  0.759581
  3   0   0 15  1 15 10457.968176855 0.003033152           6    A" 1321 10457.2031  0.765077
  3   0   0 15  1 14 10459.684116768 0.003026563           4    A' 1189 10458.9140  0.770117
  3   1   0 10  4  7 11822.684390949 0.002029783           1    A" 1524 11821.9123  0.772091
  3   1   0 10  4  6 11822.684400274 0.002039608           1    A' 1708 11821.9123  0.772100
  4   0   0 15  3 12 13697.937400459 0.002068819           9    A' 2568 13697.1537  0.783700
  1   0   0 10  1 10  3682.925259179 0.001539484           1    A'   99  3683.7158  0.790541
  1   0   0 10  1  9  3683.661844256 0.001526439           2    A"   86  3684.4538  0.791956
  0   2   0 20  6 15  3435.720989217 0.001183392           1    A"   71  3436.5131  0.792111
  0   2   0 20  6 14  3435.720980149 0.001166404           1    A'   81  3436.5131  0.792120
  1   0   1 15  5 11  4925.917889390 0.001584452           1    A"  190  4925.1168  0.801089
  1   0   1 15  5 10  4925.917904999 0.001584435           1    A'  169  4925.1168  0.801105
  3   2   0 15  1 14 12750.617441048 0.007748337           2    A' 2085 12751.4211  0.803659
  1   0   0 10  0 10  3664.126464428 0.001526437           1    A'   98  3664.9364  0.809936
  0   1   0  0  0  0  1238.624734791 0.000400000           2    A'    3  1237.8129  0.811835
  1   1   0 15  3 12  5117.671136859 0.002244998           6    A'  188  5116.8521  0.819037
  1   1   0 15  3 13  5117.671430905 0.002245014           6    A"  212  5116.8520  0.819431
  1   1   0 20  2 18  5107.767040420 0.001236939           7    A'  205  5106.9438  0.823240
  1   1   0 20  2 19  5107.709905503 0.001220681           6    A"  181  5106.8852  0.824706
  5   0   0 20  5 15 16967.695592930 0.002088071           1    A" 4793 16968.5271  0.831507
  4   0   0  0  0  0 13427.397437550 0.002000000           3    A'  260 13426.5654  0.832038
  3   2   0 10  3  8 12836.137090582 0.002029779           2    A' 2140 12836.9786  0.841509
  3   2   0 10  3  7 12836.137081219 0.002019910           2    A" 1913 12836.9787  0.841619
  3   0   0 10  3  7 10535.175831662 0.006006664           6    A" 1106 10534.3323  0.843532
  3   0   0 10  3  8 10535.176567699 0.006009992           6    A' 1240 10534.3323  0.844268
  0   1   0 10  0 10  1293.197600711 0.000489907           6    A'   15  1292.3386  0.859001
  1   0   0  0  0  0  3609.479737550 0.003000000           1    A'   13  3610.3389  0.859162
  3   2   0 15  5 10 13198.737345019 0.002068820           1    A' 2305 13199.6036  0.866255
  3   2   0 15  5 11 13198.737326784 0.002068838           1    A" 2550 13199.6036  0.866273
  0   1   0 10  1 10  1313.526812042 0.000489907           7    A'   16  1312.6588  0.868012
  3   2   0 20  3 17 12988.558320422 0.002078468           2    A" 2159 12987.6894  0.868920
  0   1   0 10  1  9  1314.313724849 0.000489916           5    A"   13  1313.4444  0.869325
  3   0   0 10  5  5 10815.263690671 0.006009993           4    A" 1189 10816.1343  0.870609
  3   0   0 10  5  6 10815.263686847 0.006009995           4    A' 1333 10816.1343  0.870613
  1   2   0 10  3  8  6253.850635582 0.006808818           2    A'  328  6254.7234  0.872764
  1   2   0 10  3  7  6253.850626219 0.006805882           2    A"  290  6254.7234  0.872774
  3   0   0 20  0 20 10530.259785638 0.003046312           4    A' 1316 10529.3670  0.892786
  3   2   0 15  4 12 13031.183638560 0.002937251           2    A' 2221 13032.0785  0.894861
  3   2   0 15  4 11 13031.183635114 0.002956040           2    A" 2455 13032.0785  0.894865
  0   1   0 10  2  8  1376.012594060 0.000529154           5    A'   18  1375.1165  0.896094
  0   1   0 10  2  9  1376.009322513 0.001039239           3    A"   15  1375.1129  0.896423
  5   0   0 20  4 16 16822.101079658 0.002088068           1    A' 5148 16821.1981  0.902980
  0   2   0 15  6 10  3347.074279442 0.001113748           2    A'   71  3347.9790  0.904721
  0   2   0 15  6  9  3347.074272828 0.001113772           2    A"   81  3347.9790  0.904727
  0   1   0 15  0 15  1357.655355086 0.000565699           5    A"   15  1356.7403  0.915055
  3   0   0 20  1 19 10549.423119018 0.003046312           4    A" 1191 10548.5069  0.916219
  0   1   0 15  1 15  1377.524641869 0.000600011           5    A"   16  1376.6014  0.923242
  4   0   0 10  0 10 13481.867170711 0.002019903           4    A' 2462 13480.9438  0.923371
  3   1   0 15  5 10 12049.057345019 0.002068820           1    A' 1772 12049.9928  0.935455
  3   1   0 10  5  6 11985.007407771 0.002029789           1    A' 1770 11984.0682  0.939208
  3   1   0 10  5  5 11985.007417199 0.002029793           1    A" 1580 11984.0682  0.939217
  1   2   0 15  2 14  6215.091144307 0.006814691           2    A'  302  6216.0323  0.941156
  0   1   0 10  3  8  1479.261298365 0.001039240           3    A'   19  1478.3197  0.941598
  0   1   0 10  3  7  1479.261352355 0.000489934           6    A"   16  1478.3197  0.941652
  3   2   0 20  1 19 12839.924594858 0.002078477           1    A" 2088 12840.8668  0.942205
  3   0   0 15  3 12 10599.532430112 0.006016645           6    A' 1236 10598.5890  0.943430
  1   1   0 20  3 17  5206.670753489 0.001236939           9    A"  188  5205.7268  0.943953
  1   1   0 20  3 18  5206.670801335 0.001220668           9    A'  212  5205.7265  0.944301
  3   0   0 15  3 13 10599.533884565 0.003039739           7    A" 1370 10598.5889  0.944985
  3   1   0 15  5 11 12049.047326784 0.002068838           1    A" 1963 12049.9928  0.945473
  1   2   0 15  2 13  6215.106498095 0.006814691           2    A"  339  6216.0543  0.947802
  0   1   0 15  2 14  1440.454561996 0.001095451           3    A'   15  1439.5025  0.952062
  0   1   0 15  2 13  1440.472373529 0.000632468           6    A"   18  1439.5199  0.952474
  1   2   0 20  1 19  6243.575666683 0.003446740           2    A"  293  6244.5424  0.966733
  5   0   0 20  3 17 16707.452807167 0.002078477           1    A" 4575 16708.4209  0.968093
  3   0   0 20  2 18 10600.792677174 0.003046312           6    A' 1343 10599.8176  0.975077
  3   0   0 20  2 19 10600.730895872 0.003046320           7    A" 1210 10599.7550  0.975896
  3   2   0 10  5  6 13134.880562475 0.005011994           1    A' 2290 13135.8573  0.976738
  1   0   1 20  5 16  5014.256955695 0.001621865           2    A'  190  5013.2799  0.977056
  1   0   1 20  5 15  5014.256962920 0.001621881           2    A"  169  5013.2799  0.977063
  4   0   0 20  2 18 13702.802488616 0.002068821           7    A' 2788 13703.7820  0.979511
  0   2   0 10  6  5  3283.014747268 0.001077257           2    A"   68  3284.0012  0.986453
  0   2   0 10  6  4  3283.014739671 0.001077249           2    A'   78  3284.0012  0.986460
  1   1   0 20  4 16  5344.727859612 0.002271567           7    A'  230  5343.7384  0.989460
  1   1   0 20  4 17  5344.727881929 0.002271570           7    A"  204  5343.7384  0.989482
  0   1   0 20  0 20  1446.836354925 0.000663339           5    A'   15  1445.8442  0.992155
  1   1   0 15  5 11  5432.610762231 0.002253889           3    A"  246  5433.6032  0.992438
  1   1   0 15  5 10  5432.610743726 0.002253905           3    A'  219  5433.6032  0.992456
  5   0   0 10  3  7 16554.807355964 0.002019910           1    A" 4012 16555.8011  0.993744
  3   2   0 10  1  9 12686.073821801 0.006005666           2    A" 1850 12685.0773  0.996522
  0   1   0 15  3 13  1543.680511255 0.001095486           3    A"   19  1542.6838  0.996711
  0   1   0 15  3 12  1543.680534378 0.000632469           6    A'   16  1542.6838  0.996734
  0   0   2 20  4 17  1960.931205273 0.001166198           3    A"   25  1959.9341  0.997105
  0   0   2 20  4 16  1960.931213941 0.001148955           3    A'   29  1959.9341  0.997114
  0   1   0 20  1 20  1466.083216933 0.000663339           5    A'   16  1465.0839  0.999317
  3   0   0 10  4  7 10657.938164284 0.006006666           6    A" 1140 10656.9385  0.999664
  3   0   0 10  4  6 10657.938169565 0.006006665           6    A' 1278 10656.9385  0.999670
  0   1   0 10  4  7  1623.338312548 0.001058310           3    A"   20  1622.3364  1.001913
  0   1   0 10  4  6  1623.338374451 0.000565688           4    A'   24  1622.3364  1.001974
  1   2   0 20  1 20  6240.157310625 0.006820559           2    A'  329  6241.1687  1.011389
  0   2   0 20  4 17  3012.057306215 0.001166375           7    A"   54  3013.0699  1.012594
  0   2   0 20  4 16  3012.057283898 0.001166370           7    A'   62  3013.0699  1.012616
  0   2   0 15  5 10  3114.654980762 0.001113748           5    A'   63  3115.6785  1.023519
  0   2   0 15  5 11  3114.654972971 0.001113772           5    A"   72  3115.6785  1.023527
  0   1   0 20  2 19  1529.632976416 0.001148921           3    A"   15  1528.6041  1.028876
  0   1   0 20  2 18  1529.686197314 0.001131384           4    A'   18  1528.6572  1.028997
  3   2   0 10  5  5 13134.880571926 0.005015978           1    A" 2045 13135.9129  1.032328
  4   0   0 15  1 15 13562.216845444 0.002039612           5    A" 2756 13561.1758  1.041045
  4   0   0 20  2 19 13702.734468983 0.002078465           4    A" 2523 13703.7820  1.047531
  0   1   0 15  4 12  1687.715225970 0.001095461           3    A'   20  1686.6587  1.056526
  0   1   0 15  4 11  1687.715278685 0.000600074           6    A"   24  1686.6587  1.056579
  1   2   0 10  2  9  6150.938743347 0.006805881           2    A"  280  6151.9970  1.058257
  1   2   0 10  2  8  6150.942028341 0.006808818           2    A'  317  6152.0015  1.059472
  0   1   0 20  3 17  1632.827680536 0.000692868           5    A"   16  1631.7549  1.072781
  0   1   0 20  3 18  1632.827749684 0.001148921           3    A'   19  1631.7547  1.073050
  3   2   0 20  3 18 12988.558154469 0.002078465           2    A' 2386 12987.4802  1.077954
  4   0   0 15  2 13 13613.735630312 0.002049393           9    A" 2784 13612.6523  1.083330
  3   0   0 20  3 17 10688.596915071 0.003052871           7    A" 1238 10687.5121  1.084815
  3   0   0 20  3 18 10688.597631930 0.003046314           7    A' 1372 10687.5118  1.085832
  1   2   0 20  0 20  6221.082827035 0.003440940           2    A'  326  6222.1752  1.092373
  0   2   0 20  3 17  2862.421504778 0.000761655           6    A"   48  2863.5198  1.098295
  0   2   0 20  3 18  2862.421303256 0.000734935           6    A'   56  2863.5196  1.098297
  0   1   0 15  5 10  1872.107552462 0.000663336           4    A'   25  1871.0066  1.100952
  0   1   0 15  5 11  1872.107557480 0.001095486           3    A"   29  1871.0066  1.100957
  0   2   0 10  5  6  3050.524819988 0.001077235           3    A'   70  3051.6308  1.105980
  0   2   0 10  5  5  3050.524802006 0.001077227           3    A"   61  3051.6308  1.105998
  4   0   0 10  4  7 13751.320286206 0.002029783           5    A" 2331 13750.2074  1.112886
  4   0   0 10  4  6 13751.322920980 0.002019906           7    A' 2605 13750.2074  1.115521
  0   2   0 15  4 12  2923.231792213 0.001113739           4    A'   54  2924.3599  1.128108
  0   2   0 15  4 11  2923.231789977 0.001113772           4    A"   62  2924.3599  1.128110
  0   1   0 20  4 17  1776.802958224 0.001148955           3    A"   20  1775.6709  1.132058
  0   1   0 20  4 16  1776.803003373 0.001148932           4    A'   24  1775.6709  1.132103
  1   2   0 15  1 14  6154.052511048 0.003423461           2    A'  293  6155.1879  1.135389
  0   1   0 10  6  5  2032.063542400 0.000565723           4    A"   29  2030.9066  1.156942
  0   1   0 10  6  4  2032.063630966 0.001077060           3    A'   34  2030.9066  1.157031
  0   2   0 20  2 18  2755.123201707 0.000734928           7    A'   53  2756.2851  1.161898
  0   2   0 20  2 19  2755.062262082 0.000761655           7    A"   46  2756.2244  1.162138
  1   2   0 15  1 15  6152.094238883 0.003429288           2    A"  329  6153.2577  1.163461
  0   2   0 20  1 19  2692.102779896 0.000734928           4    A"   44  2693.3002  1.197420
  4   0   0 20  1 19 13653.683067479 0.002068821           6    A" 2499 13652.4808  1.202267
  0   2   0 20  1 20  2688.824054841 0.000734928           6    A'   51  2690.0305  1.206445
  0   1   0 15  6  9  2096.324085948 0.000600074           5    A"   34  2095.1141  1.209986
  0   1   0 15  6 10  2096.324165069 0.000632526           4    A'   29  2095.1141  1.210065
  0   2   0 10  4  6  2859.044116081 0.001058498           6    A'   61  2860.2555  1.211384
  0   2   0 10  4  7  2859.044110185 0.001058506           6    A"   53  2860.2555  1.211390
  0   2   0 15  3 13  2773.529108482 0.000678319           7    A"   56  2774.7437  1.214592
  0   2   0 15  3 12  2773.528592711 0.000678317           7    A'   48  2774.7438  1.215207
  0   2   0 20  0 20  2668.853729731 0.000734928           4    A'   49  2670.0695  1.215770
  3   2   0 15  0 15 12730.697070532 0.002039612           2    A" 2296 12731.9150  1.217929
  0   1   0 10  7  4  2295.523578417 0.001095465           3    A'   42  2294.2774  1.246178
  0   1   0 10  7  3  2295.523602901 0.001095472           3    A"   36  2294.2774  1.246203
  3   2   0 20  0 20 12819.194007840 0.004455535           2    A' 2298 12820.4461  1.252092
  1   2   0 15  0 15  6132.313757735 0.003429288           2    A"  326  6133.5677  1.253942
  4   0   0 15  5 11 13966.424346348 0.002059130           5    A" 3001 13965.1696  1.254746
  4   0   0 15  5 10 13966.424733226 0.002059148           7    A' 2717 13965.1696  1.255133
  1   2   0 10  1  9  6089.355686801 0.003411747           2    A"  271  6090.6122  1.256513
  3   0   0 20  7 13 11385.026493335 0.006036557           1    A" 1478 11383.7683  1.258193
  3   0   0 20  7 14 11385.026506179 0.006033249           1    A' 1636 11383.7683  1.258206
  0   1   0 20  5 15  1961.196118606 0.001166198           3    A"   25  1959.9341  1.262019
  0   1   0 20  5 16  1961.196127274 0.001148955           3    A'   29  1959.9341  1.262027
  1   1   0 20  5 16  5521.479770776 0.002271573           4    A'  246  5520.2095  1.270271
  1   1   0 20  5 15  5521.479774401 0.002271585           4    A"  219  5520.2095  1.270274
  1   2   0 10  1 10  6088.454181833 0.003411746           2    A'  307  6089.7267  1.272518
  0   2   0 10  3  8  2709.293835069 0.001077221           8    A'   54  2708.0200  1.273835
  0   2   0 15  2 13  2666.154886047 0.000678316           7    A"   53  2667.4342  1.279314
  0   2   0 15  2 14  2666.134922080 0.000648217           6    A'   46  2667.4144  1.279478
  0   1   0 20  6 15  2185.250240549 0.001166198           3    A"   29  2183.9668  1.283441
  0   1   0 20  6 14  2185.250351444 0.000721123           5    A'   34  2183.9668  1.283551
  0   1   0 15  7  9  2359.710428262 0.001095486           3    A"   42  2358.4120  1.298428
  0   1   0 15  7  8  2359.710431845 0.001113561           3    A'   36  2358.4120  1.298432
  0   2   0 10  3  7  2709.293424038 0.001058506           8    A"   47  2710.5925  1.299076
  3   0   0 15  5 11 10879.540775923 0.006016651           5    A" 1472 10878.2346  1.306176
  3   0   0 15  5 10 10879.540785938 0.006016646           5    A' 1328 10878.2346  1.306186
  0   2   0 15  1 14  2602.449746992 0.000648217           6    A'   44  2603.7669  1.317153
  0   2   0 15  1 15  2600.573886676 0.000648163           7    A"   51  2601.8961  1.322213
  4   0   0 20  6 14 14239.073681708 0.008464294           2    A' 3127 14237.7403  1.333382
  0   2   0 15  0 15  2579.924213284 0.000678316           4    A"   49  2581.2576  1.333387
  0   1   0 10  8  3  2597.467726785 0.001113572           3    A"   44  2596.1269  1.340827
  0   1   0 10  8  2  2597.467749014 0.001113579           3    A'   51  2596.1269  1.340849
  0   2   0 10  2  9  2601.870606595 0.000583196           7    A"   45  2603.2346  1.363993
  0   2   0 10  2  8  2601.874276531 0.000583188           8    A'   52  2603.2387  1.364423
  4   0   0 20  4 16 13904.525654579 0.002078472           6    A' 2912 13903.1597  1.365955
  4   0   0 20  4 17 13904.526120078 0.002078468           4    A" 2637 13903.1597  1.366420
  1   2   0 10  0 10  6068.153026481 0.003417603           2    A'  304  6069.5209  1.367874
  0   1   0 20  7 13  2448.534423692 0.001183222           3    A"   36  2447.1635  1.370924
  0   1   0 20  7 14  2448.534432862 0.001166198           3    A'   42  2447.1635  1.370933
  0   1   0 15  8  8  2661.571305205 0.001113579           3    A'   45  2660.1787  1.392605
  0   1   0 15  8  7  2661.571308561 0.001113572           3    A"   52  2660.1787  1.392609
  0   2   0 10  1  9  2537.658468189 0.000583196           6    A"   43  2539.0622  1.403732
  0   2   0 10  1 10  2536.798013134 0.000583188           7    A'   50  2538.2040  1.405987
  0   2   0 10  0 10  2515.645772302 0.000583188           5    A'   48  2517.0645  1.418728
  3   2   0 15  2 14 12806.117523290 0.002059130           2    A' 2114 12807.5522  1.434677
  0   1   0 10  9  2  2937.140950224 0.001131390           1    A'   66  2935.7007  1.440250
  0   1   0 10  9  1  2937.140973474 0.001131397           1    A"   57  2935.7007  1.440273
  3   2   0 15  2 13 12806.134943095 0.002049393           2    A" 2338 12807.5797  1.444757
  1   2   0  0  0  0  6013.836097550 0.003400000           1    A'   36  6015.2929  1.456802
  0   1   0 20  8 12  2750.280041066 0.001183254           3    A'   52  2748.8156  1.464441
  0   1   0 20  8 13  2750.280048936 0.001183222           3    A"   45  2748.8156  1.464449
  0   2   0  0  0  0  2461.223987550 0.000510000           1    A'    7  2462.7137  1.489712
  3   0   0 15  6  9 11071.005987197 0.006016651           3    A" 1550 11069.5074  1.498587
  3   0   0 15  7  9 11296.230003412 0.006023296           1    A" 1632 11294.7308  1.499203
  3   0   0 15  7  8 11296.230008450 0.006023291           1    A' 1475 11294.7308  1.499208
  3   0   0 15  6 10 11071.005984070 0.006016646           3    A' 1398 11069.4816  1.524384
  3   0   0 20  6 14 11159.879119070 0.006029933           2    A' 1551 11158.2223  1.656819
  3   0   0 20  6 15 11159.879122312 0.006029929           2    A" 1399 11158.2223  1.656822
  3   2   0  0  0  0 12612.516437550 0.005000000           1    A'  221 12614.3493  1.832862
  0   0   2 15  4 11  1873.287648148 0.001095486           2    A"   29  1871.0066  2.281048
  0   0   2 15  4 12  1873.287664909 0.001095461           2    A'   25  1871.0066  2.281065